<!doctype html public "-//w3c//dtd html 4.0 transitional//en">
<html><head>
<title>Static Call Graph - [.\Objects\GTAWZ-ZH-02.axf]</title></head>
<body><HR>
<H1>Static Call Graph for image .\Objects\GTAWZ-ZH-02.axf</H1><HR>
<BR><P>#&#060CALLGRAPH&#062# ARM Linker, 5060061: Last Updated: Tue Dec 05 15:16:46 2017
<BR><P>
<H3>Maximum Stack Usage =        400 bytes + Unknown(Functions without stacksize, Cycles, Untraceable Function Pointers)</H3><H3>
Call chain for Maximum Stack Depth:</H3>
PhoneticsMS_Thread &rArr; LD3320_main &rArr; RunASR &rArr; LD_AsrAddFixed &rArr; LD_Check_ASRBusyFlag_b2 &rArr; LD_ReadReg &rArr; spi_send_byte
<P>
<H3>
Functions with no stack information
</H3><UL>
 <LI><a href="#[191]">__user_initial_stackheap</a>
</UL>
</UL>
<P>
<H3>
Mutually Recursive functions
</H3> <LI><a href="#[3ea]">os_error</a>&nbsp;&nbsp;&nbsp;&rArr;&nbsp;&nbsp;&nbsp;<a href="#[3ea]">os_error</a><BR>
 <LI><a href="#[7d]">rt_alloc_box</a>&nbsp;&nbsp;&nbsp;&rArr;&nbsp;&nbsp;&nbsp;<a href="#[7d]">rt_alloc_box</a><BR>
 <LI><a href="#[53]">ADC1_2_IRQHandler</a>&nbsp;&nbsp;&nbsp;&rArr;&nbsp;&nbsp;&nbsp;<a href="#[53]">ADC1_2_IRQHandler</a><BR>
 <LI><a href="#[3b]">BusFault_Handler</a>&nbsp;&nbsp;&nbsp;&rArr;&nbsp;&nbsp;&nbsp;<a href="#[3b]">BusFault_Handler</a><BR>
 <LI><a href="#[3b7]">_EnlargeBlocks</a>&nbsp;&nbsp;&nbsp;&rArr;&nbsp;&nbsp;&nbsp;<a href="#[235]">_Alloc</a><BR>
 <LI><a href="#[39]">HardFault_Handler</a>&nbsp;&nbsp;&nbsp;&rArr;&nbsp;&nbsp;&nbsp;<a href="#[39]">HardFault_Handler</a><BR>
 <LI><a href="#[2dd]">SPI_WriteByte</a>&nbsp;&nbsp;&nbsp;&rArr;&nbsp;&nbsp;&nbsp;<a href="#[2dd]">SPI_WriteByte</a><BR>
 <LI><a href="#[394]">WM__InvalidateRect</a>&nbsp;&nbsp;&nbsp;&rArr;&nbsp;&nbsp;&nbsp;<a href="#[394]">WM__InvalidateRect</a><BR>
 <LI><a href="#[388]">WM_InvalidateWindowAndDescsEx</a>&nbsp;&nbsp;&nbsp;&rArr;&nbsp;&nbsp;&nbsp;<a href="#[388]">WM_InvalidateWindowAndDescsEx</a><BR>
 <LI><a href="#[383]">WM__InvalidateDrawAndDescs</a>&nbsp;&nbsp;&nbsp;&rArr;&nbsp;&nbsp;&nbsp;<a href="#[383]">WM__InvalidateDrawAndDescs</a><BR>
 <LI><a href="#[37f]">WM_SendToParent</a>&nbsp;&nbsp;&nbsp;&rArr;&nbsp;&nbsp;&nbsp;<a href="#[38b]">WM__SendMessage</a><BR>
 <LI><a href="#[3b9]">_Findy1</a>&nbsp;&nbsp;&nbsp;&rArr;&nbsp;&nbsp;&nbsp;<a href="#[3b9]">_Findy1</a><BR>
 <LI><a href="#[3bb]">_Findx1</a>&nbsp;&nbsp;&nbsp;&rArr;&nbsp;&nbsp;&nbsp;<a href="#[3bb]">_Findx1</a><BR>
 <LI><a href="#[3ba]">_Findx0</a>&nbsp;&nbsp;&nbsp;&rArr;&nbsp;&nbsp;&nbsp;<a href="#[3ba]">_Findx0</a><BR>
 <LI><a href="#[b2]">LEDArrayCM_Thread</a>&nbsp;&nbsp;&nbsp;&rArr;&nbsp;&nbsp;&nbsp;<a href="#[b2]">LEDArrayCM_Thread</a><BR>
 <LI><a href="#[3a]">MemManage_Handler</a>&nbsp;&nbsp;&nbsp;&rArr;&nbsp;&nbsp;&nbsp;<a href="#[3a]">MemManage_Handler</a><BR>
 <LI><a href="#[20f]">Delay_</a>&nbsp;&nbsp;&nbsp;&rArr;&nbsp;&nbsp;&nbsp;<a href="#[20f]">Delay_</a><BR>
 <LI><a href="#[3c]">UsageFault_Handler</a>&nbsp;&nbsp;&nbsp;&rArr;&nbsp;&nbsp;&nbsp;<a href="#[3c]">UsageFault_Handler</a><BR>
 <LI><a href="#[c3]">flash_PST_Thread</a>&nbsp;&nbsp;&nbsp;&rArr;&nbsp;&nbsp;&nbsp;<a href="#[c3]">flash_PST_Thread</a><BR>
 <LI><a href="#[c2]">flash_SPY_Thread</a>&nbsp;&nbsp;&nbsp;&rArr;&nbsp;&nbsp;&nbsp;<a href="#[c2]">flash_SPY_Thread</a><BR>
 <LI><a href="#[ac]">os_idle_demon</a>&nbsp;&nbsp;&nbsp;&rArr;&nbsp;&nbsp;&nbsp;<a href="#[ac]">os_idle_demon</a><BR>
 <LI><a href="#[367]">USART_Send</a>&nbsp;&nbsp;&nbsp;&rArr;&nbsp;&nbsp;&nbsp;<a href="#[366]">USART_Receive</a><BR>
 <LI><a href="#[2d3]">opt_delay</a>&nbsp;&nbsp;&nbsp;&rArr;&nbsp;&nbsp;&nbsp;<a href="#[2d3]">opt_delay</a><BR>
 <LI><a href="#[2cc]">LCD5510_Fill</a>&nbsp;&nbsp;&nbsp;&rArr;&nbsp;&nbsp;&nbsp;<a href="#[2cc]">LCD5510_Fill</a><BR>
</UL>
<P>
<H3>
Function Pointers
</H3><UL>
 <LI><a href="#[53]">ADC1_2_IRQHandler</a> from startup_stm32f10x_hd.o(.text) referenced from startup_stm32f10x_hd.o(RESET)
 <LI><a href="#[70]">ADC3_IRQHandler</a> from startup_stm32f10x_hd.o(.text) referenced from startup_stm32f10x_hd.o(RESET)
 <LI><a href="#[e]">BMP180MS</a> from bmp180.o(i.BMP180MS) referenced 2 times from bsp.o(.data)
 <LI><a href="#[b5]">BMP180MS_Thread</a> from bmp180.o(i.BMP180MS_Thread) referenced from bmp180.o(.constdata)
 <LI><a href="#[24]">BMP180_Init</a> from bmp180.o(i.BMP180_Init) referenced 2 times from bsp.o(.data)
 <LI><a href="#[3b]">BusFault_Handler</a> from stm32f10x_it.o(i.BusFault_Handler) referenced from startup_stm32f10x_hd.o(RESET)
 <LI><a href="#[56]">CAN1_RX1_IRQHandler</a> from can_stm32f10x.o(i.CAN1_RX1_IRQHandler) referenced from startup_stm32f10x_hd.o(RESET)
 <LI><a href="#[57]">CAN1_SCE_IRQHandler</a> from can_stm32f10x.o(i.CAN1_SCE_IRQHandler) referenced from startup_stm32f10x_hd.o(RESET)
 <LI><a href="#[13]">Curtain</a> from curtain.o(i.Curtain) referenced 2 times from bsp.o(.data)
 <LI><a href="#[83]">CurtainCM_CLK_Thread</a> from curtain.o(i.CurtainCM_CLK_Thread) referenced from curtain.o(.constdata)
 <LI><a href="#[83]">CurtainCM_CLK_Thread</a> from curtain.o(i.CurtainCM_CLK_Thread) referenced from curtain.o(i.Curtain)
 <LI><a href="#[cc]">CurtainCM_Thread</a> from curtain.o(i.CurtainCM_Thread) referenced from curtain.o(.constdata)
 <LI><a href="#[29]">Curtain_Init</a> from curtain.o(i.Curtain_Init) referenced 2 times from bsp.o(.data)
 <LI><a href="#[4c]">DMA1_Channel1_IRQHandler</a> from dma_stm32f10x.o(i.DMA1_Channel1_IRQHandler) referenced from startup_stm32f10x_hd.o(RESET)
 <LI><a href="#[4d]">DMA1_Channel2_IRQHandler</a> from dma_stm32f10x.o(i.DMA1_Channel2_IRQHandler) referenced from startup_stm32f10x_hd.o(RESET)
 <LI><a href="#[4e]">DMA1_Channel3_IRQHandler</a> from dma_stm32f10x.o(i.DMA1_Channel3_IRQHandler) referenced from startup_stm32f10x_hd.o(RESET)
 <LI><a href="#[4f]">DMA1_Channel4_IRQHandler</a> from dma_stm32f10x.o(i.DMA1_Channel4_IRQHandler) referenced from startup_stm32f10x_hd.o(RESET)
 <LI><a href="#[50]">DMA1_Channel5_IRQHandler</a> from dma_stm32f10x.o(i.DMA1_Channel5_IRQHandler) referenced from startup_stm32f10x_hd.o(RESET)
 <LI><a href="#[51]">DMA1_Channel6_IRQHandler</a> from dma_stm32f10x.o(i.DMA1_Channel6_IRQHandler) referenced from startup_stm32f10x_hd.o(RESET)
 <LI><a href="#[52]">DMA1_Channel7_IRQHandler</a> from dma_stm32f10x.o(i.DMA1_Channel7_IRQHandler) referenced from startup_stm32f10x_hd.o(RESET)
 <LI><a href="#[79]">DMA2_Channel1_IRQHandler</a> from dma_stm32f10x.o(i.DMA2_Channel1_IRQHandler) referenced from startup_stm32f10x_hd.o(RESET)
 <LI><a href="#[7a]">DMA2_Channel2_IRQHandler</a> from dma_stm32f10x.o(i.DMA2_Channel2_IRQHandler) referenced from startup_stm32f10x_hd.o(RESET)
 <LI><a href="#[7b]">DMA2_Channel3_IRQHandler</a> from dma_stm32f10x.o(i.DMA2_Channel3_IRQHandler) referenced from startup_stm32f10x_hd.o(RESET)
 <LI><a href="#[7c]">DMA2_Channel4_5_IRQHandler</a> from dma_stm32f10x.o(i.DMA2_Channel4_5_IRQHandler) referenced from startup_stm32f10x_hd.o(RESET)
 <LI><a href="#[3e]">DebugMon_Handler</a> from stm32f10x_it.o(i.DebugMon_Handler) referenced from startup_stm32f10x_hd.o(RESET)
 <LI><a href="#[47]">EXTI0_IRQHandler</a> from startup_stm32f10x_hd.o(.text) referenced from startup_stm32f10x_hd.o(RESET)
 <LI><a href="#[69]">EXTI15_10_IRQHandler</a> from ld3320.o(i.EXTI15_10_IRQHandler) referenced from startup_stm32f10x_hd.o(RESET)
 <LI><a href="#[48]">EXTI1_IRQHandler</a> from startup_stm32f10x_hd.o(.text) referenced from startup_stm32f10x_hd.o(RESET)
 <LI><a href="#[49]">EXTI2_IRQHandler</a> from startup_stm32f10x_hd.o(.text) referenced from startup_stm32f10x_hd.o(RESET)
 <LI><a href="#[4a]">EXTI3_IRQHandler</a> from startup_stm32f10x_hd.o(.text) referenced from startup_stm32f10x_hd.o(RESET)
 <LI><a href="#[4b]">EXTI4_IRQHandler</a> from startup_stm32f10x_hd.o(.text) referenced from startup_stm32f10x_hd.o(RESET)
 <LI><a href="#[58]">EXTI9_5_IRQHandler</a> from startup_stm32f10x_hd.o(.text) referenced from startup_stm32f10x_hd.o(RESET)
 <LI><a href="#[45]">FLASH_IRQHandler</a> from startup_stm32f10x_hd.o(.text) referenced from startup_stm32f10x_hd.o(RESET)
 <LI><a href="#[71]">FSMC_IRQHandler</a> from startup_stm32f10x_hd.o(.text) referenced from startup_stm32f10x_hd.o(RESET)
 <LI><a href="#[8b]">GT9147_Scan</a> from touch.o(i.GT9147_Scan) referenced from touch.o(i.TP_Init)
 <LI><a href="#[147]">GUIMONO_DispChar</a> from gui_charm.o(i.GUIMONO_DispChar) referenced from f6x8.o(.constdata)
 <LI><a href="#[148]">GUIMONO_GetCharDistX</a> from gui_charm.o(i.GUIMONO_GetCharDistX) referenced from f6x8.o(.constdata)
 <LI><a href="#[149]">GUIMONO_GetFontInfo</a> from gui_charm.o(i.GUIMONO_GetFontInfo) referenced from f6x8.o(.constdata)
 <LI><a href="#[14a]">GUIMONO_IsInFont</a> from gui_charm.o(i.GUIMONO_IsInFont) referenced from f6x8.o(.constdata)
 <LI><a href="#[11f]">GUIPROP_DispChar</a> from gui_charp.o(i.GUIPROP_DispChar) referenced from f8x16_ascii.o(.constdata)
 <LI><a href="#[120]">GUIPROP_GetCharDistX</a> from gui_charp.o(i.GUIPROP_GetCharDistX) referenced from f8x16_ascii.o(.constdata)
 <LI><a href="#[121]">GUIPROP_GetFontInfo</a> from gui_charp.o(i.GUIPROP_GetFontInfo) referenced from f8x16_ascii.o(.constdata)
 <LI><a href="#[122]">GUIPROP_IsInFont</a> from gui_charp.o(i.GUIPROP_IsInFont) referenced from f8x16_ascii.o(.constdata)
 <LI><a href="#[98]">GUI_MEMDEV__WriteToActiveOpaque</a> from guidev_writetoactiveopaque.o(i.GUI_MEMDEV__WriteToActiveOpaque) referenced from guidev_16.o(i._GetDevFunc)
 <LI><a href="#[257]">GUI_SetAlpha</a> from gui_setalpha.o(i.GUI_SetAlpha) referenced from gui_setalpha.o(i.GUI_SetAlpha)
 <LI><a href="#[36]">GUI_X_ExecIdle</a> from gui_x_ex.o(i.GUI_X_ExecIdle) referenced 2 times from gui_waitevent.o(.data)
 <LI><a href="#[39]">HardFault_Handler</a> from stm32f10x_it.o(i.HardFault_Handler) referenced from startup_stm32f10x_hd.o(RESET)
 <LI><a href="#[61]">I2C1_ER_IRQHandler</a> from startup_stm32f10x_hd.o(.text) referenced from startup_stm32f10x_hd.o(RESET)
 <LI><a href="#[60]">I2C1_EV_IRQHandler</a> from startup_stm32f10x_hd.o(.text) referenced from startup_stm32f10x_hd.o(RESET)
 <LI><a href="#[63]">I2C2_ER_IRQHandler</a> from startup_stm32f10x_hd.o(.text) referenced from startup_stm32f10x_hd.o(RESET)
 <LI><a href="#[62]">I2C2_EV_IRQHandler</a> from startup_stm32f10x_hd.o(.text) referenced from startup_stm32f10x_hd.o(RESET)
 <LI><a href="#[5]">KeyBoardMS</a> from keyboard.o(i.KeyBoardMS) referenced 2 times from bsp.o(.data)
 <LI><a href="#[b7]">KeyBoardMS_Thread</a> from keyboard.o(i.KeyBoardMS_Thread) referenced from keyboard.o(.constdata)
 <LI><a href="#[b1]">LCD144_Thread</a> from lcd_1.44.o(i.LCD144_Thread) referenced from lcd_1.44.o(.constdata)
 <LI><a href="#[87]">LCD4_3_GUICLK_Thread</a> from lcd4.3main.o(i.LCD4_3_GUICLK_Thread) referenced from lcd4.3main.o(.constdata)
 <LI><a href="#[87]">LCD4_3_GUICLK_Thread</a> from lcd4.3main.o(i.LCD4_3_GUICLK_Thread) referenced from lcd4.3main.o(i.LCD4_3_Main)
 <LI><a href="#[27]">LCD4_3_Init</a> from lcd4.3main.o(i.LCD4_3_Init) referenced 2 times from bsp.o(.data)
 <LI><a href="#[11]">LCD4_3_Main</a> from lcd4.3main.o(i.LCD4_3_Main) referenced 2 times from bsp.o(.data)
 <LI><a href="#[f5]">LCD4_3_Thread</a> from lcd4.3main.o(i.LCD4_3_Thread) referenced from lcd4.3main.o(.constdata)
 <LI><a href="#[104]">LCD_DrawHLine</a> from lcd.o(i.LCD_DrawHLine) referenced from gui_core.o(.constdata)
 <LI><a href="#[105]">LCD_DrawPixel</a> from lcd.o(i.LCD_DrawPixel) referenced from gui_core.o(.constdata)
 <LI><a href="#[34]">LCD_GetpPalConvTableBM</a> from lcd_color.o(i.LCD_GetpPalConvTableBM) referenced 2 times from gui_core.o(.data)
 <LI><a href="#[11b]">LCD_Index2Color_M565</a> from guicc_m565.o(i.LCD_Index2Color_M565) referenced from guicc_m565.o(.constdata)
 <LI><a href="#[10]">LEDArrayCM</a> from led_array.o(i.LEDArrayCM) referenced 2 times from bsp.o(.data)
 <LI><a href="#[b2]">LEDArrayCM_Thread</a> from led_array.o(i.LEDArrayCM_Thread) referenced from led_array.o(.constdata)
 <LI><a href="#[26]">LEDArray_Init</a> from led_array.o(i.LEDArray_Init) referenced 2 times from bsp.o(.data)
 <LI><a href="#[17]">LEDGrow</a> from ledgrow.o(i.LEDGrow) referenced 2 times from bsp.o(.data)
 <LI><a href="#[c5]">LEDGrowCM_DB_Thread</a> from ledgrow.o(i.LEDGrowCM_DB_Thread) referenced from ledgrow.o(.constdata)
 <LI><a href="#[c4]">LEDGrowCM_Thread</a> from ledgrow.o(i.LEDGrowCM_Thread) referenced from ledgrow.o(.constdata)
 <LI><a href="#[2d]">LEDGrow_Init</a> from ledgrow.o(i.LEDGrow_Init) referenced 2 times from bsp.o(.data)
 <LI><a href="#[14]">LEDSpray</a> from ledspray.o(i.LEDSpray) referenced 2 times from bsp.o(.data)
 <LI><a href="#[c1]">LEDSprayCM_DB_Thread</a> from ledspray.o(i.LEDSprayCM_DB_Thread) referenced from ledspray.o(.constdata)
 <LI><a href="#[c0]">LEDSprayCM_Thread</a> from ledspray.o(i.LEDSprayCM_Thread) referenced from ledspray.o(.constdata)
 <LI><a href="#[2a]">LEDSpray_Init</a> from ledspray.o(i.LEDSpray_Init) referenced 2 times from bsp.o(.data)
 <LI><a href="#[3a]">MemManage_Handler</a> from stm32f10x_it.o(i.MemManage_Handler) referenced from startup_stm32f10x_hd.o(RESET)
 <LI><a href="#[38]">NMI_Handler</a> from stm32f10x_it.o(i.NMI_Handler) referenced from startup_stm32f10x_hd.o(RESET)
 <LI><a href="#[8a]">OTT2001A_Scan</a> from touch.o(i.OTT2001A_Scan) referenced from touch.o(i.TP_Init)
 <LI><a href="#[42]">PVD_IRQHandler</a> from startup_stm32f10x_hd.o(.text) referenced from startup_stm32f10x_hd.o(RESET)
 <LI><a href="#[3f]">PendSV_Handler</a> from hal_cm3.o(.emb_text) referenced from startup_stm32f10x_hd.o(RESET)
 <LI><a href="#[7]">Phonetics</a> from ld3320.o(i.Phonetics) referenced 2 times from bsp.o(.data)
 <LI><a href="#[be]">PhoneticsMS_Thread</a> from ld3320.o(i.PhoneticsMS_Thread) referenced from ld3320.o(.constdata)
 <LI><a href="#[1d]">Phonetics_Init</a> from ld3320.o(i.Phonetics_Init) referenced 2 times from bsp.o(.data)
 <LI><a href="#[ca]">PowDetect_Thread</a> from sourcetog.o(i.PowDetect_Thread) referenced from sourcetog.o(.constdata)
 <LI><a href="#[c]">RAINMS</a> from sensor_rain.o(i.RAINMS) referenced 2 times from bsp.o(.data)
 <LI><a href="#[b9]">RAINMS_Thread</a> from sensor_rain.o(i.RAINMS_Thread) referenced from sensor_rain.o(.constdata)
 <LI><a href="#[22]">RAIN_Init</a> from sensor_rain.o(i.RAIN_Init) referenced 2 times from bsp.o(.data)
 <LI><a href="#[6]">RC522</a> from rc522_function.o(i.RC522) referenced 2 times from bsp.o(.data)
 <LI><a href="#[ba]">RC522MS_Thread</a> from rc522_function.o(i.RC522MS_Thread) referenced from rc522_function.o(.constdata)
 <LI><a href="#[1c]">RC522_Init</a> from rc522_config.o(i.RC522_Init) referenced 2 times from bsp.o(.data)
 <LI><a href="#[46]">RCC_IRQHandler</a> from startup_stm32f10x_hd.o(.text) referenced from startup_stm32f10x_hd.o(RESET)
 <LI><a href="#[6a]">RTCAlarm_IRQHandler</a> from startup_stm32f10x_hd.o(.text) referenced from startup_stm32f10x_hd.o(RESET)
 <LI><a href="#[44]">RTC_IRQHandler</a> from startup_stm32f10x_hd.o(.text) referenced from startup_stm32f10x_hd.o(RESET)
 <LI><a href="#[b]">RTMS</a> from sensor_rt.o(i.RTMS) referenced 2 times from bsp.o(.data)
 <LI><a href="#[b8]">RTMS_Thread</a> from sensor_rt.o(i.RTMS_Thread) referenced from sensor_rt.o(.constdata)
 <LI><a href="#[21]">RT_Init</a> from sensor_rt.o(i.RT_Init) referenced 2 times from bsp.o(.data)
 <LI><a href="#[37]">Reset_Handler</a> from startup_stm32f10x_hd.o(.text) referenced from startup_stm32f10x_hd.o(RESET)
 <LI><a href="#[72]">SDIO_IRQHandler</a> from startup_stm32f10x_hd.o(.text) referenced from startup_stm32f10x_hd.o(RESET)
 <LI><a href="#[d]">SHT11MS</a> from sht11.o(i.SHT11MS) referenced 2 times from bsp.o(.data)
 <LI><a href="#[b3]">SHT11MS_Thread</a> from sht11.o(i.SHT11MS_Thread) referenced from sht11.o(.constdata)
 <LI><a href="#[23]">SHT11_Init</a> from sht11.o(i.SHT11_Init) referenced 2 times from bsp.o(.data)
 <LI><a href="#[64]">SPI1_IRQHandler</a> from startup_stm32f10x_hd.o(.text) referenced from startup_stm32f10x_hd.o(RESET)
 <LI><a href="#[65]">SPI2_IRQHandler</a> from startup_stm32f10x_hd.o(.text) referenced from startup_stm32f10x_hd.o(RESET)
 <LI><a href="#[74]">SPI3_IRQHandler</a> from startup_stm32f10x_hd.o(.text) referenced from startup_stm32f10x_hd.o(RESET)
 <LI><a href="#[3d]">SVC_Handler</a> from hal_cm3.o(.emb_text) referenced from startup_stm32f10x_hd.o(RESET)
 <LI><a href="#[b6]">SenSimMS_Thread</a> from sensorsim.o(i.SenSimMS_Thread) referenced from sensorsim.o(.constdata)
 <LI><a href="#[8]">SensorSIMMS</a> from sensorsim.o(i.SensorSIMMS) referenced 2 times from bsp.o(.data)
 <LI><a href="#[1e]">SensorSIM_Init</a> from sensorsim.o(i.SensorSIM_Init) referenced 2 times from bsp.o(.data)
 <LI><a href="#[c9]">SouTogCM_Thread</a> from sourcetog.o(i.SouTogCM_Thread) referenced from sourcetog.o(.constdata)
 <LI><a href="#[18]">SourceTogCM</a> from sourcetog.o(i.SourceTogCM) referenced 2 times from bsp.o(.data)
 <LI><a href="#[2e]">SourceTog_Init</a> from sourcetog.o(i.SourceTog_Init) referenced 2 times from bsp.o(.data)
 <LI><a href="#[40]">SysTick_Handler</a> from hal_cm3.o(.emb_text) referenced from startup_stm32f10x_hd.o(RESET)
 <LI><a href="#[7f]">SystemInit</a> from system_stm32f10x.o(i.SystemInit) referenced from startup_stm32f10x_hd.o(.text)
 <LI><a href="#[43]">TAMPER_IRQHandler</a> from startup_stm32f10x_hd.o(.text) referenced from startup_stm32f10x_hd.o(RESET)
 <LI><a href="#[59]">TIM1_BRK_IRQHandler</a> from startup_stm32f10x_hd.o(.text) referenced from startup_stm32f10x_hd.o(RESET)
 <LI><a href="#[5c]">TIM1_CC_IRQHandler</a> from startup_stm32f10x_hd.o(.text) referenced from startup_stm32f10x_hd.o(RESET)
 <LI><a href="#[5b]">TIM1_TRG_COM_IRQHandler</a> from startup_stm32f10x_hd.o(.text) referenced from startup_stm32f10x_hd.o(RESET)
 <LI><a href="#[5a]">TIM1_UP_IRQHandler</a> from startup_stm32f10x_hd.o(.text) referenced from startup_stm32f10x_hd.o(RESET)
 <LI><a href="#[5d]">TIM2_IRQHandler</a> from startup_stm32f10x_hd.o(.text) referenced from startup_stm32f10x_hd.o(RESET)
 <LI><a href="#[5e]">TIM3_IRQHandler</a> from startup_stm32f10x_hd.o(.text) referenced from startup_stm32f10x_hd.o(RESET)
 <LI><a href="#[5f]">TIM4_IRQHandler</a> from startup_stm32f10x_hd.o(.text) referenced from startup_stm32f10x_hd.o(RESET)
 <LI><a href="#[73]">TIM5_IRQHandler</a> from startup_stm32f10x_hd.o(.text) referenced from startup_stm32f10x_hd.o(RESET)
 <LI><a href="#[77]">TIM6_IRQHandler</a> from startup_stm32f10x_hd.o(.text) referenced from startup_stm32f10x_hd.o(RESET)
 <LI><a href="#[78]">TIM7_IRQHandler</a> from startup_stm32f10x_hd.o(.text) referenced from startup_stm32f10x_hd.o(RESET)
 <LI><a href="#[6c]">TIM8_BRK_IRQHandler</a> from startup_stm32f10x_hd.o(.text) referenced from startup_stm32f10x_hd.o(RESET)
 <LI><a href="#[6f]">TIM8_CC_IRQHandler</a> from startup_stm32f10x_hd.o(.text) referenced from startup_stm32f10x_hd.o(RESET)
 <LI><a href="#[6e]">TIM8_TRG_COM_IRQHandler</a> from startup_stm32f10x_hd.o(.text) referenced from startup_stm32f10x_hd.o(RESET)
 <LI><a href="#[6d]">TIM8_UP_IRQHandler</a> from startup_stm32f10x_hd.o(.text) referenced from startup_stm32f10x_hd.o(RESET)
 <LI><a href="#[33]">TP_Adjust</a> from touch.o(i.TP_Adjust) referenced 2 times from touch.o(.data)
 <LI><a href="#[31]">TP_Init</a> from touch.o(i.TP_Init) referenced 2 times from touch.o(.data)
 <LI><a href="#[32]">TP_Scan</a> from touch.o(i.TP_Scan) referenced 2 times from touch.o(.data)
 <LI><a href="#[9]">TSL2561MS</a> from tsl2561.o(i.TSL2561MS) referenced 2 times from bsp.o(.data)
 <LI><a href="#[b4]">TSL2561MS_Thread</a> from tsl2561.o(i.TSL2561MS_Thread) referenced from tsl2561.o(.constdata)
 <LI><a href="#[1f]">TSL2561_Init</a> from tsl2561.o(i.TSL2561_Init) referenced 2 times from bsp.o(.data)
 <LI><a href="#[89]">TaskLAdisp</a> from led_array.o(i.TaskLAdisp) referenced from led_array.o(.constdata)
 <LI><a href="#[89]">TaskLAdisp</a> from led_array.o(i.TaskLAdisp) referenced from led_array.o(i.LEDArrayCM)
 <LI><a href="#[75]">UART4_IRQHandler</a> from usart_stm32f10x.o(i.UART4_IRQHandler) referenced from startup_stm32f10x_hd.o(RESET)
 <LI><a href="#[76]">UART5_IRQHandler</a> from startup_stm32f10x_hd.o(.text) referenced from startup_stm32f10x_hd.o(RESET)
 <LI><a href="#[af]">USART1Debug_Thread</a> from wirelesstrans_usart.o(i.USART1Debug_Thread) referenced from wirelesstrans_usart.o(.constdata)
 <LI><a href="#[d7]">USART1_Control</a> from usart_stm32f10x.o(i.USART1_Control) referenced from usart_stm32f10x.o(.constdata)
 <LI><a href="#[ce]">USART1_GetCapabilities</a> from usart_stm32f10x.o(i.USART1_GetCapabilities) referenced from usart_stm32f10x.o(.constdata)
 <LI><a href="#[da]">USART1_GetModemStatus</a> from usart_stm32f10x.o(i.USART1_GetModemStatus) referenced from usart_stm32f10x.o(.constdata)
 <LI><a href="#[d6]">USART1_GetRxCount</a> from usart_stm32f10x.o(i.USART1_GetRxCount) referenced from usart_stm32f10x.o(.constdata)
 <LI><a href="#[d8]">USART1_GetStatus</a> from usart_stm32f10x.o(i.USART1_GetStatus) referenced from usart_stm32f10x.o(.constdata)
 <LI><a href="#[d5]">USART1_GetTxCount</a> from usart_stm32f10x.o(i.USART1_GetTxCount) referenced from usart_stm32f10x.o(.constdata)
 <LI><a href="#[66]">USART1_IRQHandler</a> from usart_stm32f10x.o(i.USART1_IRQHandler) referenced from startup_stm32f10x_hd.o(RESET)
 <LI><a href="#[cf]">USART1_Initialize</a> from usart_stm32f10x.o(i.USART1_Initialize) referenced from usart_stm32f10x.o(.constdata)
 <LI><a href="#[d1]">USART1_PowerControl</a> from usart_stm32f10x.o(i.USART1_PowerControl) referenced from usart_stm32f10x.o(.constdata)
 <LI><a href="#[d3]">USART1_Receive</a> from usart_stm32f10x.o(i.USART1_Receive) referenced from usart_stm32f10x.o(.constdata)
 <LI><a href="#[d2]">USART1_Send</a> from usart_stm32f10x.o(i.USART1_Send) referenced from usart_stm32f10x.o(.constdata)
 <LI><a href="#[d9]">USART1_SetModemControl</a> from usart_stm32f10x.o(i.USART1_SetModemControl) referenced from usart_stm32f10x.o(.constdata)
 <LI><a href="#[d4]">USART1_Transfer</a> from usart_stm32f10x.o(i.USART1_Transfer) referenced from usart_stm32f10x.o(.constdata)
 <LI><a href="#[d0]">USART1_Uninitialize</a> from usart_stm32f10x.o(i.USART1_Uninitialize) referenced from usart_stm32f10x.o(.constdata)
 <LI><a href="#[b0]">USART2Trans_Thread</a> from wirelesstrans_usart.o(i.USART2Trans_Thread) referenced from wirelesstrans_usart.o(.constdata)
 <LI><a href="#[e4]">USART2_Control</a> from usart_stm32f10x.o(i.USART2_Control) referenced from usart_stm32f10x.o(.constdata)
 <LI><a href="#[db]">USART2_GetCapabilities</a> from usart_stm32f10x.o(i.USART2_GetCapabilities) referenced from usart_stm32f10x.o(.constdata)
 <LI><a href="#[e7]">USART2_GetModemStatus</a> from usart_stm32f10x.o(i.USART2_GetModemStatus) referenced from usart_stm32f10x.o(.constdata)
 <LI><a href="#[e3]">USART2_GetRxCount</a> from usart_stm32f10x.o(i.USART2_GetRxCount) referenced from usart_stm32f10x.o(.constdata)
 <LI><a href="#[e5]">USART2_GetStatus</a> from usart_stm32f10x.o(i.USART2_GetStatus) referenced from usart_stm32f10x.o(.constdata)
 <LI><a href="#[e2]">USART2_GetTxCount</a> from usart_stm32f10x.o(i.USART2_GetTxCount) referenced from usart_stm32f10x.o(.constdata)
 <LI><a href="#[67]">USART2_IRQHandler</a> from usart_stm32f10x.o(i.USART2_IRQHandler) referenced from startup_stm32f10x_hd.o(RESET)
 <LI><a href="#[dc]">USART2_Initialize</a> from usart_stm32f10x.o(i.USART2_Initialize) referenced from usart_stm32f10x.o(.constdata)
 <LI><a href="#[de]">USART2_PowerControl</a> from usart_stm32f10x.o(i.USART2_PowerControl) referenced from usart_stm32f10x.o(.constdata)
 <LI><a href="#[e0]">USART2_Receive</a> from usart_stm32f10x.o(i.USART2_Receive) referenced from usart_stm32f10x.o(.constdata)
 <LI><a href="#[df]">USART2_Send</a> from usart_stm32f10x.o(i.USART2_Send) referenced from usart_stm32f10x.o(.constdata)
 <LI><a href="#[e6]">USART2_SetModemControl</a> from usart_stm32f10x.o(i.USART2_SetModemControl) referenced from usart_stm32f10x.o(.constdata)
 <LI><a href="#[e1]">USART2_Transfer</a> from usart_stm32f10x.o(i.USART2_Transfer) referenced from usart_stm32f10x.o(.constdata)
 <LI><a href="#[dd]">USART2_Uninitialize</a> from usart_stm32f10x.o(i.USART2_Uninitialize) referenced from usart_stm32f10x.o(.constdata)
 <LI><a href="#[68]">USART3_IRQHandler</a> from startup_stm32f10x_hd.o(.text) referenced from startup_stm32f10x_hd.o(RESET)
 <LI><a href="#[1a]">USART4ElecMeter</a> from elecmeter.o(i.USART4ElecMeter) referenced 2 times from bsp.o(.data)
 <LI><a href="#[30]">USART4ElecMeter_Init</a> from elecmeter.o(i.USART4ElecMeter_Init) referenced 2 times from bsp.o(.data)
 <LI><a href="#[bf]">USART4ElecMeter_Thread</a> from elecmeter.o(i.USART4ElecMeter_Thread) referenced from elecmeter.o(.constdata)
 <LI><a href="#[f1]">USART4_Control</a> from usart_stm32f10x.o(i.USART4_Control) referenced from usart_stm32f10x.o(.constdata)
 <LI><a href="#[e8]">USART4_GetCapabilities</a> from usart_stm32f10x.o(i.USART4_GetCapabilities) referenced from usart_stm32f10x.o(.constdata)
 <LI><a href="#[f4]">USART4_GetModemStatus</a> from usart_stm32f10x.o(i.USART4_GetModemStatus) referenced from usart_stm32f10x.o(.constdata)
 <LI><a href="#[f0]">USART4_GetRxCount</a> from usart_stm32f10x.o(i.USART4_GetRxCount) referenced from usart_stm32f10x.o(.constdata)
 <LI><a href="#[f2]">USART4_GetStatus</a> from usart_stm32f10x.o(i.USART4_GetStatus) referenced from usart_stm32f10x.o(.constdata)
 <LI><a href="#[ef]">USART4_GetTxCount</a> from usart_stm32f10x.o(i.USART4_GetTxCount) referenced from usart_stm32f10x.o(.constdata)
 <LI><a href="#[e9]">USART4_Initialize</a> from usart_stm32f10x.o(i.USART4_Initialize) referenced from usart_stm32f10x.o(.constdata)
 <LI><a href="#[eb]">USART4_PowerControl</a> from usart_stm32f10x.o(i.USART4_PowerControl) referenced from usart_stm32f10x.o(.constdata)
 <LI><a href="#[ed]">USART4_Receive</a> from usart_stm32f10x.o(i.USART4_Receive) referenced from usart_stm32f10x.o(.constdata)
 <LI><a href="#[ec]">USART4_Send</a> from usart_stm32f10x.o(i.USART4_Send) referenced from usart_stm32f10x.o(.constdata)
 <LI><a href="#[f3]">USART4_SetModemControl</a> from usart_stm32f10x.o(i.USART4_SetModemControl) referenced from usart_stm32f10x.o(.constdata)
 <LI><a href="#[ee]">USART4_Transfer</a> from usart_stm32f10x.o(i.USART4_Transfer) referenced from usart_stm32f10x.o(.constdata)
 <LI><a href="#[ea]">USART4_Uninitialize</a> from usart_stm32f10x.o(i.USART4_Uninitialize) referenced from usart_stm32f10x.o(.constdata)
 <LI><a href="#[cd]">USARTx_GetVersion</a> from usart_stm32f10x.o(i.USARTx_GetVersion) referenced 3 times from usart_stm32f10x.o(.constdata)
 <LI><a href="#[6b]">USBWakeUp_IRQHandler</a> from startup_stm32f10x_hd.o(.text) referenced from startup_stm32f10x_hd.o(RESET)
 <LI><a href="#[54]">USB_HP_CAN1_TX_IRQHandler</a> from can_stm32f10x.o(i.USB_HP_CAN1_TX_IRQHandler) referenced from startup_stm32f10x_hd.o(RESET)
 <LI><a href="#[55]">USB_LP_CAN1_RX0_IRQHandler</a> from can_stm32f10x.o(i.USB_LP_CAN1_RX0_IRQHandler) referenced from startup_stm32f10x_hd.o(RESET)
 <LI><a href="#[3c]">UsageFault_Handler</a> from stm32f10x_it.o(i.UsageFault_Handler) referenced from startup_stm32f10x_hd.o(RESET)
 <LI><a href="#[41]">WWDG_IRQHandler</a> from startup_stm32f10x_hd.o(.text) referenced from startup_stm32f10x_hd.o(RESET)
 <LI><a href="#[142]">_CalcSizeOfChar</a> from gui_uc_encodenone.o(i._CalcSizeOfChar) referenced from gui_uc_encodenone.o(.constdata)
 <LI><a href="#[106]">_Color2Index</a> from gui_enablealpha.o(i._Color2Index) referenced 2 times from gui_enablealpha.o(.constdata)
 <LI><a href="#[109]">_Color2IndexBulk</a> from gui_enablealpha.o(i._Color2IndexBulk) referenced 3 times from gui_enablealpha.o(.constdata)
 <LI><a href="#[14b]">_Color2Index_0</a> from guicc_0.o(i._Color2Index_0) referenced from guicc_0.o(.constdata)
 <LI><a href="#[11a]">_Color2Index_M565</a> from guicc_m565.o(i._Color2Index_M565) referenced from guicc_m565.o(.constdata)
 <LI><a href="#[f6]">_DrawBitmap</a> from guidrv_template.o(i._DrawBitmap) referenced 4 times from guidrv_template.o(.constdata)
 <LI><a href="#[f7]">_DrawHLine</a> from guidrv_template.o(i._DrawHLine) referenced 4 times from guidrv_template.o(.constdata)
 <LI><a href="#[f8]">_DrawVLine</a> from guidrv_template.o(i._DrawVLine) referenced 4 times from guidrv_template.o(.constdata)
 <LI><a href="#[143]">_Encode</a> from gui_uc_encodenone.o(i._Encode) referenced from gui_uc_encodenone.o(.constdata)
 <LI><a href="#[f9]">_FillRect</a> from guidrv_template.o(i._FillRect) referenced 4 times from guidrv_template.o(.constdata)
 <LI><a href="#[140]">_GetCharCode</a> from gui_uc_encodenone.o(i._GetCharCode) referenced from gui_uc_encodenone.o(.constdata)
 <LI><a href="#[141]">_GetCharSize</a> from gui_uc_encodenone.o(i._GetCharSize) referenced from gui_uc_encodenone.o(.constdata)
 <LI><a href="#[100]">_GetDevData</a> from guidrv_template.o(i._GetDevData) referenced 4 times from guidrv_template.o(.constdata)
 <LI><a href="#[fe]">_GetDevFunc</a> from guidrv_template.o(i._GetDevFunc) referenced 4 times from guidrv_template.o(.constdata)
 <LI><a href="#[ff]">_GetDevProp</a> from guidrv_template.o(i._GetDevProp) referenced 4 times from guidrv_template.o(.constdata)
 <LI><a href="#[108]">_GetIndexMask</a> from gui_enablealpha.o(i._GetIndexMask) referenced 2 times from gui_enablealpha.o(.constdata)
 <LI><a href="#[14d]">_GetIndexMask_0</a> from guicc_0.o(i._GetIndexMask_0) referenced from guicc_0.o(.constdata)
 <LI><a href="#[11c]">_GetIndexMask_M565</a> from guicc_m565.o(i._GetIndexMask_M565) referenced from guicc_m565.o(.constdata)
 <LI><a href="#[fa]">_GetPixelIndex</a> from guidrv_template.o(i._GetPixelIndex) referenced 4 times from guidrv_template.o(.constdata)
 <LI><a href="#[101]">_GetRect</a> from guidrv_template.o(i._GetRect) referenced 4 times from guidrv_template.o(.constdata)
 <LI><a href="#[107]">_Index2Color</a> from gui_enablealpha.o(i._Index2Color) referenced 2 times from gui_enablealpha.o(.constdata)
 <LI><a href="#[10a]">_Index2ColorBulk</a> from gui_enablealpha.o(i._Index2ColorBulk) referenced 3 times from gui_enablealpha.o(.constdata)
 <LI><a href="#[14c]">_Index2Color_0</a> from guicc_0.o(i._Index2Color_0) referenced from guicc_0.o(.constdata)
 <LI><a href="#[94]">_Init</a> from guidrv_template.o(i._Init) referenced from guidrv_template.o(i._GetDevFunc)
 <LI><a href="#[35]">_Log2VisBuffered</a> from gui_charline.o(i._Log2VisBuffered) referenced 2 times from gui_charline.o(.data)
 <LI><a href="#[96]">_Off</a> from guidrv_template.o(i._Off) referenced from guidrv_template.o(i._GetDevFunc)
 <LI><a href="#[95]">_On</a> from guidrv_template.o(i._On) referenced from guidrv_template.o(i._GetDevFunc)
 <LI><a href="#[84]">_OnExit</a> from gui_task.o(i._OnExit) referenced from gui_task.o(i.GUITASK_Init)
 <LI><a href="#[85]">_OnExit</a> from gui_enablealpha.o(i._OnExit) referenced from gui_enablealpha.o(i.GUI_EnableAlpha)
 <LI><a href="#[86]">_OnExit</a> from gui_core.o(i._OnExit) referenced from gui_core.o(i.GUI__Config)
 <LI><a href="#[88]">_OnExit</a> from lcd_color.o(i._OnExit) referenced from lcd_color.o(i.LCD_InitColors)
 <LI><a href="#[90]">_OnExit</a> from wm.o(i._OnExit) referenced from wm.o(i.WM_Init)
 <LI><a href="#[9a]">_OnExit</a> from gui_setalpha.o(i._OnExit) referenced from gui_setalpha.o(i._InitAlpha)
 <LI><a href="#[9b]">_OnExit</a> from gui_alloc.o(i._OnExit) referenced from gui_alloc.o(i._InitOnce)
 <LI><a href="#[99]">_ReadRectFromMemdev</a> from gui_setalpha.o(i._ReadRectFromMemdev) referenced from gui_setalpha.o(i._GetLine)
 <LI><a href="#[118]">_SetBkColor</a> from gui_enablealpha.o(i._SetBkColor) referenced 2 times from gui_enablealpha.o(.constdata)
 <LI><a href="#[117]">_SetColor</a> from gui_enablealpha.o(i._SetColor) referenced 2 times from gui_enablealpha.o(.constdata)
 <LI><a href="#[119]">_SetDrawMode</a> from gui_enablealpha.o(i._SetDrawMode) referenced 2 times from gui_enablealpha.o(.constdata)
 <LI><a href="#[97]">_SetLUTEntry</a> from guidrv_template.o(i._SetLUTEntry) referenced from guidrv_template.o(i._GetDevFunc)
 <LI><a href="#[fd]">_SetOrg</a> from guidrv_template.o(i._SetOrg) referenced 4 times from guidrv_template.o(.constdata)
 <LI><a href="#[fb]">_SetPixelIndex</a> from guidrv_template.o(i._SetPixelIndex) referenced 4 times from guidrv_template.o(.constdata)
 <LI><a href="#[93]">_SetSize</a> from guidrv_template.o(i._SetSize) referenced from guidrv_template.o(i._GetDevFunc)
 <LI><a href="#[91]">_SetVRAMAddr</a> from guidrv_template.o(i._SetVRAMAddr) referenced from guidrv_template.o(i._GetDevFunc)
 <LI><a href="#[92]">_SetVSize</a> from guidrv_template.o(i._SetVSize) referenced from guidrv_template.o(i._GetDevFunc)
 <LI><a href="#[fc]">_XorPixel</a> from guidrv_template.o(i._XorPixel) referenced 4 times from guidrv_template.o(.constdata)
 <LI><a href="#[14e]">__main</a> from __main.o(!!!main) referenced from startup_stm32f10x_hd.o(.text)
 <LI><a href="#[8f]">_cbBackWin</a> from wm.o(i._cbBackWin) referenced from wm.o(i.WM_Init)
 <LI><a href="#[82]">_printf_input_char</a> from _printf_char_common.o(.text) referenced from _printf_char_common.o(.text)
 <LI><a href="#[81]">_sputc</a> from _sputc.o(.text) referenced from noretval__2sprintf.o(.text)
 <LI><a href="#[16]">airWarming</a> from airwarming.o(i.airWarming) referenced 2 times from bsp.o(.data)
 <LI><a href="#[c8]">airWarmingCM_Thread</a> from airwarming.o(i.airWarmingCM_Thread) referenced from airwarming.o(.constdata)
 <LI><a href="#[2c]">airWarming_Init</a> from airwarming.o(i.airWarming_Init) referenced 2 times from bsp.o(.data)
 <LI><a href="#[a]">contentCO2MS</a> from contentco2.o(i.contentCO2MS) referenced 2 times from bsp.o(.data)
 <LI><a href="#[bc]">contentCO2MS_Thread</a> from contentco2.o(i.contentCO2MS_Thread) referenced from contentco2.o(.constdata)
 <LI><a href="#[20]">contentCO2_Init</a> from contentco2.o(i.contentCO2_Init) referenced 2 times from bsp.o(.data)
 <LI><a href="#[15]">exAir</a> from exair.o(i.exAir) referenced 2 times from bsp.o(.data)
 <LI><a href="#[c7]">exAirCM_DB_Thread</a> from exair.o(i.exAirCM_DB_Thread) referenced from exair.o(.constdata)
 <LI><a href="#[c6]">exAirCM_Thread</a> from exair.o(i.exAirCM_Thread) referenced from exair.o(.constdata)
 <LI><a href="#[2b]">exAir_Init</a> from exair.o(i.exAir_Init) referenced 2 times from bsp.o(.data)
 <LI><a href="#[c3]">flash_PST_Thread</a> from ledspray.o(i.flash_PST_Thread) referenced from ledspray.o(.constdata)
 <LI><a href="#[c2]">flash_SPY_Thread</a> from ledspray.o(i.flash_SPY_Thread) referenced from ledspray.o(.constdata)
 <LI><a href="#[1b]">keyBoard_Init</a> from keyboard.o(i.keyBoard_Init) referenced 2 times from bsp.o(.data)
 <LI><a href="#[ae]">keyTest_Thread</a> from key&tips.o(i.keyTest_Thread) referenced from key&tips.o(.constdata)
 <LI><a href="#[103]">main</a> from usrmain.o(i.main) referenced from rtx_conf_cm.o(.constdata)
 <LI><a href="#[8c]">myUSART1_callback</a> from wirelesstrans_usart.o(i.myUSART1_callback) referenced from wirelesstrans_usart.o(i.USART1Init2)
 <LI><a href="#[8d]">myUSART2_callback</a> from wirelesstrans_usart.o(i.myUSART2_callback) referenced from wirelesstrans_usart.o(i.USART2Init2)
 <LI><a href="#[8e]">myUSART4_callback</a> from elecmeter.o(i.myUSART4_callback) referenced from elecmeter.o(i.USART4ElecMeter_Init)
 <LI><a href="#[ad]">osThreadExit</a> from rt_cmsis.o(i.osThreadExit) referenced from rt_cmsis.o(i.svcThreadCreate)
 <LI><a href="#[102]">osTimerThread</a> from rt_cmsis.o(i.osTimerThread) referenced from rtx_conf_cm.o(.constdata)
 <LI><a href="#[ac]">os_idle_demon</a> from rtx_conf_cm.o(i.os_idle_demon) referenced from rt_task.o(i.rt_sys_init)
 <LI><a href="#[7d]">rt_alloc_box</a> from rt_membox.o(i.rt_alloc_box) referenced from hal_cm3.o(.emb_text)
 <LI><a href="#[7e]">rt_free_box</a> from rt_membox.o(i.rt_free_box) referenced from hal_cm3.o(.emb_text)
 <LI><a href="#[9d]">rt_mut_release</a> from rt_mutex.o(i.rt_mut_release) referenced from rtx_conf_cm.o(i._mutex_release)
 <LI><a href="#[9c]">rt_mut_wait</a> from rt_mutex.o(i.rt_mut_wait) referenced from rtx_conf_cm.o(i._mutex_acquire)
 <LI><a href="#[12]">soilHumMS</a> from soilhum.o(i.soilHumMS) referenced 2 times from bsp.o(.data)
 <LI><a href="#[bd]">soilHumMS_Thread</a> from soilhum.o(i.soilHumMS_Thread) referenced from soilhum.o(.constdata)
 <LI><a href="#[28]">soilHum_Init</a> from soilhum.o(i.soilHum_Init) referenced 2 times from bsp.o(.data)
 <LI><a href="#[9e]">svcDelay</a> from rt_cmsis.o(i.svcDelay) referenced from rt_cmsis.o(i.osDelay)
 <LI><a href="#[9f]">svcKernelInitialize</a> from rt_cmsis.o(i.svcKernelInitialize) referenced from rt_cmsis.o(i.osKernelInitialize)
 <LI><a href="#[a0]">svcKernelStart</a> from rt_cmsis.o(i.svcKernelStart) referenced from rt_cmsis.o(i.osKernelStart)
 <LI><a href="#[a1]">svcKernelSysTick</a> from rt_cmsis.o(i.svcKernelSysTick) referenced from rt_cmsis.o(i.osKernelSysTick)
 <LI><a href="#[a2]">svcMessageGet</a> from rt_cmsis.o(i.svcMessageGet) referenced from rt_cmsis.o(i.osMessageGet)
 <LI><a href="#[a3]">svcMutexCreate</a> from rt_cmsis.o(i.svcMutexCreate) referenced from rt_cmsis.o(i.osMutexCreate)
 <LI><a href="#[a4]">svcMutexRelease</a> from rt_cmsis.o(i.svcMutexRelease) referenced from rt_cmsis.o(i.osMutexRelease)
 <LI><a href="#[a5]">svcMutexWait</a> from rt_cmsis.o(i.svcMutexWait) referenced from rt_cmsis.o(i.osMutexWait)
 <LI><a href="#[a6]">svcThreadCreate</a> from rt_cmsis.o(i.svcThreadCreate) referenced from rt_cmsis.o(i.osThreadCreate)
 <LI><a href="#[a7]">svcThreadGetId</a> from rt_cmsis.o(i.svcThreadGetId) referenced from rt_cmsis.o(i.osThreadExit)
 <LI><a href="#[a8]">svcThreadTerminate</a> from rt_cmsis.o(i.svcThreadTerminate) referenced from rt_cmsis.o(i.osThreadExit)
 <LI><a href="#[a8]">svcThreadTerminate</a> from rt_cmsis.o(i.svcThreadTerminate) referenced from rt_cmsis.o(i.osThreadTerminate)
 <LI><a href="#[a9]">svcTimerCall</a> from rt_cmsis.o(i.svcTimerCall) referenced from rt_cmsis.o(i.osTimerCall)
 <LI><a href="#[aa]">svcTimerCreate</a> from rt_cmsis.o(i.svcTimerCreate) referenced from rt_cmsis.o(i.osTimerCreate)
 <LI><a href="#[ab]">svcTimerStart</a> from rt_cmsis.o(i.svcTimerStart) referenced from rt_cmsis.o(i.osTimerStart)
 <LI><a href="#[19]">swRelayCM</a> from relay.o(i.swRelayCM) referenced 2 times from bsp.o(.data)
 <LI><a href="#[cb]">swRelayCM_Thread</a> from relay.o(i.swRelayCM_Thread) referenced from relay.o(.constdata)
 <LI><a href="#[2f]">swRelay_Init</a> from relay.o(i.swRelay_Init) referenced 2 times from bsp.o(.data)
 <LI><a href="#[f]">windSpeedMS</a> from windspeed.o(i.windSpeedMS) referenced 2 times from bsp.o(.data)
 <LI><a href="#[bb]">windSpeedMS_Thread</a> from windspeed.o(i.windSpeedMS_Thread) referenced from windspeed.o(.constdata)
 <LI><a href="#[25]">windSpeed_Init</a> from windspeed.o(i.windSpeed_Init) referenced 2 times from bsp.o(.data)
</UL>
<P>
<H3>
Global Symbols
</H3>
<P><STRONG><a name="[14e]"></a>__main</STRONG> (Thumb, 8 bytes, Stack size 0 bytes, __main.o(!!!main))
<BR><BR>[Calls]<UL><LI><a href="#[151]">&gt;&gt;</a>&nbsp;&nbsp;&nbsp;__scatterload
<LI><a href="#[152]">&gt;&gt;</a>&nbsp;&nbsp;&nbsp;__rt_entry
</UL>

<P><STRONG><a name="[151]"></a>__scatterload</STRONG> (Thumb, 0 bytes, Stack size unknown bytes, __scatter.o(!!!scatter))
<BR><BR>[Called By]<UL><LI><a href="#[14e]">&gt;&gt;</a>&nbsp;&nbsp;&nbsp;__main
</UL>

<P><STRONG><a name="[153]"></a>__scatterload_rt2</STRONG> (Thumb, 44 bytes, Stack size unknown bytes, __scatter.o(!!!scatter), UNUSED)
<BR><BR>[Calls]<UL><LI><a href="#[152]">&gt;&gt;</a>&nbsp;&nbsp;&nbsp;__rt_entry
</UL>

<P><STRONG><a name="[44a]"></a>__scatterload_rt2_thumb_only</STRONG> (Thumb, 0 bytes, Stack size unknown bytes, __scatter.o(!!!scatter), UNUSED)

<P><STRONG><a name="[44b]"></a>__scatterload_null</STRONG> (Thumb, 0 bytes, Stack size unknown bytes, __scatter.o(!!!scatter), UNUSED)

<P><STRONG><a name="[44c]"></a>__decompress</STRONG> (Thumb, 90 bytes, Stack size unknown bytes, __dczerorl2.o(!!dczerorl2), UNUSED)

<P><STRONG><a name="[44d]"></a>__decompress1</STRONG> (Thumb, 0 bytes, Stack size unknown bytes, __dczerorl2.o(!!dczerorl2), UNUSED)

<P><STRONG><a name="[44e]"></a>__scatterload_zeroinit</STRONG> (Thumb, 28 bytes, Stack size unknown bytes, __scatter_zi.o(!!handler_zi), UNUSED)

<P><STRONG><a name="[154]"></a>_printf_f</STRONG> (Thumb, 0 bytes, Stack size unknown bytes, _printf_f.o(.ARM.Collect$$_printf_percent$$00000003))
<BR><BR>[Stack]<UL><LI>Max Depth = 320 + Unknown Stack Size
<LI>Call Chain = _printf_f &rArr; _printf_fp_dec &rArr; _printf_fp_dec_real &rArr; _fp_digits &rArr; _btod_etento &rArr; _btod_emul &rArr; _e2e
</UL>
<BR>[Calls]<UL><LI><a href="#[155]">&gt;&gt;</a>&nbsp;&nbsp;&nbsp;_printf_fp_dec
</UL>

<P><STRONG><a name="[177]"></a>_printf_percent</STRONG> (Thumb, 0 bytes, Stack size unknown bytes, _printf_percent.o(.ARM.Collect$$_printf_percent$$00000000))
<BR><BR>[Called By]<UL><LI><a href="#[175]">&gt;&gt;</a>&nbsp;&nbsp;&nbsp;__printf
</UL>

<P><STRONG><a name="[156]"></a>_printf_d</STRONG> (Thumb, 0 bytes, Stack size unknown bytes, _printf_d.o(.ARM.Collect$$_printf_percent$$00000009))
<BR><BR>[Stack]<UL><LI>Max Depth = 72 + Unknown Stack Size
<LI>Call Chain = _printf_d &rArr; _printf_int_dec &rArr; _printf_int_common &rArr; _printf_post_padding
</UL>
<BR>[Calls]<UL><LI><a href="#[157]">&gt;&gt;</a>&nbsp;&nbsp;&nbsp;_printf_int_dec
</UL>

<P><STRONG><a name="[158]"></a>_printf_x</STRONG> (Thumb, 0 bytes, Stack size unknown bytes, _printf_x.o(.ARM.Collect$$_printf_percent$$0000000C))
<BR><BR>[Stack]<UL><LI>Max Depth = 64 + Unknown Stack Size
<LI>Call Chain = _printf_x &rArr; _printf_int_hex &rArr; _printf_int_common &rArr; _printf_post_padding
</UL>
<BR>[Calls]<UL><LI><a href="#[159]">&gt;&gt;</a>&nbsp;&nbsp;&nbsp;_printf_int_hex
</UL>

<P><STRONG><a name="[44f]"></a>_printf_percent_end</STRONG> (Thumb, 0 bytes, Stack size unknown bytes, _printf_percent_end.o(.ARM.Collect$$_printf_percent$$00000017))

<P><STRONG><a name="[161]"></a>__rt_lib_init</STRONG> (Thumb, 0 bytes, Stack size unknown bytes, libinit.o(.ARM.Collect$$libinit$$00000000))
<BR><BR>[Called By]<UL><LI><a href="#[160]">&gt;&gt;</a>&nbsp;&nbsp;&nbsp;__rt_entry_li
</UL>

<P><STRONG><a name="[450]"></a>__rt_lib_init_fp_1</STRONG> (Thumb, 0 bytes, Stack size unknown bytes, libinit2.o(.ARM.Collect$$libinit$$00000002))

<P><STRONG><a name="[451]"></a>__rt_lib_init_heap_1</STRONG> (Thumb, 0 bytes, Stack size unknown bytes, libinit2.o(.ARM.Collect$$libinit$$0000000A))

<P><STRONG><a name="[15a]"></a>__rt_lib_init_lc_common</STRONG> (Thumb, 0 bytes, Stack size unknown bytes, libinit2.o(.ARM.Collect$$libinit$$0000000F))
<BR><BR>[Stack]<UL><LI>Max Depth = 8 + Unknown Stack Size
<LI>Call Chain = __rt_lib_init_lc_common &rArr; __rt_locale
</UL>
<BR>[Calls]<UL><LI><a href="#[15b]">&gt;&gt;</a>&nbsp;&nbsp;&nbsp;__rt_locale
</UL>

<P><STRONG><a name="[452]"></a>__rt_lib_init_preinit_1</STRONG> (Thumb, 0 bytes, Stack size unknown bytes, libinit2.o(.ARM.Collect$$libinit$$00000004))

<P><STRONG><a name="[453]"></a>__rt_lib_init_rand_1</STRONG> (Thumb, 0 bytes, Stack size unknown bytes, libinit2.o(.ARM.Collect$$libinit$$0000000E))

<P><STRONG><a name="[454]"></a>__rt_lib_init_user_alloc_1</STRONG> (Thumb, 0 bytes, Stack size unknown bytes, libinit2.o(.ARM.Collect$$libinit$$0000000C))

<P><STRONG><a name="[455]"></a>__rt_lib_init_lc_collate_1</STRONG> (Thumb, 0 bytes, Stack size unknown bytes, libinit2.o(.ARM.Collect$$libinit$$00000011))

<P><STRONG><a name="[456]"></a>__rt_lib_init_lc_ctype_1</STRONG> (Thumb, 0 bytes, Stack size unknown bytes, libinit2.o(.ARM.Collect$$libinit$$00000013))

<P><STRONG><a name="[457]"></a>__rt_lib_init_lc_monetary_1</STRONG> (Thumb, 0 bytes, Stack size unknown bytes, libinit2.o(.ARM.Collect$$libinit$$00000015))

<P><STRONG><a name="[15c]"></a>__rt_lib_init_lc_numeric_2</STRONG> (Thumb, 0 bytes, Stack size unknown bytes, libinit2.o(.ARM.Collect$$libinit$$00000016))
<BR><BR>[Stack]<UL><LI>Max Depth = 8 + Unknown Stack Size
<LI>Call Chain = __rt_lib_init_lc_numeric_2 &rArr; _get_lc_numeric
</UL>
<BR>[Calls]<UL><LI><a href="#[15d]">&gt;&gt;</a>&nbsp;&nbsp;&nbsp;_get_lc_numeric
</UL>

<P><STRONG><a name="[458]"></a>__rt_lib_init_alloca_1</STRONG> (Thumb, 0 bytes, Stack size unknown bytes, libinit2.o(.ARM.Collect$$libinit$$0000002E))

<P><STRONG><a name="[459]"></a>__rt_lib_init_argv_1</STRONG> (Thumb, 0 bytes, Stack size unknown bytes, libinit2.o(.ARM.Collect$$libinit$$0000002C))

<P><STRONG><a name="[45a]"></a>__rt_lib_init_atexit_1</STRONG> (Thumb, 0 bytes, Stack size unknown bytes, libinit2.o(.ARM.Collect$$libinit$$0000001B))

<P><STRONG><a name="[45b]"></a>__rt_lib_init_clock_1</STRONG> (Thumb, 0 bytes, Stack size unknown bytes, libinit2.o(.ARM.Collect$$libinit$$00000021))

<P><STRONG><a name="[45c]"></a>__rt_lib_init_cpp_1</STRONG> (Thumb, 0 bytes, Stack size unknown bytes, libinit2.o(.ARM.Collect$$libinit$$00000032))

<P><STRONG><a name="[45d]"></a>__rt_lib_init_exceptions_1</STRONG> (Thumb, 0 bytes, Stack size unknown bytes, libinit2.o(.ARM.Collect$$libinit$$00000030))

<P><STRONG><a name="[45e]"></a>__rt_lib_init_fp_trap_1</STRONG> (Thumb, 0 bytes, Stack size unknown bytes, libinit2.o(.ARM.Collect$$libinit$$0000001F))

<P><STRONG><a name="[45f]"></a>__rt_lib_init_getenv_1</STRONG> (Thumb, 0 bytes, Stack size unknown bytes, libinit2.o(.ARM.Collect$$libinit$$00000023))

<P><STRONG><a name="[460]"></a>__rt_lib_init_lc_numeric_1</STRONG> (Thumb, 0 bytes, Stack size unknown bytes, libinit2.o(.ARM.Collect$$libinit$$00000017))

<P><STRONG><a name="[461]"></a>__rt_lib_init_lc_time_1</STRONG> (Thumb, 0 bytes, Stack size unknown bytes, libinit2.o(.ARM.Collect$$libinit$$00000019))

<P><STRONG><a name="[462]"></a>__rt_lib_init_return</STRONG> (Thumb, 0 bytes, Stack size unknown bytes, libinit2.o(.ARM.Collect$$libinit$$00000033))

<P><STRONG><a name="[463]"></a>__rt_lib_init_signal_1</STRONG> (Thumb, 0 bytes, Stack size unknown bytes, libinit2.o(.ARM.Collect$$libinit$$0000001D))

<P><STRONG><a name="[464]"></a>__rt_lib_init_stdio_1</STRONG> (Thumb, 0 bytes, Stack size unknown bytes, libinit2.o(.ARM.Collect$$libinit$$00000025))

<P><STRONG><a name="[167]"></a>__rt_lib_shutdown</STRONG> (Thumb, 0 bytes, Stack size unknown bytes, libshutdown.o(.ARM.Collect$$libshutdown$$00000000))
<BR><BR>[Called By]<UL><LI><a href="#[166]">&gt;&gt;</a>&nbsp;&nbsp;&nbsp;__rt_exit_ls
</UL>

<P><STRONG><a name="[465]"></a>__rt_lib_shutdown_cpp_1</STRONG> (Thumb, 0 bytes, Stack size unknown bytes, libshutdown2.o(.ARM.Collect$$libshutdown$$00000002))

<P><STRONG><a name="[466]"></a>__rt_lib_shutdown_fp_trap_1</STRONG> (Thumb, 0 bytes, Stack size unknown bytes, libshutdown2.o(.ARM.Collect$$libshutdown$$00000007))

<P><STRONG><a name="[467]"></a>__rt_lib_shutdown_heap_1</STRONG> (Thumb, 0 bytes, Stack size unknown bytes, libshutdown2.o(.ARM.Collect$$libshutdown$$0000000F))

<P><STRONG><a name="[468]"></a>__rt_lib_shutdown_return</STRONG> (Thumb, 0 bytes, Stack size unknown bytes, libshutdown2.o(.ARM.Collect$$libshutdown$$00000010))

<P><STRONG><a name="[469]"></a>__rt_lib_shutdown_signal_1</STRONG> (Thumb, 0 bytes, Stack size unknown bytes, libshutdown2.o(.ARM.Collect$$libshutdown$$0000000A))

<P><STRONG><a name="[46a]"></a>__rt_lib_shutdown_stdio_1</STRONG> (Thumb, 0 bytes, Stack size unknown bytes, libshutdown2.o(.ARM.Collect$$libshutdown$$00000004))

<P><STRONG><a name="[46b]"></a>__rt_lib_shutdown_user_alloc_1</STRONG> (Thumb, 0 bytes, Stack size unknown bytes, libshutdown2.o(.ARM.Collect$$libshutdown$$0000000C))

<P><STRONG><a name="[152]"></a>__rt_entry</STRONG> (Thumb, 0 bytes, Stack size unknown bytes, __rtentry.o(.ARM.Collect$$rtentry$$00000000))
<BR><BR>[Called By]<UL><LI><a href="#[14e]">&gt;&gt;</a>&nbsp;&nbsp;&nbsp;__main
<LI><a href="#[153]">&gt;&gt;</a>&nbsp;&nbsp;&nbsp;__scatterload_rt2
</UL>

<P><STRONG><a name="[46c]"></a>__rt_entry_presh_1</STRONG> (Thumb, 0 bytes, Stack size unknown bytes, __rtentry2.o(.ARM.Collect$$rtentry$$00000002))

<P><STRONG><a name="[15e]"></a>__rt_entry_sh</STRONG> (Thumb, 0 bytes, Stack size unknown bytes, __rtentry4.o(.ARM.Collect$$rtentry$$00000004))
<BR><BR>[Stack]<UL><LI>Max Depth = 8 + Unknown Stack Size
<LI>Call Chain = __rt_entry_sh &rArr; __user_setup_stackheap
</UL>
<BR>[Calls]<UL><LI><a href="#[15f]">&gt;&gt;</a>&nbsp;&nbsp;&nbsp;__user_setup_stackheap
</UL>

<P><STRONG><a name="[160]"></a>__rt_entry_li</STRONG> (Thumb, 0 bytes, Stack size unknown bytes, __rtentry2.o(.ARM.Collect$$rtentry$$0000000A))
<BR><BR>[Calls]<UL><LI><a href="#[161]">&gt;&gt;</a>&nbsp;&nbsp;&nbsp;__rt_lib_init
</UL>

<P><STRONG><a name="[46d]"></a>__rt_entry_postsh_1</STRONG> (Thumb, 0 bytes, Stack size unknown bytes, __rtentry2.o(.ARM.Collect$$rtentry$$00000009))

<P><STRONG><a name="[162]"></a>__rt_entry_postli_1</STRONG> (Thumb, 0 bytes, Stack size unknown bytes, __rtentry2.o(.ARM.Collect$$rtentry$$0000000B))
<BR><BR>[Stack]<UL><LI>Max Depth = 80 + Unknown Stack Size
<LI>Call Chain = __rt_entry_postli_1 &rArr; _platform_post_lib_init &rArr; osKernelInitialize &rArr; svcKernelInitialize &rArr; svcThreadCreate &rArr; rt_tsk_create &rArr; rt_init_context &rArr; rt_init_stack
</UL>
<BR>[Calls]<UL><LI><a href="#[163]">&gt;&gt;</a>&nbsp;&nbsp;&nbsp;_platform_post_lib_init
</UL>

<P><STRONG><a name="[164]"></a>__rt_entry_main</STRONG> (Thumb, 0 bytes, Stack size unknown bytes, __rtentry2.o(.ARM.Collect$$rtentry$$0000000D))
<BR><BR>[Stack]<UL><LI>Max Depth = 96 + Unknown Stack Size
<LI>Call Chain = __rt_entry_main &rArr; main &rArr; BSP_SetOFF &rArr; keyTest &rArr; osThreadCreate &rArr; svcThreadCreate &rArr; rt_tsk_create &rArr; rt_init_context &rArr; rt_init_stack
</UL>
<BR>[Calls]<UL><LI><a href="#[103]">&gt;&gt;</a>&nbsp;&nbsp;&nbsp;main
<LI><a href="#[165]">&gt;&gt;</a>&nbsp;&nbsp;&nbsp;exit
</UL>

<P><STRONG><a name="[178]"></a>__rt_exit</STRONG> (Thumb, 0 bytes, Stack size unknown bytes, rtexit.o(.ARM.Collect$$rtexit$$00000000))
<BR><BR>[Called By]<UL><LI><a href="#[165]">&gt;&gt;</a>&nbsp;&nbsp;&nbsp;exit
</UL>

<P><STRONG><a name="[166]"></a>__rt_exit_ls</STRONG> (Thumb, 0 bytes, Stack size unknown bytes, rtexit2.o(.ARM.Collect$$rtexit$$00000003))
<BR><BR>[Calls]<UL><LI><a href="#[167]">&gt;&gt;</a>&nbsp;&nbsp;&nbsp;__rt_lib_shutdown
</UL>

<P><STRONG><a name="[46e]"></a>__rt_exit_prels_1</STRONG> (Thumb, 0 bytes, Stack size unknown bytes, rtexit2.o(.ARM.Collect$$rtexit$$00000002))

<P><STRONG><a name="[168]"></a>__rt_exit_exit</STRONG> (Thumb, 0 bytes, Stack size unknown bytes, rtexit2.o(.ARM.Collect$$rtexit$$00000004))
<BR><BR>[Calls]<UL><LI><a href="#[169]">&gt;&gt;</a>&nbsp;&nbsp;&nbsp;_sys_exit
</UL>

<P><STRONG><a name="[163]"></a>_platform_post_lib_init</STRONG> (Thumb, 24 bytes, Stack size 0 bytes, rtx_conf_cm.o(.emb_text))
<BR><BR>[Stack]<UL><LI>Max Depth = 80 + Unknown Stack Size
<LI>Call Chain = _platform_post_lib_init &rArr; osKernelInitialize &rArr; svcKernelInitialize &rArr; svcThreadCreate &rArr; rt_tsk_create &rArr; rt_init_context &rArr; rt_init_stack
</UL>
<BR>[Calls]<UL><LI><a href="#[16b]">&gt;&gt;</a>&nbsp;&nbsp;&nbsp;osThreadCreate
<LI><a href="#[16c]">&gt;&gt;</a>&nbsp;&nbsp;&nbsp;osKernelStart
<LI><a href="#[16a]">&gt;&gt;</a>&nbsp;&nbsp;&nbsp;osKernelInitialize
<LI><a href="#[165]">&gt;&gt;</a>&nbsp;&nbsp;&nbsp;exit
</UL>
<BR>[Called By]<UL><LI><a href="#[162]">&gt;&gt;</a>&nbsp;&nbsp;&nbsp;__rt_entry_postli_1
</UL>

<P><STRONG><a name="[46f]"></a>rt_set_PSP</STRONG> (Thumb, 6 bytes, Stack size 0 bytes, hal_cm3.o(.emb_text), UNUSED)

<P><STRONG><a name="[410]"></a>rt_get_PSP</STRONG> (Thumb, 6 bytes, Stack size 0 bytes, hal_cm3.o(.emb_text))
<BR><BR>[Called By]<UL><LI><a href="#[40f]">&gt;&gt;</a>&nbsp;&nbsp;&nbsp;rt_tsk_delete
</UL>

<P><STRONG><a name="[470]"></a>os_set_env</STRONG> (Thumb, 24 bytes, Stack size 0 bytes, hal_cm3.o(.emb_text), UNUSED)

<P><STRONG><a name="[471]"></a>_alloc_box</STRONG> (Thumb, 28 bytes, Stack size 0 bytes, hal_cm3.o(.emb_text), UNUSED)

<P><STRONG><a name="[472]"></a>_free_box</STRONG> (Thumb, 28 bytes, Stack size 0 bytes, hal_cm3.o(.emb_text), UNUSED)

<P><STRONG><a name="[3d]"></a>SVC_Handler</STRONG> (Thumb, 108 bytes, Stack size 0 bytes, hal_cm3.o(.emb_text))
<BR><BR>[Calls]<UL><LI><a href="#[16d]">&gt;&gt;</a>&nbsp;&nbsp;&nbsp;rt_stk_check
</UL>
<BR>[Address Reference Count : 1]<UL><LI> startup_stm32f10x_hd.o(RESET)
</UL>
<P><STRONG><a name="[3f]"></a>PendSV_Handler</STRONG> (Thumb, 56 bytes, Stack size 0 bytes, hal_cm3.o(.emb_text))
<BR><BR>[Stack]<UL><LI>Max Depth = 52<LI>Call Chain = PendSV_Handler &rArr; rt_pop_req &rArr; rt_mbx_psh &rArr; rt_put_prio
</UL>
<BR>[Calls]<UL><LI><a href="#[16e]">&gt;&gt;</a>&nbsp;&nbsp;&nbsp;rt_pop_req
<LI><a href="#[16d]">&gt;&gt;</a>&nbsp;&nbsp;&nbsp;rt_stk_check
</UL>
<BR>[Address Reference Count : 1]<UL><LI> startup_stm32f10x_hd.o(RESET)
</UL>
<P><STRONG><a name="[40]"></a>SysTick_Handler</STRONG> (Thumb, 8 bytes, Stack size 0 bytes, hal_cm3.o(.emb_text))
<BR><BR>[Stack]<UL><LI>Max Depth = 72<LI>Call Chain = SysTick_Handler &rArr; rt_systick &rArr; sysTimerTick &rArr; isrMessagePut &rArr; isr_mbx_send &rArr; rt_psq_enq
</UL>
<BR>[Calls]<UL><LI><a href="#[16f]">&gt;&gt;</a>&nbsp;&nbsp;&nbsp;rt_systick
</UL>
<BR>[Address Reference Count : 1]<UL><LI> startup_stm32f10x_hd.o(RESET)
</UL>
<P><STRONG><a name="[170]"></a>OS_Tick_Handler</STRONG> (Thumb, 12 bytes, Stack size 0 bytes, hal_cm3.o(.emb_text), UNUSED)
<BR><BR>[Calls]<UL><LI><a href="#[171]">&gt;&gt;</a>&nbsp;&nbsp;&nbsp;os_tick_irqack
<LI><a href="#[16f]">&gt;&gt;</a>&nbsp;&nbsp;&nbsp;rt_systick
</UL>

<P><STRONG><a name="[37]"></a>Reset_Handler</STRONG> (Thumb, 8 bytes, Stack size 0 bytes, startup_stm32f10x_hd.o(.text))
<BR>[Address Reference Count : 1]<UL><LI> startup_stm32f10x_hd.o(RESET)
</UL>
<P><STRONG><a name="[53]"></a>ADC1_2_IRQHandler</STRONG> (Thumb, 0 bytes, Stack size 0 bytes, startup_stm32f10x_hd.o(.text))
<BR><BR>[Calls]<UL><LI><a href="#[53]">&gt;&gt;</a>&nbsp;&nbsp;&nbsp;ADC1_2_IRQHandler
</UL>
<BR>[Called By]<UL><LI><a href="#[53]">&gt;&gt;</a>&nbsp;&nbsp;&nbsp;ADC1_2_IRQHandler
</UL>
<BR>[Address Reference Count : 1]<UL><LI> startup_stm32f10x_hd.o(RESET)
</UL>
<P><STRONG><a name="[70]"></a>ADC3_IRQHandler</STRONG> (Thumb, 0 bytes, Stack size 0 bytes, startup_stm32f10x_hd.o(.text))
<BR>[Address Reference Count : 1]<UL><LI> startup_stm32f10x_hd.o(RESET)
</UL>
<P><STRONG><a name="[47]"></a>EXTI0_IRQHandler</STRONG> (Thumb, 0 bytes, Stack size 0 bytes, startup_stm32f10x_hd.o(.text))
<BR>[Address Reference Count : 1]<UL><LI> startup_stm32f10x_hd.o(RESET)
</UL>
<P><STRONG><a name="[48]"></a>EXTI1_IRQHandler</STRONG> (Thumb, 0 bytes, Stack size 0 bytes, startup_stm32f10x_hd.o(.text))
<BR>[Address Reference Count : 1]<UL><LI> startup_stm32f10x_hd.o(RESET)
</UL>
<P><STRONG><a name="[49]"></a>EXTI2_IRQHandler</STRONG> (Thumb, 0 bytes, Stack size 0 bytes, startup_stm32f10x_hd.o(.text))
<BR>[Address Reference Count : 1]<UL><LI> startup_stm32f10x_hd.o(RESET)
</UL>
<P><STRONG><a name="[4a]"></a>EXTI3_IRQHandler</STRONG> (Thumb, 0 bytes, Stack size 0 bytes, startup_stm32f10x_hd.o(.text))
<BR>[Address Reference Count : 1]<UL><LI> startup_stm32f10x_hd.o(RESET)
</UL>
<P><STRONG><a name="[4b]"></a>EXTI4_IRQHandler</STRONG> (Thumb, 0 bytes, Stack size 0 bytes, startup_stm32f10x_hd.o(.text))
<BR>[Address Reference Count : 1]<UL><LI> startup_stm32f10x_hd.o(RESET)
</UL>
<P><STRONG><a name="[58]"></a>EXTI9_5_IRQHandler</STRONG> (Thumb, 0 bytes, Stack size 0 bytes, startup_stm32f10x_hd.o(.text))
<BR>[Address Reference Count : 1]<UL><LI> startup_stm32f10x_hd.o(RESET)
</UL>
<P><STRONG><a name="[45]"></a>FLASH_IRQHandler</STRONG> (Thumb, 0 bytes, Stack size 0 bytes, startup_stm32f10x_hd.o(.text))
<BR>[Address Reference Count : 1]<UL><LI> startup_stm32f10x_hd.o(RESET)
</UL>
<P><STRONG><a name="[71]"></a>FSMC_IRQHandler</STRONG> (Thumb, 0 bytes, Stack size 0 bytes, startup_stm32f10x_hd.o(.text))
<BR>[Address Reference Count : 1]<UL><LI> startup_stm32f10x_hd.o(RESET)
</UL>
<P><STRONG><a name="[61]"></a>I2C1_ER_IRQHandler</STRONG> (Thumb, 0 bytes, Stack size 0 bytes, startup_stm32f10x_hd.o(.text))
<BR>[Address Reference Count : 1]<UL><LI> startup_stm32f10x_hd.o(RESET)
</UL>
<P><STRONG><a name="[60]"></a>I2C1_EV_IRQHandler</STRONG> (Thumb, 0 bytes, Stack size 0 bytes, startup_stm32f10x_hd.o(.text))
<BR>[Address Reference Count : 1]<UL><LI> startup_stm32f10x_hd.o(RESET)
</UL>
<P><STRONG><a name="[63]"></a>I2C2_ER_IRQHandler</STRONG> (Thumb, 0 bytes, Stack size 0 bytes, startup_stm32f10x_hd.o(.text))
<BR>[Address Reference Count : 1]<UL><LI> startup_stm32f10x_hd.o(RESET)
</UL>
<P><STRONG><a name="[62]"></a>I2C2_EV_IRQHandler</STRONG> (Thumb, 0 bytes, Stack size 0 bytes, startup_stm32f10x_hd.o(.text))
<BR>[Address Reference Count : 1]<UL><LI> startup_stm32f10x_hd.o(RESET)
</UL>
<P><STRONG><a name="[42]"></a>PVD_IRQHandler</STRONG> (Thumb, 0 bytes, Stack size 0 bytes, startup_stm32f10x_hd.o(.text))
<BR>[Address Reference Count : 1]<UL><LI> startup_stm32f10x_hd.o(RESET)
</UL>
<P><STRONG><a name="[46]"></a>RCC_IRQHandler</STRONG> (Thumb, 0 bytes, Stack size 0 bytes, startup_stm32f10x_hd.o(.text))
<BR>[Address Reference Count : 1]<UL><LI> startup_stm32f10x_hd.o(RESET)
</UL>
<P><STRONG><a name="[6a]"></a>RTCAlarm_IRQHandler</STRONG> (Thumb, 0 bytes, Stack size 0 bytes, startup_stm32f10x_hd.o(.text))
<BR>[Address Reference Count : 1]<UL><LI> startup_stm32f10x_hd.o(RESET)
</UL>
<P><STRONG><a name="[44]"></a>RTC_IRQHandler</STRONG> (Thumb, 0 bytes, Stack size 0 bytes, startup_stm32f10x_hd.o(.text))
<BR>[Address Reference Count : 1]<UL><LI> startup_stm32f10x_hd.o(RESET)
</UL>
<P><STRONG><a name="[72]"></a>SDIO_IRQHandler</STRONG> (Thumb, 0 bytes, Stack size 0 bytes, startup_stm32f10x_hd.o(.text))
<BR>[Address Reference Count : 1]<UL><LI> startup_stm32f10x_hd.o(RESET)
</UL>
<P><STRONG><a name="[64]"></a>SPI1_IRQHandler</STRONG> (Thumb, 0 bytes, Stack size 0 bytes, startup_stm32f10x_hd.o(.text))
<BR>[Address Reference Count : 1]<UL><LI> startup_stm32f10x_hd.o(RESET)
</UL>
<P><STRONG><a name="[65]"></a>SPI2_IRQHandler</STRONG> (Thumb, 0 bytes, Stack size 0 bytes, startup_stm32f10x_hd.o(.text))
<BR>[Address Reference Count : 1]<UL><LI> startup_stm32f10x_hd.o(RESET)
</UL>
<P><STRONG><a name="[74]"></a>SPI3_IRQHandler</STRONG> (Thumb, 0 bytes, Stack size 0 bytes, startup_stm32f10x_hd.o(.text))
<BR>[Address Reference Count : 1]<UL><LI> startup_stm32f10x_hd.o(RESET)
</UL>
<P><STRONG><a name="[43]"></a>TAMPER_IRQHandler</STRONG> (Thumb, 0 bytes, Stack size 0 bytes, startup_stm32f10x_hd.o(.text))
<BR>[Address Reference Count : 1]<UL><LI> startup_stm32f10x_hd.o(RESET)
</UL>
<P><STRONG><a name="[59]"></a>TIM1_BRK_IRQHandler</STRONG> (Thumb, 0 bytes, Stack size 0 bytes, startup_stm32f10x_hd.o(.text))
<BR>[Address Reference Count : 1]<UL><LI> startup_stm32f10x_hd.o(RESET)
</UL>
<P><STRONG><a name="[5c]"></a>TIM1_CC_IRQHandler</STRONG> (Thumb, 0 bytes, Stack size 0 bytes, startup_stm32f10x_hd.o(.text))
<BR>[Address Reference Count : 1]<UL><LI> startup_stm32f10x_hd.o(RESET)
</UL>
<P><STRONG><a name="[5b]"></a>TIM1_TRG_COM_IRQHandler</STRONG> (Thumb, 0 bytes, Stack size 0 bytes, startup_stm32f10x_hd.o(.text))
<BR>[Address Reference Count : 1]<UL><LI> startup_stm32f10x_hd.o(RESET)
</UL>
<P><STRONG><a name="[5a]"></a>TIM1_UP_IRQHandler</STRONG> (Thumb, 0 bytes, Stack size 0 bytes, startup_stm32f10x_hd.o(.text))
<BR>[Address Reference Count : 1]<UL><LI> startup_stm32f10x_hd.o(RESET)
</UL>
<P><STRONG><a name="[5d]"></a>TIM2_IRQHandler</STRONG> (Thumb, 0 bytes, Stack size 0 bytes, startup_stm32f10x_hd.o(.text))
<BR>[Address Reference Count : 1]<UL><LI> startup_stm32f10x_hd.o(RESET)
</UL>
<P><STRONG><a name="[5e]"></a>TIM3_IRQHandler</STRONG> (Thumb, 0 bytes, Stack size 0 bytes, startup_stm32f10x_hd.o(.text))
<BR>[Address Reference Count : 1]<UL><LI> startup_stm32f10x_hd.o(RESET)
</UL>
<P><STRONG><a name="[5f]"></a>TIM4_IRQHandler</STRONG> (Thumb, 0 bytes, Stack size 0 bytes, startup_stm32f10x_hd.o(.text))
<BR>[Address Reference Count : 1]<UL><LI> startup_stm32f10x_hd.o(RESET)
</UL>
<P><STRONG><a name="[73]"></a>TIM5_IRQHandler</STRONG> (Thumb, 0 bytes, Stack size 0 bytes, startup_stm32f10x_hd.o(.text))
<BR>[Address Reference Count : 1]<UL><LI> startup_stm32f10x_hd.o(RESET)
</UL>
<P><STRONG><a name="[77]"></a>TIM6_IRQHandler</STRONG> (Thumb, 0 bytes, Stack size 0 bytes, startup_stm32f10x_hd.o(.text))
<BR>[Address Reference Count : 1]<UL><LI> startup_stm32f10x_hd.o(RESET)
</UL>
<P><STRONG><a name="[78]"></a>TIM7_IRQHandler</STRONG> (Thumb, 0 bytes, Stack size 0 bytes, startup_stm32f10x_hd.o(.text))
<BR>[Address Reference Count : 1]<UL><LI> startup_stm32f10x_hd.o(RESET)
</UL>
<P><STRONG><a name="[6c]"></a>TIM8_BRK_IRQHandler</STRONG> (Thumb, 0 bytes, Stack size 0 bytes, startup_stm32f10x_hd.o(.text))
<BR>[Address Reference Count : 1]<UL><LI> startup_stm32f10x_hd.o(RESET)
</UL>
<P><STRONG><a name="[6f]"></a>TIM8_CC_IRQHandler</STRONG> (Thumb, 0 bytes, Stack size 0 bytes, startup_stm32f10x_hd.o(.text))
<BR>[Address Reference Count : 1]<UL><LI> startup_stm32f10x_hd.o(RESET)
</UL>
<P><STRONG><a name="[6e]"></a>TIM8_TRG_COM_IRQHandler</STRONG> (Thumb, 0 bytes, Stack size 0 bytes, startup_stm32f10x_hd.o(.text))
<BR>[Address Reference Count : 1]<UL><LI> startup_stm32f10x_hd.o(RESET)
</UL>
<P><STRONG><a name="[6d]"></a>TIM8_UP_IRQHandler</STRONG> (Thumb, 0 bytes, Stack size 0 bytes, startup_stm32f10x_hd.o(.text))
<BR>[Address Reference Count : 1]<UL><LI> startup_stm32f10x_hd.o(RESET)
</UL>
<P><STRONG><a name="[76]"></a>UART5_IRQHandler</STRONG> (Thumb, 0 bytes, Stack size 0 bytes, startup_stm32f10x_hd.o(.text))
<BR>[Address Reference Count : 1]<UL><LI> startup_stm32f10x_hd.o(RESET)
</UL>
<P><STRONG><a name="[68]"></a>USART3_IRQHandler</STRONG> (Thumb, 0 bytes, Stack size 0 bytes, startup_stm32f10x_hd.o(.text))
<BR>[Address Reference Count : 1]<UL><LI> startup_stm32f10x_hd.o(RESET)
</UL>
<P><STRONG><a name="[6b]"></a>USBWakeUp_IRQHandler</STRONG> (Thumb, 0 bytes, Stack size 0 bytes, startup_stm32f10x_hd.o(.text))
<BR>[Address Reference Count : 1]<UL><LI> startup_stm32f10x_hd.o(RESET)
</UL>
<P><STRONG><a name="[41]"></a>WWDG_IRQHandler</STRONG> (Thumb, 0 bytes, Stack size 0 bytes, startup_stm32f10x_hd.o(.text))
<BR>[Address Reference Count : 1]<UL><LI> startup_stm32f10x_hd.o(RESET)
</UL>
<P><STRONG><a name="[191]"></a>__user_initial_stackheap</STRONG> (Thumb, 0 bytes, Stack size unknown bytes, startup_stm32f10x_hd.o(.text))
<BR><BR>[Called By]<UL><LI><a href="#[15f]">&gt;&gt;</a>&nbsp;&nbsp;&nbsp;__user_setup_stackheap
</UL>

<P><STRONG><a name="[473]"></a>__user_libspace</STRONG> (Thumb, 8 bytes, Stack size 0 bytes, libspace.o(.text), UNUSED)

<P><STRONG><a name="[18f]"></a>__user_perproc_libspace</STRONG> (Thumb, 0 bytes, Stack size 0 bytes, libspace.o(.text))
<BR><BR>[Called By]<UL><LI><a href="#[15f]">&gt;&gt;</a>&nbsp;&nbsp;&nbsp;__user_setup_stackheap
<LI><a href="#[15b]">&gt;&gt;</a>&nbsp;&nbsp;&nbsp;__rt_locale
</UL>

<P><STRONG><a name="[36f]"></a>__aeabi_uldivmod</STRONG> (Thumb, 0 bytes, Stack size 48 bytes, lludivv7m.o(.text))
<BR><BR>[Stack]<UL><LI>Max Depth = 48<LI>Call Chain = __aeabi_uldivmod
</UL>
<BR>[Called By]<UL><LI><a href="#[bf]">&gt;&gt;</a>&nbsp;&nbsp;&nbsp;USART4ElecMeter_Thread
<LI><a href="#[ab]">&gt;&gt;</a>&nbsp;&nbsp;&nbsp;svcTimerStart
</UL>

<P><STRONG><a name="[474]"></a>_ll_udiv</STRONG> (Thumb, 238 bytes, Stack size 48 bytes, lludivv7m.o(.text), UNUSED)

<P><STRONG><a name="[172]"></a>__2sprintf</STRONG> (Thumb, 34 bytes, Stack size 32 bytes, noretval__2sprintf.o(.text))
<BR><BR>[Stack]<UL><LI>Max Depth = 136 + Unknown Stack Size
<LI>Call Chain = __2sprintf &rArr; _printf_char_common &rArr; __printf
</UL>
<BR>[Calls]<UL><LI><a href="#[81]">&gt;&gt;</a>&nbsp;&nbsp;&nbsp;_sputc
<LI><a href="#[173]">&gt;&gt;</a>&nbsp;&nbsp;&nbsp;_printf_char_common
</UL>
<BR>[Called By]<UL><LI><a href="#[b3]">&gt;&gt;</a>&nbsp;&nbsp;&nbsp;SHT11MS_Thread
<LI><a href="#[b1]">&gt;&gt;</a>&nbsp;&nbsp;&nbsp;LCD144_Thread
<LI><a href="#[cc]">&gt;&gt;</a>&nbsp;&nbsp;&nbsp;CurtainCM_Thread
<LI><a href="#[bc]">&gt;&gt;</a>&nbsp;&nbsp;&nbsp;contentCO2MS_Thread
<LI><a href="#[bb]">&gt;&gt;</a>&nbsp;&nbsp;&nbsp;windSpeedMS_Thread
<LI><a href="#[ba]">&gt;&gt;</a>&nbsp;&nbsp;&nbsp;RC522MS_Thread
<LI><a href="#[b9]">&gt;&gt;</a>&nbsp;&nbsp;&nbsp;RAINMS_Thread
<LI><a href="#[b8]">&gt;&gt;</a>&nbsp;&nbsp;&nbsp;RTMS_Thread
<LI><a href="#[b7]">&gt;&gt;</a>&nbsp;&nbsp;&nbsp;KeyBoardMS_Thread
<LI><a href="#[b6]">&gt;&gt;</a>&nbsp;&nbsp;&nbsp;SenSimMS_Thread
<LI><a href="#[b5]">&gt;&gt;</a>&nbsp;&nbsp;&nbsp;BMP180MS_Thread
<LI><a href="#[b4]">&gt;&gt;</a>&nbsp;&nbsp;&nbsp;TSL2561MS_Thread
<LI><a href="#[cb]">&gt;&gt;</a>&nbsp;&nbsp;&nbsp;swRelayCM_Thread
<LI><a href="#[c9]">&gt;&gt;</a>&nbsp;&nbsp;&nbsp;SouTogCM_Thread
<LI><a href="#[c8]">&gt;&gt;</a>&nbsp;&nbsp;&nbsp;airWarmingCM_Thread
<LI><a href="#[c7]">&gt;&gt;</a>&nbsp;&nbsp;&nbsp;exAirCM_DB_Thread
<LI><a href="#[c5]">&gt;&gt;</a>&nbsp;&nbsp;&nbsp;LEDGrowCM_DB_Thread
<LI><a href="#[c1]">&gt;&gt;</a>&nbsp;&nbsp;&nbsp;LEDSprayCM_DB_Thread
<LI><a href="#[bf]">&gt;&gt;</a>&nbsp;&nbsp;&nbsp;USART4ElecMeter_Thread
<LI><a href="#[bd]">&gt;&gt;</a>&nbsp;&nbsp;&nbsp;soilHumMS_Thread
</UL>

<P><STRONG><a name="[183]"></a>_printf_pre_padding</STRONG> (Thumb, 44 bytes, Stack size 16 bytes, _printf_pad.o(.text))
<BR><BR>[Stack]<UL><LI>Max Depth = 16<LI>Call Chain = _printf_pre_padding
</UL>
<BR>[Called By]<UL><LI><a href="#[18d]">&gt;&gt;</a>&nbsp;&nbsp;&nbsp;_printf_fp_infnan
<LI><a href="#[18b]">&gt;&gt;</a>&nbsp;&nbsp;&nbsp;_printf_fp_dec_real
<LI><a href="#[174]">&gt;&gt;</a>&nbsp;&nbsp;&nbsp;_printf_int_common
</UL>

<P><STRONG><a name="[184]"></a>_printf_post_padding</STRONG> (Thumb, 34 bytes, Stack size 16 bytes, _printf_pad.o(.text))
<BR><BR>[Stack]<UL><LI>Max Depth = 16<LI>Call Chain = _printf_post_padding
</UL>
<BR>[Called By]<UL><LI><a href="#[18d]">&gt;&gt;</a>&nbsp;&nbsp;&nbsp;_printf_fp_infnan
<LI><a href="#[18b]">&gt;&gt;</a>&nbsp;&nbsp;&nbsp;_printf_fp_dec_real
<LI><a href="#[174]">&gt;&gt;</a>&nbsp;&nbsp;&nbsp;_printf_int_common
</UL>

<P><STRONG><a name="[157]"></a>_printf_int_dec</STRONG> (Thumb, 104 bytes, Stack size 24 bytes, _printf_dec.o(.text))
<BR><BR>[Stack]<UL><LI>Max Depth = 72<LI>Call Chain = _printf_int_dec &rArr; _printf_int_common &rArr; _printf_post_padding
</UL>
<BR>[Calls]<UL><LI><a href="#[174]">&gt;&gt;</a>&nbsp;&nbsp;&nbsp;_printf_int_common
</UL>
<BR>[Called By]<UL><LI><a href="#[156]">&gt;&gt;</a>&nbsp;&nbsp;&nbsp;_printf_d
</UL>

<P><STRONG><a name="[159]"></a>_printf_int_hex</STRONG> (Thumb, 84 bytes, Stack size 16 bytes, _printf_hex_int.o(.text))
<BR><BR>[Stack]<UL><LI>Max Depth = 64<LI>Call Chain = _printf_int_hex &rArr; _printf_int_common &rArr; _printf_post_padding
</UL>
<BR>[Calls]<UL><LI><a href="#[174]">&gt;&gt;</a>&nbsp;&nbsp;&nbsp;_printf_int_common
</UL>
<BR>[Called By]<UL><LI><a href="#[158]">&gt;&gt;</a>&nbsp;&nbsp;&nbsp;_printf_x
</UL>

<P><STRONG><a name="[475]"></a>_printf_longlong_hex</STRONG> (Thumb, 0 bytes, Stack size 16 bytes, _printf_hex_int.o(.text), UNUSED)

<P><STRONG><a name="[175]"></a>__printf</STRONG> (Thumb, 308 bytes, Stack size 40 bytes, __printf_flags_wp.o(.text))
<BR><BR>[Stack]<UL><LI>Max Depth = 40 + Unknown Stack Size
<LI>Call Chain = __printf
</UL>
<BR>[Calls]<UL><LI><a href="#[177]">&gt;&gt;</a>&nbsp;&nbsp;&nbsp;_printf_percent
<LI><a href="#[176]">&gt;&gt;</a>&nbsp;&nbsp;&nbsp;_is_digit
</UL>
<BR>[Called By]<UL><LI><a href="#[173]">&gt;&gt;</a>&nbsp;&nbsp;&nbsp;_printf_char_common
</UL>

<P><STRONG><a name="[165]"></a>exit</STRONG> (Thumb, 18 bytes, Stack size 8 bytes, exit.o(.text))
<BR><BR>[Stack]<UL><LI>Max Depth = 8 + Unknown Stack Size
<LI>Call Chain = exit
</UL>
<BR>[Calls]<UL><LI><a href="#[178]">&gt;&gt;</a>&nbsp;&nbsp;&nbsp;__rt_exit
</UL>
<BR>[Called By]<UL><LI><a href="#[163]">&gt;&gt;</a>&nbsp;&nbsp;&nbsp;_platform_post_lib_init
<LI><a href="#[164]">&gt;&gt;</a>&nbsp;&nbsp;&nbsp;__rt_entry_main
</UL>

<P><STRONG><a name="[2bf]"></a>memcmp</STRONG> (Thumb, 88 bytes, Stack size 8 bytes, memcmp.o(.text))
<BR><BR>[Stack]<UL><LI>Max Depth = 8<LI>Call Chain = memcmp
</UL>
<BR>[Called By]<UL><LI><a href="#[b1]">&gt;&gt;</a>&nbsp;&nbsp;&nbsp;LCD144_Thread
<LI><a href="#[b0]">&gt;&gt;</a>&nbsp;&nbsp;&nbsp;USART2Trans_Thread
<LI><a href="#[bf]">&gt;&gt;</a>&nbsp;&nbsp;&nbsp;USART4ElecMeter_Thread
</UL>

<P><STRONG><a name="[358]"></a>strcpy</STRONG> (Thumb, 72 bytes, Stack size 12 bytes, strcpy.o(.text))
<BR><BR>[Stack]<UL><LI>Max Depth = 12<LI>Call Chain = strcpy
</UL>
<BR>[Called By]<UL><LI><a href="#[89]">&gt;&gt;</a>&nbsp;&nbsp;&nbsp;TaskLAdisp
</UL>

<P><STRONG><a name="[1ba]"></a>strlen</STRONG> (Thumb, 62 bytes, Stack size 8 bytes, strlen.o(.text))
<BR><BR>[Stack]<UL><LI>Max Depth = 8<LI>Call Chain = strlen
</UL>
<BR>[Called By]<UL><LI><a href="#[b3]">&gt;&gt;</a>&nbsp;&nbsp;&nbsp;SHT11MS_Thread
<LI><a href="#[210]">&gt;&gt;</a>&nbsp;&nbsp;&nbsp;DiSP_ASC
<LI><a href="#[af]">&gt;&gt;</a>&nbsp;&nbsp;&nbsp;USART1Debug_Thread
<LI><a href="#[cc]">&gt;&gt;</a>&nbsp;&nbsp;&nbsp;CurtainCM_Thread
<LI><a href="#[ae]">&gt;&gt;</a>&nbsp;&nbsp;&nbsp;keyTest_Thread
<LI><a href="#[bc]">&gt;&gt;</a>&nbsp;&nbsp;&nbsp;contentCO2MS_Thread
<LI><a href="#[bb]">&gt;&gt;</a>&nbsp;&nbsp;&nbsp;windSpeedMS_Thread
<LI><a href="#[ba]">&gt;&gt;</a>&nbsp;&nbsp;&nbsp;RC522MS_Thread
<LI><a href="#[b9]">&gt;&gt;</a>&nbsp;&nbsp;&nbsp;RAINMS_Thread
<LI><a href="#[b8]">&gt;&gt;</a>&nbsp;&nbsp;&nbsp;RTMS_Thread
<LI><a href="#[b7]">&gt;&gt;</a>&nbsp;&nbsp;&nbsp;KeyBoardMS_Thread
<LI><a href="#[b6]">&gt;&gt;</a>&nbsp;&nbsp;&nbsp;SenSimMS_Thread
<LI><a href="#[b5]">&gt;&gt;</a>&nbsp;&nbsp;&nbsp;BMP180MS_Thread
<LI><a href="#[b4]">&gt;&gt;</a>&nbsp;&nbsp;&nbsp;TSL2561MS_Thread
<LI><a href="#[cb]">&gt;&gt;</a>&nbsp;&nbsp;&nbsp;swRelayCM_Thread
<LI><a href="#[c9]">&gt;&gt;</a>&nbsp;&nbsp;&nbsp;SouTogCM_Thread
<LI><a href="#[c8]">&gt;&gt;</a>&nbsp;&nbsp;&nbsp;airWarmingCM_Thread
<LI><a href="#[c7]">&gt;&gt;</a>&nbsp;&nbsp;&nbsp;exAirCM_DB_Thread
<LI><a href="#[c5]">&gt;&gt;</a>&nbsp;&nbsp;&nbsp;LEDGrowCM_DB_Thread
<LI><a href="#[c1]">&gt;&gt;</a>&nbsp;&nbsp;&nbsp;LEDSprayCM_DB_Thread
<LI><a href="#[bf]">&gt;&gt;</a>&nbsp;&nbsp;&nbsp;USART4ElecMeter_Thread
<LI><a href="#[bd]">&gt;&gt;</a>&nbsp;&nbsp;&nbsp;soilHumMS_Thread
</UL>

<P><STRONG><a name="[3e4]"></a>strcat</STRONG> (Thumb, 24 bytes, Stack size 0 bytes, strcat.o(.text))
<BR><BR>[Called By]<UL><LI><a href="#[ae]">&gt;&gt;</a>&nbsp;&nbsp;&nbsp;keyTest_Thread
</UL>

<P><STRONG><a name="[17c]"></a>__aeabi_memcpy</STRONG> (Thumb, 0 bytes, Stack size 0 bytes, rt_memcpy_v6.o(.text))
<BR><BR>[Called By]<UL><LI><a href="#[210]">&gt;&gt;</a>&nbsp;&nbsp;&nbsp;DiSP_ASC
<LI><a href="#[1f7]">&gt;&gt;</a>&nbsp;&nbsp;&nbsp;DISP_HANZI
<LI><a href="#[21b]">&gt;&gt;</a>&nbsp;&nbsp;&nbsp;FRAME_TX_DATSLOAD
<LI><a href="#[123]">&gt;&gt;</a>&nbsp;&nbsp;&nbsp;_DrawBitmap
<LI><a href="#[99]">&gt;&gt;</a>&nbsp;&nbsp;&nbsp;_ReadRectFromMemdev
<LI><a href="#[17b]">&gt;&gt;</a>&nbsp;&nbsp;&nbsp;__rt_memmove
</UL>

<P><STRONG><a name="[179]"></a>__rt_memcpy</STRONG> (Thumb, 138 bytes, Stack size 0 bytes, rt_memcpy_v6.o(.text), UNUSED)
<BR><BR>[Calls]<UL><LI><a href="#[17a]">&gt;&gt;</a>&nbsp;&nbsp;&nbsp;__aeabi_memcpy4
</UL>

<P><STRONG><a name="[476]"></a>_memcpy_lastbytes</STRONG> (Thumb, 0 bytes, Stack size unknown bytes, rt_memcpy_v6.o(.text), UNUSED)

<P><STRONG><a name="[3c3]"></a>__aeabi_memmove</STRONG> (Thumb, 0 bytes, Stack size 0 bytes, rt_memmove_v6.o(.text))
<BR><BR>[Called By]<UL><LI><a href="#[23e]">&gt;&gt;</a>&nbsp;&nbsp;&nbsp;_RemoveHoles
</UL>

<P><STRONG><a name="[17b]"></a>__rt_memmove</STRONG> (Thumb, 132 bytes, Stack size 0 bytes, rt_memmove_v6.o(.text), UNUSED)
<BR><BR>[Calls]<UL><LI><a href="#[17c]">&gt;&gt;</a>&nbsp;&nbsp;&nbsp;__aeabi_memcpy
<LI><a href="#[17d]">&gt;&gt;</a>&nbsp;&nbsp;&nbsp;__memmove_aligned
</UL>

<P><STRONG><a name="[477]"></a>__memmove_lastfew</STRONG> (Thumb, 0 bytes, Stack size unknown bytes, rt_memmove_v6.o(.text), UNUSED)

<P><STRONG><a name="[17a]"></a>__aeabi_memcpy4</STRONG> (Thumb, 0 bytes, Stack size 8 bytes, rt_memcpy_w.o(.text))
<BR><BR>[Stack]<UL><LI>Max Depth = 8<LI>Call Chain = __aeabi_memcpy4
</UL>
<BR>[Called By]<UL><LI><a href="#[af]">&gt;&gt;</a>&nbsp;&nbsp;&nbsp;USART1Debug_Thread
<LI><a href="#[306]">&gt;&gt;</a>&nbsp;&nbsp;&nbsp;LD_AsrAddFixed
<LI><a href="#[3b7]">&gt;&gt;</a>&nbsp;&nbsp;&nbsp;_EnlargeBlocks
<LI><a href="#[22c]">&gt;&gt;</a>&nbsp;&nbsp;&nbsp;GUITASK_CopyContext
<LI><a href="#[179]">&gt;&gt;</a>&nbsp;&nbsp;&nbsp;__rt_memcpy
<LI><a href="#[18e]">&gt;&gt;</a>&nbsp;&nbsp;&nbsp;__rt_memmove_w
</UL>

<P><STRONG><a name="[478]"></a>__aeabi_memcpy8</STRONG> (Thumb, 0 bytes, Stack size 8 bytes, rt_memcpy_w.o(.text), UNUSED)

<P><STRONG><a name="[479]"></a>__rt_memcpy_w</STRONG> (Thumb, 100 bytes, Stack size 8 bytes, rt_memcpy_w.o(.text), UNUSED)

<P><STRONG><a name="[47a]"></a>_memcpy_lastbytes_aligned</STRONG> (Thumb, 0 bytes, Stack size unknown bytes, rt_memcpy_w.o(.text), UNUSED)

<P><STRONG><a name="[357]"></a>__aeabi_memclr</STRONG> (Thumb, 0 bytes, Stack size 0 bytes, rt_memclr.o(.text))
<BR><BR>[Called By]<UL><LI><a href="#[89]">&gt;&gt;</a>&nbsp;&nbsp;&nbsp;TaskLAdisp
<LI><a href="#[b0]">&gt;&gt;</a>&nbsp;&nbsp;&nbsp;USART2Trans_Thread
</UL>

<P><STRONG><a name="[17e]"></a>__rt_memclr</STRONG> (Thumb, 68 bytes, Stack size 0 bytes, rt_memclr.o(.text), UNUSED)
<BR><BR>[Calls]<UL><LI><a href="#[17f]">&gt;&gt;</a>&nbsp;&nbsp;&nbsp;_memset_w
</UL>

<P><STRONG><a name="[47b]"></a>_memset</STRONG> (Thumb, 0 bytes, Stack size unknown bytes, rt_memclr.o(.text), UNUSED)

<P><STRONG><a name="[1e5]"></a>__aeabi_memclr4</STRONG> (Thumb, 0 bytes, Stack size 4 bytes, rt_memclr_w.o(.text))
<BR><BR>[Stack]<UL><LI>Max Depth = 4<LI>Call Chain = __aeabi_memclr4
</UL>
<BR>[Called By]<UL><LI><a href="#[1f7]">&gt;&gt;</a>&nbsp;&nbsp;&nbsp;DISP_HANZI
<LI><a href="#[b0]">&gt;&gt;</a>&nbsp;&nbsp;&nbsp;USART2Trans_Thread
<LI><a href="#[af]">&gt;&gt;</a>&nbsp;&nbsp;&nbsp;USART1Debug_Thread
<LI><a href="#[364]">&gt;&gt;</a>&nbsp;&nbsp;&nbsp;USART_Initialize
<LI><a href="#[cc]">&gt;&gt;</a>&nbsp;&nbsp;&nbsp;CurtainCM_Thread
<LI><a href="#[ae]">&gt;&gt;</a>&nbsp;&nbsp;&nbsp;keyTest_Thread
<LI><a href="#[bf]">&gt;&gt;</a>&nbsp;&nbsp;&nbsp;USART4ElecMeter_Thread
<LI><a href="#[306]">&gt;&gt;</a>&nbsp;&nbsp;&nbsp;LD_AsrAddFixed
</UL>

<P><STRONG><a name="[47c]"></a>__aeabi_memclr8</STRONG> (Thumb, 0 bytes, Stack size 4 bytes, rt_memclr_w.o(.text), UNUSED)

<P><STRONG><a name="[47d]"></a>__rt_memclr_w</STRONG> (Thumb, 78 bytes, Stack size 4 bytes, rt_memclr_w.o(.text), UNUSED)

<P><STRONG><a name="[17f]"></a>_memset_w</STRONG> (Thumb, 0 bytes, Stack size unknown bytes, rt_memclr_w.o(.text), UNUSED)
<BR><BR>[Called By]<UL><LI><a href="#[17e]">&gt;&gt;</a>&nbsp;&nbsp;&nbsp;__rt_memclr
</UL>

<P><STRONG><a name="[222]"></a>strcmp</STRONG> (Thumb, 128 bytes, Stack size 0 bytes, strcmpv7m.o(.text))
<BR><BR>[Called By]<UL><LI><a href="#[89]">&gt;&gt;</a>&nbsp;&nbsp;&nbsp;TaskLAdisp
<LI><a href="#[af]">&gt;&gt;</a>&nbsp;&nbsp;&nbsp;USART1Debug_Thread
<LI><a href="#[21f]">&gt;&gt;</a>&nbsp;&nbsp;&nbsp;GT9147_Init
<LI><a href="#[15d]">&gt;&gt;</a>&nbsp;&nbsp;&nbsp;_get_lc_numeric
</UL>

<P><STRONG><a name="[47e]"></a>__use_two_region_memory</STRONG> (Thumb, 2 bytes, Stack size 0 bytes, heapauxi.o(.text), UNUSED)

<P><STRONG><a name="[47f]"></a>__rt_heap_escrow$2region</STRONG> (Thumb, 2 bytes, Stack size 0 bytes, heapauxi.o(.text), UNUSED)

<P><STRONG><a name="[480]"></a>__rt_heap_expand$2region</STRONG> (Thumb, 2 bytes, Stack size 0 bytes, heapauxi.o(.text), UNUSED)

<P><STRONG><a name="[180]"></a>__read_errno</STRONG> (Thumb, 10 bytes, Stack size 8 bytes, _rserrno.o(.text), UNUSED)
<BR><BR>[Calls]<UL><LI><a href="#[181]">&gt;&gt;</a>&nbsp;&nbsp;&nbsp;__aeabi_errno_addr
</UL>

<P><STRONG><a name="[182]"></a>__set_errno</STRONG> (Thumb, 12 bytes, Stack size 8 bytes, _rserrno.o(.text))
<BR><BR>[Stack]<UL><LI>Max Depth = 16<LI>Call Chain = __set_errno &rArr; __aeabi_errno_addr &rArr; __user_perthread_libspace
</UL>
<BR>[Calls]<UL><LI><a href="#[181]">&gt;&gt;</a>&nbsp;&nbsp;&nbsp;__aeabi_errno_addr
</UL>
<BR>[Called By]<UL><LI><a href="#[1b4]">&gt;&gt;</a>&nbsp;&nbsp;&nbsp;pow
<LI><a href="#[347]">&gt;&gt;</a>&nbsp;&nbsp;&nbsp;sqrt
</UL>

<P><STRONG><a name="[174]"></a>_printf_int_common</STRONG> (Thumb, 178 bytes, Stack size 32 bytes, _printf_intcommon.o(.text))
<BR><BR>[Stack]<UL><LI>Max Depth = 48<LI>Call Chain = _printf_int_common &rArr; _printf_post_padding
</UL>
<BR>[Calls]<UL><LI><a href="#[184]">&gt;&gt;</a>&nbsp;&nbsp;&nbsp;_printf_post_padding
<LI><a href="#[183]">&gt;&gt;</a>&nbsp;&nbsp;&nbsp;_printf_pre_padding
</UL>
<BR>[Called By]<UL><LI><a href="#[159]">&gt;&gt;</a>&nbsp;&nbsp;&nbsp;_printf_int_hex
<LI><a href="#[157]">&gt;&gt;</a>&nbsp;&nbsp;&nbsp;_printf_int_dec
</UL>

<P><STRONG><a name="[481]"></a>__lib_sel_fp_printf</STRONG> (Thumb, 2 bytes, Stack size 0 bytes, _printf_fp_dec.o(.text), UNUSED)

<P><STRONG><a name="[18b]"></a>_printf_fp_dec_real</STRONG> (Thumb, 620 bytes, Stack size 104 bytes, _printf_fp_dec.o(.text))
<BR><BR>[Stack]<UL><LI>Max Depth = 320<LI>Call Chain = _printf_fp_dec_real &rArr; _fp_digits &rArr; _btod_etento &rArr; _btod_emul &rArr; _e2e
</UL>
<BR>[Calls]<UL><LI><a href="#[184]">&gt;&gt;</a>&nbsp;&nbsp;&nbsp;_printf_post_padding
<LI><a href="#[183]">&gt;&gt;</a>&nbsp;&nbsp;&nbsp;_printf_pre_padding
<LI><a href="#[18d]">&gt;&gt;</a>&nbsp;&nbsp;&nbsp;_printf_fp_infnan
<LI><a href="#[15b]">&gt;&gt;</a>&nbsp;&nbsp;&nbsp;__rt_locale
<LI><a href="#[18c]">&gt;&gt;</a>&nbsp;&nbsp;&nbsp;__ARM_fpclassify
<LI><a href="#[185]">&gt;&gt;</a>&nbsp;&nbsp;&nbsp;_fp_digits
</UL>
<BR>[Called By]<UL><LI><a href="#[155]">&gt;&gt;</a>&nbsp;&nbsp;&nbsp;_printf_fp_dec
</UL>

<P><STRONG><a name="[173]"></a>_printf_char_common</STRONG> (Thumb, 32 bytes, Stack size 64 bytes, _printf_char_common.o(.text))
<BR><BR>[Stack]<UL><LI>Max Depth = 104 + Unknown Stack Size
<LI>Call Chain = _printf_char_common &rArr; __printf
</UL>
<BR>[Calls]<UL><LI><a href="#[175]">&gt;&gt;</a>&nbsp;&nbsp;&nbsp;__printf
</UL>
<BR>[Called By]<UL><LI><a href="#[172]">&gt;&gt;</a>&nbsp;&nbsp;&nbsp;__2sprintf
</UL>

<P><STRONG><a name="[81]"></a>_sputc</STRONG> (Thumb, 10 bytes, Stack size 0 bytes, _sputc.o(.text))
<BR><BR>[Called By]<UL><LI><a href="#[172]">&gt;&gt;</a>&nbsp;&nbsp;&nbsp;__2sprintf
</UL>
<BR>[Address Reference Count : 1]<UL><LI> noretval__2sprintf.o(.text)
</UL>
<P><STRONG><a name="[482]"></a>__aeabi_memmove4</STRONG> (Thumb, 0 bytes, Stack size 8 bytes, rt_memmove_w.o(.text), UNUSED)

<P><STRONG><a name="[483]"></a>__aeabi_memmove8</STRONG> (Thumb, 0 bytes, Stack size 8 bytes, rt_memmove_w.o(.text), UNUSED)

<P><STRONG><a name="[18e]"></a>__rt_memmove_w</STRONG> (Thumb, 122 bytes, Stack size 8 bytes, rt_memmove_w.o(.text), UNUSED)
<BR><BR>[Calls]<UL><LI><a href="#[17a]">&gt;&gt;</a>&nbsp;&nbsp;&nbsp;__aeabi_memcpy4
</UL>

<P><STRONG><a name="[17d]"></a>__memmove_aligned</STRONG> (Thumb, 0 bytes, Stack size unknown bytes, rt_memmove_w.o(.text), UNUSED)
<BR><BR>[Called By]<UL><LI><a href="#[17b]">&gt;&gt;</a>&nbsp;&nbsp;&nbsp;__rt_memmove
</UL>

<P><STRONG><a name="[484]"></a>__memmove_lastfew_aligned</STRONG> (Thumb, 0 bytes, Stack size unknown bytes, rt_memmove_w.o(.text), UNUSED)

<P><STRONG><a name="[15b]"></a>__rt_locale</STRONG> (Thumb, 10 bytes, Stack size 8 bytes, rt_locale_twolibspace.o(.text))
<BR><BR>[Stack]<UL><LI>Max Depth = 8<LI>Call Chain = __rt_locale
</UL>
<BR>[Calls]<UL><LI><a href="#[18f]">&gt;&gt;</a>&nbsp;&nbsp;&nbsp;__user_perproc_libspace
</UL>
<BR>[Called By]<UL><LI><a href="#[15a]">&gt;&gt;</a>&nbsp;&nbsp;&nbsp;__rt_lib_init_lc_common
<LI><a href="#[18b]">&gt;&gt;</a>&nbsp;&nbsp;&nbsp;_printf_fp_dec_real
</UL>

<P><STRONG><a name="[181]"></a>__aeabi_errno_addr</STRONG> (Thumb, 4 bytes, Stack size 0 bytes, rt_errno_addr_twolibspace.o(.text))
<BR><BR>[Stack]<UL><LI>Max Depth = 8<LI>Call Chain = __aeabi_errno_addr &rArr; __user_perthread_libspace
</UL>
<BR>[Calls]<UL><LI><a href="#[190]">&gt;&gt;</a>&nbsp;&nbsp;&nbsp;__user_perthread_libspace
</UL>
<BR>[Called By]<UL><LI><a href="#[182]">&gt;&gt;</a>&nbsp;&nbsp;&nbsp;__set_errno
<LI><a href="#[180]">&gt;&gt;</a>&nbsp;&nbsp;&nbsp;__read_errno
</UL>

[...]
<LI><a href="#[25b]">&gt;&gt;</a>&nbsp;&nbsp;&nbsp;LCD_Index2Color
</UL>
<BR>[Called By]<UL><LI><a href="#[137]">&gt;&gt;</a>&nbsp;&nbsp;&nbsp;_FillRect
</UL>
<BR>[Address Reference Count : 1]<UL><LI> gui_setalpha.o(.constdata)
</UL>
<P><STRONG><a name="[136]"></a>_DrawVLine</STRONG> (Thumb, 68 bytes, Stack size 24 bytes, gui_setalpha.o(i._DrawVLine))
<BR><BR>[Stack]<UL><LI>Max Depth = 104<LI>Call Chain = _DrawVLine &rArr; _XorPixel &rArr; _SetPixelIndex &rArr; _MixColors &rArr; GUI__MixColors
</UL>
<BR>[Calls]<UL><LI><a href="#[13a]">&gt;&gt;</a>&nbsp;&nbsp;&nbsp;_XorPixel
<LI><a href="#[139]">&gt;&gt;</a>&nbsp;&nbsp;&nbsp;_SetPixelIndex
</UL>
<BR>[Address Reference Count : 1]<UL><LI> gui_setalpha.o(.constdata)
</UL>
<P><STRONG><a name="[137]"></a>_FillRect</STRONG> (Thumb, 38 bytes, Stack size 24 bytes, gui_setalpha.o(i._FillRect))
<BR><BR>[Stack]<UL><LI>Max Depth = 168<LI>Call Chain = _FillRect &rArr; _DrawHLine &rArr; _GetLine &rArr; _GetBitsPerPixel &rArr; LCD_GetBitsPerPixelEx &rArr; _GetDevProp
</UL>
<BR>[Calls]<UL><LI><a href="#[135]">&gt;&gt;</a>&nbsp;&nbsp;&nbsp;_DrawHLine
</UL>
<BR>[Address Reference Count : 1]<UL><LI> gui_setalpha.o(.constdata)
</UL>
<P><STRONG><a name="[3b6]"></a>_GetBitsPerPixel</STRONG> (Thumb, 20 bytes, Stack size 8 bytes, gui_setalpha.o(i._GetBitsPerPixel))
<BR><BR>[Stack]<UL><LI>Max Depth = 24<LI>Call Chain = _GetBitsPerPixel &rArr; LCD_GetBitsPerPixelEx &rArr; _GetDevProp
</UL>
<BR>[Calls]<UL><LI><a href="#[2de]">&gt;&gt;</a>&nbsp;&nbsp;&nbsp;LCD_GetBitsPerPixelEx
</UL>
<BR>[Called By]<UL><LI><a href="#[3a1]">&gt;&gt;</a>&nbsp;&nbsp;&nbsp;_GetLine
<LI><a href="#[3a3]">&gt;&gt;</a>&nbsp;&nbsp;&nbsp;_DrawBitmapLine
</UL>

<P><STRONG><a name="[13e]"></a>_GetDevData</STRONG> (Thumb, 4 bytes, Stack size 0 bytes, gui_setalpha.o(i._GetDevData))
<BR>[Address Reference Count : 1]<UL><LI> gui_setalpha.o(.constdata)
</UL>
<P><STRONG><a name="[13c]"></a>_GetDevFunc</STRONG> (Thumb, 12 bytes, Stack size 0 bytes, gui_setalpha.o(i._GetDevFunc))
<BR>[Address Reference Count : 1]<UL><LI> gui_setalpha.o(.constdata)
</UL>
<P><STRONG><a name="[13d]"></a>_GetDevProp</STRONG> (Thumb, 8 bytes, Stack size 0 bytes, gui_setalpha.o(i._GetDevProp))
<BR>[Address Reference Count : 1]<UL><LI> gui_setalpha.o(.constdata)
</UL>
<P><STRONG><a name="[131]"></a>_GetIndexMask</STRONG> (Thumb, 20 bytes, Stack size 0 bytes, gui_setalpha.o(i._GetIndexMask))
<BR>[Address Reference Count : 1]<UL><LI> gui_setalpha.o(.constdata)
</UL>
<P><STRONG><a name="[3a1]"></a>_GetLine</STRONG> (Thumb, 154 bytes, Stack size 64 bytes, gui_setalpha.o(i._GetLine))
<BR><BR>[Stack]<UL><LI>Max Depth = 88<LI>Call Chain = _GetLine &rArr; _GetBitsPerPixel &rArr; LCD_GetBitsPerPixelEx &rArr; _GetDevProp
</UL>
<BR>[Calls]<UL><LI><a href="#[3bc]">&gt;&gt;</a>&nbsp;&nbsp;&nbsp;GUI__ExpandPixelIndices
<LI><a href="#[3b6]">&gt;&gt;</a>&nbsp;&nbsp;&nbsp;_GetBitsPerPixel
</UL>
<BR>[Called By]<UL><LI><a href="#[135]">&gt;&gt;</a>&nbsp;&nbsp;&nbsp;_DrawHLine
<LI><a href="#[3a9]">&gt;&gt;</a>&nbsp;&nbsp;&nbsp;_DrawBitLine32BPP
<LI><a href="#[3a5]">&gt;&gt;</a>&nbsp;&nbsp;&nbsp;_DrawBitLine1BPP
<LI><a href="#[39f]">&gt;&gt;</a>&nbsp;&nbsp;&nbsp;_DrawBitLine16BPP
</UL>

<P><STRONG><a name="[138]"></a>_GetPixelIndex</STRONG> (Thumb, 8 bytes, Stack size 0 bytes, gui_setalpha.o(i._GetPixelIndex))
<BR><BR>[Called By]<UL><LI><a href="#[13a]">&gt;&gt;</a>&nbsp;&nbsp;&nbsp;_XorPixel
<LI><a href="#[3a5]">&gt;&gt;</a>&nbsp;&nbsp;&nbsp;_DrawBitLine1BPP
</UL>
<BR>[Address Reference Count : 1]<UL><LI> gui_setalpha.o(.constdata)
</UL>
<P><STRONG><a name="[3a0]"></a>_GetPointers</STRONG> (Thumb, 18 bytes, Stack size 0 bytes, gui_setalpha.o(i._GetPointers))
<BR><BR>[Called By]<UL><LI><a href="#[135]">&gt;&gt;</a>&nbsp;&nbsp;&nbsp;_DrawHLine
<LI><a href="#[3a9]">&gt;&gt;</a>&nbsp;&nbsp;&nbsp;_DrawBitLine32BPP
<LI><a href="#[3a5]">&gt;&gt;</a>&nbsp;&nbsp;&nbsp;_DrawBitLine1BPP
<LI><a href="#[39f]">&gt;&gt;</a>&nbsp;&nbsp;&nbsp;_DrawBitLine16BPP
</UL>

<P><STRONG><a name="[13f]"></a>_GetRect</STRONG> (Thumb, 8 bytes, Stack size 0 bytes, gui_setalpha.o(i._GetRect))
<BR>[Address Reference Count : 1]<UL><LI> gui_setalpha.o(.constdata)
</UL>
<P><STRONG><a name="[130]"></a>_Index2Color</STRONG> (Thumb, 20 bytes, Stack size 0 bytes, gui_setalpha.o(i._Index2Color))
<BR>[Address Reference Count : 1]<UL><LI> gui_setalpha.o(.constdata)
</UL>
<P><STRONG><a name="[133]"></a>_Index2ColorBulk</STRONG> (Thumb, 158 bytes, Stack size 24 bytes, gui_setalpha.o(i._Index2ColorBulk))
<BR><BR>[Stack]<UL><LI>Max Depth = 24<LI>Call Chain = _Index2ColorBulk
</UL>
<BR>[Address Reference Count : 1]<UL><LI> gui_setalpha.o(.constdata)
</UL>
<P><STRONG><a name="[280]"></a>_InitAlpha</STRONG> (Thumb, 140 bytes, Stack size 16 bytes, gui_setalpha.o(i._InitAlpha))
<BR><BR>[Stack]<UL><LI>Max Depth = 160<LI>Call Chain = _InitAlpha &rArr; GUI_DEVICE_Create &rArr; GUI_ALLOC_GetFixedBlock &rArr; _InitOnce &rArr; _EnlargeBlocks &rArr;  _Alloc (Cycle)
</UL>
<BR>[Calls]<UL><LI><a href="#[230]">&gt;&gt;</a>&nbsp;&nbsp;&nbsp;GUI_ALLOC_GetFixedBlock
<LI><a href="#[22f]">&gt;&gt;</a>&nbsp;&nbsp;&nbsp;GUI__RegisterExit
<LI><a href="#[24a]">&gt;&gt;</a>&nbsp;&nbsp;&nbsp;GUI_ALLOC_FreeFixedBlock
<LI><a href="#[258]">&gt;&gt;</a>&nbsp;&nbsp;&nbsp;LCD_GetVXSizeMax
<LI><a href="#[249]">&gt;&gt;</a>&nbsp;&nbsp;&nbsp;GUI_DEVICE_Delete
<LI><a href="#[246]">&gt;&gt;</a>&nbsp;&nbsp;&nbsp;GUI_DEVICE_Create
</UL>
<BR>[Called By]<UL><LI><a href="#[257]">&gt;&gt;</a>&nbsp;&nbsp;&nbsp;GUI_SetAlpha
</UL>

<P><STRONG><a name="[3a2]"></a>_MixColors</STRONG> (Thumb, 46 bytes, Stack size 16 bytes, gui_setalpha.o(i._MixColors))
<BR><BR>[Stack]<UL><LI>Max Depth = 32<LI>Call Chain = _MixColors &rArr; GUI__MixColors
</UL>
<BR>[Calls]<UL><LI><a href="#[3c2]">&gt;&gt;</a>&nbsp;&nbsp;&nbsp;GUI__MixColors
</UL>
<BR>[Called By]<UL><LI><a href="#[139]">&gt;&gt;</a>&nbsp;&nbsp;&nbsp;_SetPixelIndex
<LI><a href="#[135]">&gt;&gt;</a>&nbsp;&nbsp;&nbsp;_DrawHLine
<LI><a href="#[3a9]">&gt;&gt;</a>&nbsp;&nbsp;&nbsp;_DrawBitLine32BPP
<LI><a href="#[3a5]">&gt;&gt;</a>&nbsp;&nbsp;&nbsp;_DrawBitLine1BPP
<LI><a href="#[39f]">&gt;&gt;</a>&nbsp;&nbsp;&nbsp;_DrawBitLine16BPP
</UL>

<P><STRONG><a name="[9a]"></a>_OnExit</STRONG> (Thumb, 50 bytes, Stack size 16 bytes, gui_setalpha.o(i._OnExit))
<BR><BR>[Stack]<UL><LI>Max Depth = 16<LI>Call Chain = _OnExit
</UL>
<BR>[Calls]<UL><LI><a href="#[24a]">&gt;&gt;</a>&nbsp;&nbsp;&nbsp;GUI_ALLOC_FreeFixedBlock
<LI><a href="#[249]">&gt;&gt;</a>&nbsp;&nbsp;&nbsp;GUI_DEVICE_Delete
</UL>
<BR>[Address Reference Count : 1]<UL><LI> gui_setalpha.o(i._InitAlpha)
</UL>
<P><STRONG><a name="[99]"></a>_ReadRectFromMemdev</STRONG> (Thumb, 142 bytes, Stack size 56 bytes, gui_setalpha.o(i._ReadRectFromMemdev))
<BR><BR>[Stack]<UL><LI>Max Depth = 112<LI>Call Chain = _ReadRectFromMemdev &rArr; GUI_MEMDEV_GetYPos &rArr; GUI_Lock &rArr; GUI_DEVICE_LinkDevices &rArr; GUI_DEVICE_Link
</UL>
<BR>[Calls]<UL><LI><a href="#[278]">&gt;&gt;</a>&nbsp;&nbsp;&nbsp;GUI_MEMDEV_GetYPos
<LI><a href="#[277]">&gt;&gt;</a>&nbsp;&nbsp;&nbsp;GUI_MEMDEV_GetXSize
<LI><a href="#[276]">&gt;&gt;</a>&nbsp;&nbsp;&nbsp;GUI_MEMDEV_GetXPos
<LI><a href="#[275]">&gt;&gt;</a>&nbsp;&nbsp;&nbsp;GUI_MEMDEV_GetDataPtr
<LI><a href="#[3bc]">&gt;&gt;</a>&nbsp;&nbsp;&nbsp;GUI__ExpandPixelIndices
<LI><a href="#[273]">&gt;&gt;</a>&nbsp;&nbsp;&nbsp;GUI_MEMDEV_GetBitsPerPixel
<LI><a href="#[17c]">&gt;&gt;</a>&nbsp;&nbsp;&nbsp;__aeabi_memcpy
</UL>
<BR>[Address Reference Count : 1]<UL><LI> gui_setalpha.o(i._GetLine)
</UL>
<P><STRONG><a name="[13b]"></a>_SetOrg</STRONG> (Thumb, 8 bytes, Stack size 0 bytes, gui_setalpha.o(i._SetOrg))
<BR>[Address Reference Count : 1]<UL><LI> gui_setalpha.o(.constdata)
</UL>
<P><STRONG><a name="[139]"></a>_SetPixelIndex</STRONG> (Thumb, 68 bytes, Stack size 24 bytes, gui_setalpha.o(i._SetPixelIndex))
<BR><BR>[Stack]<UL><LI>Max Depth = 56<LI>Call Chain = _SetPixelIndex &rArr; _MixColors &rArr; GUI__MixColors
</UL>
<BR>[Calls]<UL><LI><a href="#[3a2]">&gt;&gt;</a>&nbsp;&nbsp;&nbsp;_MixColors
</UL>
<BR>[Called By]<UL><LI><a href="#[13a]">&gt;&gt;</a>&nbsp;&nbsp;&nbsp;_XorPixel
<LI><a href="#[136]">&gt;&gt;</a>&nbsp;&nbsp;&nbsp;_DrawVLine
<LI><a href="#[3ad]">&gt;&gt;</a>&nbsp;&nbsp;&nbsp;_DrawBitLine8BPP
<LI><a href="#[3ab]">&gt;&gt;</a>&nbsp;&nbsp;&nbsp;_DrawBitLine4BPP
<LI><a href="#[3a7]">&gt;&gt;</a>&nbsp;&nbsp;&nbsp;_DrawBitLine2BPP
<LI><a href="#[3a5]">&gt;&gt;</a>&nbsp;&nbsp;&nbsp;_DrawBitLine1BPP
</UL>
<BR>[Address Reference Count : 1]<UL><LI> gui_setalpha.o(.constdata)
</UL>
<P><STRONG><a name="[13a]"></a>_XorPixel</STRONG> (Thumb, 42 bytes, Stack size 24 bytes, gui_setalpha.o(i._XorPixel))
<BR><BR>[Stack]<UL><LI>Max Depth = 80<LI>Call Chain = _XorPixel &rArr; _SetPixelIndex &rArr; _MixColors &rArr; GUI__MixColors
</UL>
<BR>[Calls]<UL><LI><a href="#[139]">&gt;&gt;</a>&nbsp;&nbsp;&nbsp;_SetPixelIndex
<LI><a href="#[138]">&gt;&gt;</a>&nbsp;&nbsp;&nbsp;_GetPixelIndex
</UL>
<BR>[Called By]<UL><LI><a href="#[136]">&gt;&gt;</a>&nbsp;&nbsp;&nbsp;_DrawVLine
</UL>
<BR>[Address Reference Count : 1]<UL><LI> gui_setalpha.o(.constdata)
</UL>
<P><STRONG><a name="[22d]"></a>_GetTaskNo</STRONG> (Thumb, 54 bytes, Stack size 16 bytes, gui_task.o(i._GetTaskNo))
<BR><BR>[Stack]<UL><LI>Max Depth = 16<LI>Call Chain = _GetTaskNo
</UL>
<BR>[Calls]<UL><LI><a href="#[26d]">&gt;&gt;</a>&nbsp;&nbsp;&nbsp;GUI_X_GetTaskId
</UL>
<BR>[Called By]<UL><LI><a href="#[234]">&gt;&gt;</a>&nbsp;&nbsp;&nbsp;GUI_Lock
<LI><a href="#[22e]">&gt;&gt;</a>&nbsp;&nbsp;&nbsp;GUITASK_Init
<LI><a href="#[22c]">&gt;&gt;</a>&nbsp;&nbsp;&nbsp;GUITASK_CopyContext
</UL>

<P><STRONG><a name="[84]"></a>_OnExit</STRONG> (Thumb, 16 bytes, Stack size 8 bytes, gui_task.o(i._OnExit))
<BR><BR>[Stack]<UL><LI>Max Depth = 8<LI>Call Chain = _OnExit
</UL>
<BR>[Calls]<UL><LI><a href="#[24a]">&gt;&gt;</a>&nbsp;&nbsp;&nbsp;GUI_ALLOC_FreeFixedBlock
</UL>
<BR>[Address Reference Count : 1]<UL><LI> gui_task.o(i.GUITASK_Init)
</UL>
<P><STRONG><a name="[28e]"></a>_Log2PhysX</STRONG> (Thumb, 78 bytes, Stack size 24 bytes, gui_touch_calibrate.o(i._Log2PhysX))
<BR><BR>[Stack]<UL><LI>Max Depth = 40<LI>Call Chain = _Log2PhysX &rArr; __aeabi_fmul
</UL>
<BR>[Calls]<UL><LI><a href="#[28b]">&gt;&gt;</a>&nbsp;&nbsp;&nbsp;__aeabi_fmul
<LI><a href="#[28a]">&gt;&gt;</a>&nbsp;&nbsp;&nbsp;__aeabi_i2f
<LI><a href="#[34a]">&gt;&gt;</a>&nbsp;&nbsp;&nbsp;__aeabi_f2iz
<LI><a href="#[1b9]">&gt;&gt;</a>&nbsp;&nbsp;&nbsp;__aeabi_fdiv
<LI><a href="#[28d]">&gt;&gt;</a>&nbsp;&nbsp;&nbsp;__aeabi_fsub
</UL>
<BR>[Called By]<UL><LI><a href="#[289]">&gt;&gt;</a>&nbsp;&nbsp;&nbsp;GUI_TOUCH_CalcCoefficients
</UL>

<P><STRONG><a name="[28f]"></a>_Log2PhysY</STRONG> (Thumb, 76 bytes, Stack size 24 bytes, gui_touch_calibrate.o(i._Log2PhysY))
<BR><BR>[Stack]<UL><LI>Max Depth = 40<LI>Call Chain = _Log2PhysY &rArr; __aeabi_fmul
</UL>
<BR>[Calls]<UL><LI><a href="#[28b]">&gt;&gt;</a>&nbsp;&nbsp;&nbsp;__aeabi_fmul
<LI><a href="#[28a]">&gt;&gt;</a>&nbsp;&nbsp;&nbsp;__aeabi_i2f
<LI><a href="#[34a]">&gt;&gt;</a>&nbsp;&nbsp;&nbsp;__aeabi_f2iz
<LI><a href="#[1b9]">&gt;&gt;</a>&nbsp;&nbsp;&nbsp;__aeabi_fdiv
<LI><a href="#[28d]">&gt;&gt;</a>&nbsp;&nbsp;&nbsp;__aeabi_fsub
</UL>
<BR>[Called By]<UL><LI><a href="#[289]">&gt;&gt;</a>&nbsp;&nbsp;&nbsp;GUI_TOUCH_CalcCoefficients
</UL>

<P><STRONG><a name="[142]"></a>_CalcSizeOfChar</STRONG> (Thumb, 4 bytes, Stack size 0 bytes, gui_uc_encodenone.o(i._CalcSizeOfChar))
<BR>[Address Reference Count : 1]<UL><LI> gui_uc_encodenone.o(.constdata)
</UL>
<P><STRONG><a name="[143]"></a>_Encode</STRONG> (Thumb, 6 bytes, Stack size 0 bytes, gui_uc_encodenone.o(i._Encode))
<BR>[Address Reference Count : 1]<UL><LI> gui_uc_encodenone.o(.constdata)
</UL>
<P><STRONG><a name="[140]"></a>_GetCharCode</STRONG> (Thumb, 4 bytes, Stack size 0 bytes, gui_uc_encodenone.o(i._GetCharCode))
<BR>[Address Reference Count : 1]<UL><LI> gui_uc_encodenone.o(.constdata)
</UL>
<P><STRONG><a name="[141]"></a>_GetCharSize</STRONG> (Thumb, 4 bytes, Stack size 0 bytes, gui_uc_encodenone.o(i._GetCharSize))
<BR>[Address Reference Count : 1]<UL><LI> gui_uc_encodenone.o(.constdata)
</UL>
<P><STRONG><a name="[145]"></a>_SetBkColor</STRONG> (Thumb, 28 bytes, Stack size 8 bytes, lcd.o(i._SetBkColor))
<BR><BR>[Stack]<UL><LI>Max Depth = 8<LI>Call Chain = _SetBkColor
</UL>
<BR>[Calls]<UL><LI><a href="#[2e7]">&gt;&gt;</a>&nbsp;&nbsp;&nbsp;LCD_Color2Index
<LI><a href="#[2f1]">&gt;&gt;</a>&nbsp;&nbsp;&nbsp;LCD_SetBkColorIndex
</UL>
<BR>[Address Reference Count : 1]<UL><LI> lcd.o(.constdata)
</UL>
<P><STRONG><a name="[144]"></a>_SetColor</STRONG> (Thumb, 28 bytes, Stack size 8 bytes, lcd.o(i._SetColor))
<BR><BR>[Stack]<UL><LI>Max Depth = 8<LI>Call Chain = _SetColor
</UL>
<BR>[Calls]<UL><LI><a href="#[2f0]">&gt;&gt;</a>&nbsp;&nbsp;&nbsp;LCD_SetColorIndex
<LI><a href="#[2e7]">&gt;&gt;</a>&nbsp;&nbsp;&nbsp;LCD_Color2Index
</UL>
<BR>[Address Reference Count : 1]<UL><LI> lcd.o(.constdata)
</UL>
<P><STRONG><a name="[146]"></a>_SetDrawMode</STRONG> (Thumb, 40 bytes, Stack size 12 bytes, lcd.o(i._SetDrawMode))
<BR><BR>[Stack]<UL><LI>Max Depth = 12<LI>Call Chain = _SetDrawMode
</UL>
<BR>[Address Reference Count : 1]<UL><LI> lcd.o(.constdata)
</UL>
<P><STRONG><a name="[88]"></a>_OnExit</STRONG> (Thumb, 16 bytes, Stack size 8 bytes, lcd_color.o(i._OnExit))
<BR><BR>[Stack]<UL><LI>Max Depth = 8<LI>Call Chain = _OnExit
</UL>
<BR>[Calls]<UL><LI><a href="#[24a]">&gt;&gt;</a>&nbsp;&nbsp;&nbsp;GUI_ALLOC_FreeFixedBlock
</UL>
<BR>[Address Reference Count : 1]<UL><LI> lcd_color.o(i.LCD_InitColors)
</UL>
<P><STRONG><a name="[39a]"></a>_Convert16</STRONG> (Thumb, 62 bytes, Stack size 40 bytes, guidev_writetoactiveopaque.o(i._Convert16))
<BR><BR>[Stack]<UL><LI>Max Depth = 48<LI>Call Chain = _Convert16 &rArr; GUI__CompactPixelIndices
</UL>
<BR>[Calls]<UL><LI><a href="#[39b]">&gt;&gt;</a>&nbsp;&nbsp;&nbsp;GUI__CompactPixelIndices
</UL>
<BR>[Called By]<UL><LI><a href="#[279]">&gt;&gt;</a>&nbsp;&nbsp;&nbsp;_WriteToActiveOpaque_8
</UL>

<P><STRONG><a name="[39c]"></a>_Convert8</STRONG> (Thumb, 62 bytes, Stack size 40 bytes, guidev_writetoactiveopaque.o(i._Convert8))
<BR><BR>[Stack]<UL><LI>Max Depth = 48<LI>Call Chain = _Convert8 &rArr; GUI__CompactPixelIndices
</UL>
<BR>[Calls]<UL><LI><a href="#[39b]">&gt;&gt;</a>&nbsp;&nbsp;&nbsp;GUI__CompactPixelIndices
</UL>
<BR>[Called By]<UL><LI><a href="#[279]">&gt;&gt;</a>&nbsp;&nbsp;&nbsp;_WriteToActiveOpaque_8
</UL>

<P><STRONG><a name="[279]"></a>_WriteToActiveOpaque_8</STRONG> (Thumb, 824 bytes, Stack size 168 bytes, guidev_writetoactiveopaque.o(i._WriteToActiveOpaque_8))
<BR><BR>[Stack]<UL><LI>Max Depth = 296<LI>Call Chain = _WriteToActiveOpaque_8 &rArr; GUI_ALLOC_AllocNoInit &rArr; _Alloc &rArr; _InitOnce &rArr; _EnlargeBlocks &rArr;  _Alloc (Cycle)
</UL>
<BR>[Calls]<UL><LI><a href="#[226]">&gt;&gt;</a>&nbsp;&nbsp;&nbsp;LCD_DrawBitmap
<LI><a href="#[239]">&gt;&gt;</a>&nbsp;&nbsp;&nbsp;GUI_ALLOC_UnlockH
<LI><a href="#[238]">&gt;&gt;</a>&nbsp;&nbsp;&nbsp;GUI_ALLOC_LockH
<LI><a href="#[23a]">&gt;&gt;</a>&nbsp;&nbsp;&nbsp;GUI_ALLOC_Free
<LI><a href="#[233]">&gt;&gt;</a>&nbsp;&nbsp;&nbsp;GUI_ALLOC_AllocNoInit
<LI><a href="#[3c6]">&gt;&gt;</a>&nbsp;&nbsp;&nbsp;GUI_GetpfColor2IndexEx
<LI><a href="#[3c4]">&gt;&gt;</a>&nbsp;&nbsp;&nbsp;GUI_GetBitsPerPixelEx
<LI><a href="#[3c5]">&gt;&gt;</a>&nbsp;&nbsp;&nbsp;GUI_GetpfIndex2ColorEx
<LI><a href="#[275]">&gt;&gt;</a>&nbsp;&nbsp;&nbsp;GUI_MEMDEV_GetDataPtr
<LI><a href="#[39c]">&gt;&gt;</a>&nbsp;&nbsp;&nbsp;_Convert8
<LI><a href="#[39a]">&gt;&gt;</a>&nbsp;&nbsp;&nbsp;_Convert16
<LI><a href="#[2f3]">&gt;&gt;</a>&nbsp;&nbsp;&nbsp;LCD__DrawBitmap_1bpp
</UL>
<BR>[Called By]<UL><LI><a href="#[98]">&gt;&gt;</a>&nbsp;&nbsp;&nbsp;GUI_MEMDEV__WriteToActiveOpaque
</UL>

<P><STRONG><a name="[27a]"></a>_WriteToActiveOpaque_HT</STRONG> (Thumb, 826 bytes, Stack size 144 bytes, guidev_writetoactiveopaque.o(i._WriteToActiveOpaque_HT))
<BR><BR>[Stack]<UL><LI>Max Depth = 272<LI>Call Chain = _WriteToActiveOpaque_HT &rArr; GUI_ALLOC_AllocNoInit &rArr; _Alloc &rArr; _InitOnce &rArr; _EnlargeBlocks &rArr;  _Alloc (Cycle)
</UL>
<BR>[Calls]<UL><LI><a href="#[226]">&gt;&gt;</a>&nbsp;&nbsp;&nbsp;LCD_DrawBitmap
<LI><a href="#[239]">&gt;&gt;</a>&nbsp;&nbsp;&nbsp;GUI_ALLOC_UnlockH
<LI><a href="#[238]">&gt;&gt;</a>&nbsp;&nbsp;&nbsp;GUI_ALLOC_LockH
<LI><a href="#[23a]">&gt;&gt;</a>&nbsp;&nbsp;&nbsp;GUI_ALLOC_Free
<LI><a href="#[233]">&gt;&gt;</a>&nbsp;&nbsp;&nbsp;GUI_ALLOC_AllocNoInit
<LI><a href="#[3c4]">&gt;&gt;</a>&nbsp;&nbsp;&nbsp;GUI_GetBitsPerPixelEx
</UL>
<BR>[Called By]<UL><LI><a href="#[98]">&gt;&gt;</a>&nbsp;&nbsp;&nbsp;GUI_MEMDEV__WriteToActiveOpaque
</UL>

<P><STRONG><a name="[14b]"></a>_Color2Index_0</STRONG> (Thumb, 84 bytes, Stack size 32 bytes, guicc_0.o(i._Color2Index_0))
<BR><BR>[Stack]<UL><LI>Max Depth = 48<LI>Call Chain = _Color2Index_0 &rArr; LCD_GetNumColors &rArr; _GetDevProp
</UL>
<BR>[Calls]<UL><LI><a href="#[2e3]">&gt;&gt;</a>&nbsp;&nbsp;&nbsp;LCD_GetPalette
<LI><a href="#[2e0]">&gt;&gt;</a>&nbsp;&nbsp;&nbsp;LCD_GetNumColors
<LI><a href="#[399]">&gt;&gt;</a>&nbsp;&nbsp;&nbsp;GUI_CalcColorDist
</UL>
<BR>[Address Reference Count : 1]<UL><LI> guicc_0.o(.constdata)
</UL>
<P><STRONG><a name="[14d]"></a>_GetIndexMask_0</STRONG> (Thumb, 82 bytes, Stack size 8 bytes, guicc_0.o(i._GetIndexMask_0))
<BR><BR>[Stack]<UL><LI>Max Depth = 24<LI>Call Chain = _GetIndexMask_0 &rArr; LCD_GetNumColors &rArr; _GetDevProp
</UL>
<BR>[Calls]<UL><LI><a href="#[2e0]">&gt;&gt;</a>&nbsp;&nbsp;&nbsp;LCD_GetNumColors
</UL>
<BR>[Address Reference Count : 1]<UL><LI> guicc_0.o(.constdata)
</UL>
<P><STRONG><a name="[14c]"></a>_Index2Color_0</STRONG> (Thumb, 32 bytes, Stack size 16 bytes, guicc_0.o(i._Index2Color_0))
<BR><BR>[Stack]<UL><LI>Max Depth = 32<LI>Call Chain = _Index2Color_0 &rArr; LCD_GetNumColors &rArr; _GetDevProp
</UL>
<BR>[Calls]<UL><LI><a href="#[2e3]">&gt;&gt;</a>&nbsp;&nbsp;&nbsp;LCD_GetPalette
<LI><a href="#[2e0]">&gt;&gt;</a>&nbsp;&nbsp;&nbsp;LCD_GetNumColors
</UL>
<BR>[Address Reference Count : 1]<UL><LI> guicc_0.o(.constdata)
</UL>
<P><STRONG><a name="[43a]"></a>_dadd1</STRONG> (Thumb, 0 bytes, Stack size unknown bytes, daddsub_clz.o(x$fpl$dadd), UNUSED)
<BR><BR>[Called By]<UL><LI><a href="#[43b]">&gt;&gt;</a>&nbsp;&nbsp;&nbsp;_dsub
<LI><a href="#[439]">&gt;&gt;</a>&nbsp;&nbsp;&nbsp;_drsb
</UL>

<P><STRONG><a name="[42d]"></a>_dsub1</STRONG> (Thumb, 0 bytes, Stack size unknown bytes, daddsub_clz.o(x$fpl$dsub), UNUSED)
<BR><BR>[Called By]<UL><LI><a href="#[439]">&gt;&gt;</a>&nbsp;&nbsp;&nbsp;_drsb
<LI><a href="#[42c]">&gt;&gt;</a>&nbsp;&nbsp;&nbsp;_dadd
</UL>

<P><STRONG><a name="[446]"></a>_fadd1</STRONG> (Thumb, 0 bytes, Stack size unknown bytes, faddsub_clz.o(x$fpl$fadd), UNUSED)
<BR><BR>[Called By]<UL><LI><a href="#[447]">&gt;&gt;</a>&nbsp;&nbsp;&nbsp;_fsub
<LI><a href="#[445]">&gt;&gt;</a>&nbsp;&nbsp;&nbsp;_frsb
</UL>

<P><STRONG><a name="[43f]"></a>_fsub1</STRONG> (Thumb, 0 bytes, Stack size unknown bytes, faddsub_clz.o(x$fpl$fsub), UNUSED)
<BR><BR>[Called By]<UL><LI><a href="#[445]">&gt;&gt;</a>&nbsp;&nbsp;&nbsp;_frsb
<LI><a href="#[43e]">&gt;&gt;</a>&nbsp;&nbsp;&nbsp;_fadd
</UL>

<P><STRONG><a name="[185]"></a>_fp_digits</STRONG> (Thumb, 428 bytes, Stack size 96 bytes, _printf_fp_dec.o(.text))
<BR><BR>[Stack]<UL><LI>Max Depth = 216<LI>Call Chain = _fp_digits &rArr; _btod_etento &rArr; _btod_emul &rArr; _e2e
</UL>
<BR>[Calls]<UL><LI><a href="#[189]">&gt;&gt;</a>&nbsp;&nbsp;&nbsp;_btod_emul
<LI><a href="#[188]">&gt;&gt;</a>&nbsp;&nbsp;&nbsp;_btod_ediv
<LI><a href="#[187]">&gt;&gt;</a>&nbsp;&nbsp;&nbsp;_btod_d2e
<LI><a href="#[186]">&gt;&gt;</a>&nbsp;&nbsp;&nbsp;_btod_etento
<LI><a href="#[18a]">&gt;&gt;</a>&nbsp;&nbsp;&nbsp;_ll_udiv10
</UL>
<BR>[Called By]<UL><LI><a href="#[18b]">&gt;&gt;</a>&nbsp;&nbsp;&nbsp;_printf_fp_dec_real
</UL>

<P><STRONG><a name="[82]"></a>_printf_input_char</STRONG> (Thumb, 10 bytes, Stack size 0 bytes, _printf_char_common.o(.text))
<BR>[Address Reference Count : 1]<UL><LI> _printf_char_common.o(.text)
</UL><P>
<H3>
Undefined Global Symbols
</H3><HR></body></html>
