<!doctype html public "-//w3c//dtd html 4.0 transitional//en">
<html><head>
<title>Static Call Graph - [.\Objects\GTAWZ-ZH-02.axf]</title></head>
<body><HR>
<H1>Static Call Graph for image .\Objects\GTAWZ-ZH-02.axf</H1><HR>
<BR><P>#&#060CALLGRAPH&#062# ARM Linker, 5060061: Last Updated: Thu Nov 23 19:50:13 2017
<BR><P>
<H3>Maximum Stack Usage =        320 bytes + Unknown(Functions without stacksize, Cycles, Untraceable Function Pointers)</H3><H3>
Call chain for Maximum Stack Depth:</H3>
_printf_f &rArr; _printf_fp_dec &rArr; _printf_fp_dec_real &rArr; _fp_digits &rArr; _btod_etento &rArr; _btod_emul &rArr; _e2e
<P>
<H3>
Functions with no stack information
</H3><UL>
 <LI><a href="#[103]">__user_initial_stackheap</a>
</UL>
</UL>
<P>
<H3>
Mutually Recursive functions
</H3> <LI><a href="#[6f]">rt_alloc_box</a>&nbsp;&nbsp;&nbsp;&rArr;&nbsp;&nbsp;&nbsp;<a href="#[6f]">rt_alloc_box</a><BR>
 <LI><a href="#[45]">ADC1_2_IRQHandler</a>&nbsp;&nbsp;&nbsp;&rArr;&nbsp;&nbsp;&nbsp;<a href="#[45]">ADC1_2_IRQHandler</a><BR>
 <LI><a href="#[1f6]">USART_Send</a>&nbsp;&nbsp;&nbsp;&rArr;&nbsp;&nbsp;&nbsp;<a href="#[1f5]">USART_Receive</a><BR>
</UL>
<P>
<H3>
Function Pointers
</H3><UL>
 <LI><a href="#[45]">ADC1_2_IRQHandler</a> from startup_stm32f10x_hd.o(.text) referenced from startup_stm32f10x_hd.o(RESET)
 <LI><a href="#[62]">ADC3_IRQHandler</a> from startup_stm32f10x_hd.o(.text) referenced from startup_stm32f10x_hd.o(RESET)
 <LI><a href="#[e]">BMP180MS</a> from bmp180.o(i.BMP180MS) referenced 2 times from bsp.o(.data)
 <LI><a href="#[92]">BMP180MS_Thread</a> from bmp180.o(i.BMP180MS_Thread) referenced from bmp180.o(.constdata)
 <LI><a href="#[20]">BMP180_Init</a> from bmp180.o(i.BMP180_Init) referenced 2 times from bsp.o(.data)
 <LI><a href="#[2d]">BusFault_Handler</a> from stm32f10x_it.o(i.BusFault_Handler) referenced from startup_stm32f10x_hd.o(RESET)
 <LI><a href="#[48]">CAN1_RX1_IRQHandler</a> from can_stm32f10x.o(i.CAN1_RX1_IRQHandler) referenced from startup_stm32f10x_hd.o(RESET)
 <LI><a href="#[49]">CAN1_SCE_IRQHandler</a> from can_stm32f10x.o(i.CAN1_SCE_IRQHandler) referenced from startup_stm32f10x_hd.o(RESET)
 <LI><a href="#[3e]">DMA1_Channel1_IRQHandler</a> from dma_stm32f10x.o(i.DMA1_Channel1_IRQHandler) referenced from startup_stm32f10x_hd.o(RESET)
 <LI><a href="#[3f]">DMA1_Channel2_IRQHandler</a> from dma_stm32f10x.o(i.DMA1_Channel2_IRQHandler) referenced from startup_stm32f10x_hd.o(RESET)
 <LI><a href="#[40]">DMA1_Channel3_IRQHandler</a> from dma_stm32f10x.o(i.DMA1_Channel3_IRQHandler) referenced from startup_stm32f10x_hd.o(RESET)
 <LI><a href="#[41]">DMA1_Channel4_IRQHandler</a> from dma_stm32f10x.o(i.DMA1_Channel4_IRQHandler) referenced from startup_stm32f10x_hd.o(RESET)
 <LI><a href="#[42]">DMA1_Channel5_IRQHandler</a> from dma_stm32f10x.o(i.DMA1_Channel5_IRQHandler) referenced from startup_stm32f10x_hd.o(RESET)
 <LI><a href="#[43]">DMA1_Channel6_IRQHandler</a> from dma_stm32f10x.o(i.DMA1_Channel6_IRQHandler) referenced from startup_stm32f10x_hd.o(RESET)
 <LI><a href="#[44]">DMA1_Channel7_IRQHandler</a> from dma_stm32f10x.o(i.DMA1_Channel7_IRQHandler) referenced from startup_stm32f10x_hd.o(RESET)
 <LI><a href="#[6b]">DMA2_Channel1_IRQHandler</a> from dma_stm32f10x.o(i.DMA2_Channel1_IRQHandler) referenced from startup_stm32f10x_hd.o(RESET)
 <LI><a href="#[6c]">DMA2_Channel2_IRQHandler</a> from dma_stm32f10x.o(i.DMA2_Channel2_IRQHandler) referenced from startup_stm32f10x_hd.o(RESET)
 <LI><a href="#[6d]">DMA2_Channel3_IRQHandler</a> from dma_stm32f10x.o(i.DMA2_Channel3_IRQHandler) referenced from startup_stm32f10x_hd.o(RESET)
 <LI><a href="#[6e]">DMA2_Channel4_5_IRQHandler</a> from dma_stm32f10x.o(i.DMA2_Channel4_5_IRQHandler) referenced from startup_stm32f10x_hd.o(RESET)
 <LI><a href="#[30]">DebugMon_Handler</a> from stm32f10x_it.o(i.DebugMon_Handler) referenced from startup_stm32f10x_hd.o(RESET)
 <LI><a href="#[39]">EXTI0_IRQHandler</a> from startup_stm32f10x_hd.o(.text) referenced from startup_stm32f10x_hd.o(RESET)
 <LI><a href="#[5b]">EXTI15_10_IRQHandler</a> from ld3320.o(i.EXTI15_10_IRQHandler) referenced from startup_stm32f10x_hd.o(RESET)
 <LI><a href="#[3a]">EXTI1_IRQHandler</a> from startup_stm32f10x_hd.o(.text) referenced from startup_stm32f10x_hd.o(RESET)
 <LI><a href="#[3b]">EXTI2_IRQHandler</a> from startup_stm32f10x_hd.o(.text) referenced from startup_stm32f10x_hd.o(RESET)
 <LI><a href="#[3c]">EXTI3_IRQHandler</a> from startup_stm32f10x_hd.o(.text) referenced from startup_stm32f10x_hd.o(RESET)
 <LI><a href="#[3d]">EXTI4_IRQHandler</a> from startup_stm32f10x_hd.o(.text) referenced from startup_stm32f10x_hd.o(RESET)
 <LI><a href="#[4a]">EXTI9_5_IRQHandler</a> from startup_stm32f10x_hd.o(.text) referenced from startup_stm32f10x_hd.o(RESET)
 <LI><a href="#[37]">FLASH_IRQHandler</a> from startup_stm32f10x_hd.o(.text) referenced from startup_stm32f10x_hd.o(RESET)
 <LI><a href="#[63]">FSMC_IRQHandler</a> from startup_stm32f10x_hd.o(.text) referenced from startup_stm32f10x_hd.o(RESET)
 <LI><a href="#[2b]">HardFault_Handler</a> from stm32f10x_it.o(i.HardFault_Handler) referenced from startup_stm32f10x_hd.o(RESET)
 <LI><a href="#[53]">I2C1_ER_IRQHandler</a> from startup_stm32f10x_hd.o(.text) referenced from startup_stm32f10x_hd.o(RESET)
 <LI><a href="#[52]">I2C1_EV_IRQHandler</a> from startup_stm32f10x_hd.o(.text) referenced from startup_stm32f10x_hd.o(RESET)
 <LI><a href="#[55]">I2C2_ER_IRQHandler</a> from startup_stm32f10x_hd.o(.text) referenced from startup_stm32f10x_hd.o(RESET)
 <LI><a href="#[54]">I2C2_EV_IRQHandler</a> from startup_stm32f10x_hd.o(.text) referenced from startup_stm32f10x_hd.o(RESET)
 <LI><a href="#[5]">KeyBoardMS</a> from keyboard.o(i.KeyBoardMS) referenced 2 times from bsp.o(.data)
 <LI><a href="#[94]">KeyBoardMS_Thread</a> from keyboard.o(i.KeyBoardMS_Thread) referenced from keyboard.o(.constdata)
 <LI><a href="#[8d]">LCD144Test_Thread</a> from lcd_1.44.o(i.LCD144Test_Thread) referenced from lcd_1.44.o(.constdata)
 <LI><a href="#[8e]">LCD144_Thread</a> from lcd_1.44.o(i.LCD144_Thread) referenced from lcd_1.44.o(.constdata)
 <LI><a href="#[10]">LEDArrayCM</a> from led_array.o(i.LEDArrayCM) referenced 2 times from bsp.o(.data)
 <LI><a href="#[8f]">LEDArrayCM_Thread</a> from led_array.o(i.LEDArrayCM_Thread) referenced from led_array.o(.constdata)
 <LI><a href="#[22]">LEDArray_Init</a> from led_array.o(i.LEDArray_Init) referenced 2 times from bsp.o(.data)
 <LI><a href="#[15]">LEDGrow</a> from ledgrow.o(i.LEDGrow) referenced 2 times from bsp.o(.data)
 <LI><a href="#[a1]">LEDGrowCM_DB_Thread</a> from ledgrow.o(i.LEDGrowCM_DB_Thread) referenced from ledgrow.o(.constdata)
 <LI><a href="#[a0]">LEDGrowCM_Thread</a> from ledgrow.o(i.LEDGrowCM_Thread) referenced from ledgrow.o(.constdata)
 <LI><a href="#[27]">LEDGrow_Init</a> from ledgrow.o(i.LEDGrow_Init) referenced 2 times from bsp.o(.data)
 <LI><a href="#[12]">LEDSpray</a> from ledspray.o(i.LEDSpray) referenced 2 times from bsp.o(.data)
 <LI><a href="#[9d]">LEDSprayCM_DB_Thread</a> from ledspray.o(i.LEDSprayCM_DB_Thread) referenced from ledspray.o(.constdata)
 <LI><a href="#[9c]">LEDSprayCM_Thread</a> from ledspray.o(i.LEDSprayCM_Thread) referenced from ledspray.o(.constdata)
 <LI><a href="#[24]">LEDSpray_Init</a> from ledspray.o(i.LEDSpray_Init) referenced 2 times from bsp.o(.data)
 <LI><a href="#[2c]">MemManage_Handler</a> from stm32f10x_it.o(i.MemManage_Handler) referenced from startup_stm32f10x_hd.o(RESET)
 <LI><a href="#[2a]">NMI_Handler</a> from stm32f10x_it.o(i.NMI_Handler) referenced from startup_stm32f10x_hd.o(RESET)
 <LI><a href="#[34]">PVD_IRQHandler</a> from startup_stm32f10x_hd.o(.text) referenced from startup_stm32f10x_hd.o(RESET)
 <LI><a href="#[31]">PendSV_Handler</a> from hal_cm3.o(.emb_text) referenced from startup_stm32f10x_hd.o(RESET)
 <LI><a href="#[7]">Phonetics</a> from ld3320.o(i.Phonetics) referenced 2 times from bsp.o(.data)
 <LI><a href="#[9b]">PhoneticsMS_Thread</a> from ld3320.o(i.PhoneticsMS_Thread) referenced from ld3320.o(.constdata)
 <LI><a href="#[19]">Phonetics_Init</a> from ld3320.o(i.Phonetics_Init) referenced 2 times from bsp.o(.data)
 <LI><a href="#[a6]">PowDetect_Thread</a> from sourcetog.o(i.PowDetect_Thread) referenced from sourcetog.o(.constdata)
 <LI><a href="#[c]">RAINMS</a> from sensor_rain.o(i.RAINMS) referenced 2 times from bsp.o(.data)
 <LI><a href="#[96]">RAINMS_Thread</a> from sensor_rain.o(i.RAINMS_Thread) referenced from sensor_rain.o(.constdata)
 <LI><a href="#[1e]">RAIN_Init</a> from sensor_rain.o(i.RAIN_Init) referenced 2 times from bsp.o(.data)
 <LI><a href="#[6]">RC522</a> from rc522_function.o(i.RC522) referenced 2 times from bsp.o(.data)
 <LI><a href="#[97]">RC522MS_Thread</a> from rc522_function.o(i.RC522MS_Thread) referenced from rc522_function.o(.constdata)
 <LI><a href="#[18]">RC522_Init</a> from rc522_config.o(i.RC522_Init) referenced 2 times from bsp.o(.data)
 <LI><a href="#[38]">RCC_IRQHandler</a> from startup_stm32f10x_hd.o(.text) referenced from startup_stm32f10x_hd.o(RESET)
 <LI><a href="#[5c]">RTCAlarm_IRQHandler</a> from startup_stm32f10x_hd.o(.text) referenced from startup_stm32f10x_hd.o(RESET)
 <LI><a href="#[36]">RTC_IRQHandler</a> from startup_stm32f10x_hd.o(.text) referenced from startup_stm32f10x_hd.o(RESET)
 <LI><a href="#[b]">RTMS</a> from sensor_rt.o(i.RTMS) referenced 2 times from bsp.o(.data)
 <LI><a href="#[95]">RTMS_Thread</a> from sensor_rt.o(i.RTMS_Thread) referenced from sensor_rt.o(.constdata)
 <LI><a href="#[1d]">RT_Init</a> from sensor_rt.o(i.RT_Init) referenced 2 times from bsp.o(.data)
 <LI><a href="#[29]">Reset_Handler</a> from startup_stm32f10x_hd.o(.text) referenced from startup_stm32f10x_hd.o(RESET)
 <LI><a href="#[64]">SDIO_IRQHandler</a> from startup_stm32f10x_hd.o(.text) referenced from startup_stm32f10x_hd.o(RESET)
 <LI><a href="#[d]">SHT11MS</a> from sht11.o(i.SHT11MS) referenced 2 times from bsp.o(.data)
 <LI><a href="#[90]">SHT11MS_Thread</a> from sht11.o(i.SHT11MS_Thread) referenced from sht11.o(.constdata)
 <LI><a href="#[1f]">SHT11_Init</a> from sht11.o(i.SHT11_Init) referenced 2 times from bsp.o(.data)
 <LI><a href="#[56]">SPI1_IRQHandler</a> from startup_stm32f10x_hd.o(.text) referenced from startup_stm32f10x_hd.o(RESET)
 <LI><a href="#[57]">SPI2_IRQHandler</a> from startup_stm32f10x_hd.o(.text) referenced from startup_stm32f10x_hd.o(RESET)
 <LI><a href="#[66]">SPI3_IRQHandler</a> from startup_stm32f10x_hd.o(.text) referenced from startup_stm32f10x_hd.o(RESET)
 <LI><a href="#[2f]">SVC_Handler</a> from hal_cm3.o(.emb_text) referenced from startup_stm32f10x_hd.o(RESET)
 <LI><a href="#[93]">SenSimMS_Thread</a> from sensorsim.o(i.SenSimMS_Thread) referenced from sensorsim.o(.constdata)
 <LI><a href="#[8]">SensorSIMMS</a> from sensorsim.o(i.SensorSIMMS) referenced 2 times from bsp.o(.data)
 <LI><a href="#[1a]">SensorSIM_Init</a> from sensorsim.o(i.SensorSIM_Init) referenced 2 times from bsp.o(.data)
 <LI><a href="#[a5]">SouTogCM_Thread</a> from sourcetog.o(i.SouTogCM_Thread) referenced from sourcetog.o(.constdata)
 <LI><a href="#[16]">SourceTogCM</a> from sourcetog.o(i.SourceTogCM) referenced 2 times from bsp.o(.data)
 <LI><a href="#[28]">SourceTog_Init</a> from sourcetog.o(i.SourceTog_Init) referenced 2 times from bsp.o(.data)
 <LI><a href="#[32]">SysTick_Handler</a> from hal_cm3.o(.emb_text) referenced from startup_stm32f10x_hd.o(RESET)
 <LI><a href="#[71]">SystemInit</a> from system_stm32f10x.o(i.SystemInit) referenced from startup_stm32f10x_hd.o(.text)
 <LI><a href="#[35]">TAMPER_IRQHandler</a> from startup_stm32f10x_hd.o(.text) referenced from startup_stm32f10x_hd.o(RESET)
 <LI><a href="#[4b]">TIM1_BRK_IRQHandler</a> from startup_stm32f10x_hd.o(.text) referenced from startup_stm32f10x_hd.o(RESET)
 <LI><a href="#[4e]">TIM1_CC_IRQHandler</a> from startup_stm32f10x_hd.o(.text) referenced from startup_stm32f10x_hd.o(RESET)
 <LI><a href="#[4d]">TIM1_TRG_COM_IRQHandler</a> from startup_stm32f10x_hd.o(.text) referenced from startup_stm32f10x_hd.o(RESET)
 <LI><a href="#[4c]">TIM1_UP_IRQHandler</a> from startup_stm32f10x_hd.o(.text) referenced from startup_stm32f10x_hd.o(RESET)
 <LI><a href="#[4f]">TIM2_IRQHandler</a> from startup_stm32f10x_hd.o(.text) referenced from startup_stm32f10x_hd.o(RESET)
 <LI><a href="#[50]">TIM3_IRQHandler</a> from startup_stm32f10x_hd.o(.text) referenced from startup_stm32f10x_hd.o(RESET)
 <LI><a href="#[51]">TIM4_IRQHandler</a> from startup_stm32f10x_hd.o(.text) referenced from startup_stm32f10x_hd.o(RESET)
 <LI><a href="#[65]">TIM5_IRQHandler</a> from startup_stm32f10x_hd.o(.text) referenced from startup_stm32f10x_hd.o(RESET)
 <LI><a href="#[69]">TIM6_IRQHandler</a> from startup_stm32f10x_hd.o(.text) referenced from startup_stm32f10x_hd.o(RESET)
 <LI><a href="#[6a]">TIM7_IRQHandler</a> from startup_stm32f10x_hd.o(.text) referenced from startup_stm32f10x_hd.o(RESET)
 <LI><a href="#[5e]">TIM8_BRK_IRQHandler</a> from startup_stm32f10x_hd.o(.text) referenced from startup_stm32f10x_hd.o(RESET)
 <LI><a href="#[61]">TIM8_CC_IRQHandler</a> from startup_stm32f10x_hd.o(.text) referenced from startup_stm32f10x_hd.o(RESET)
 <LI><a href="#[60]">TIM8_TRG_COM_IRQHandler</a> from startup_stm32f10x_hd.o(.text) referenced from startup_stm32f10x_hd.o(RESET)
 <LI><a href="#[5f]">TIM8_UP_IRQHandler</a> from startup_stm32f10x_hd.o(.text) referenced from startup_stm32f10x_hd.o(RESET)
 <LI><a href="#[9]">TSL2561MS</a> from tsl2561.o(i.TSL2561MS) referenced 2 times from bsp.o(.data)
 <LI><a href="#[91]">TSL2561MS_Thread</a> from tsl2561.o(i.TSL2561MS_Thread) referenced from tsl2561.o(.constdata)
 <LI><a href="#[1b]">TSL2561_Init</a> from tsl2561.o(i.TSL2561_Init) referenced 2 times from bsp.o(.data)
 <LI><a href="#[75]">TaskLAdisp</a> from led_array.o(i.TaskLAdisp) referenced from led_array.o(.constdata)
 <LI><a href="#[75]">TaskLAdisp</a> from led_array.o(i.TaskLAdisp) referenced from led_array.o(i.LEDArrayCM)
 <LI><a href="#[67]">UART4_IRQHandler</a> from startup_stm32f10x_hd.o(.text) referenced from startup_stm32f10x_hd.o(RESET)
 <LI><a href="#[68]">UART5_IRQHandler</a> from startup_stm32f10x_hd.o(.text) referenced from startup_stm32f10x_hd.o(RESET)
 <LI><a href="#[8b]">USART1Debug_Thread</a> from wirelesstrans_usart.o(i.USART1Debug_Thread) referenced from wirelesstrans_usart.o(.constdata)
 <LI><a href="#[b1]">USART1_Control</a> from usart_stm32f10x.o(i.USART1_Control) referenced from usart_stm32f10x.o(.constdata)
 <LI><a href="#[a8]">USART1_GetCapabilities</a> from usart_stm32f10x.o(i.USART1_GetCapabilities) referenced from usart_stm32f10x.o(.constdata)
 <LI><a href="#[b4]">USART1_GetModemStatus</a> from usart_stm32f10x.o(i.USART1_GetModemStatus) referenced from usart_stm32f10x.o(.constdata)
 <LI><a href="#[b0]">USART1_GetRxCount</a> from usart_stm32f10x.o(i.USART1_GetRxCount) referenced from usart_stm32f10x.o(.constdata)
 <LI><a href="#[b2]">USART1_GetStatus</a> from usart_stm32f10x.o(i.USART1_GetStatus) referenced from usart_stm32f10x.o(.constdata)
 <LI><a href="#[af]">USART1_GetTxCount</a> from usart_stm32f10x.o(i.USART1_GetTxCount) referenced from usart_stm32f10x.o(.constdata)
 <LI><a href="#[58]">USART1_IRQHandler</a> from usart_stm32f10x.o(i.USART1_IRQHandler) referenced from startup_stm32f10x_hd.o(RESET)
 <LI><a href="#[a9]">USART1_Initialize</a> from usart_stm32f10x.o(i.USART1_Initialize) referenced from usart_stm32f10x.o(.constdata)
 <LI><a href="#[ab]">USART1_PowerControl</a> from usart_stm32f10x.o(i.USART1_PowerControl) referenced from usart_stm32f10x.o(.constdata)
 <LI><a href="#[ad]">USART1_Receive</a> from usart_stm32f10x.o(i.USART1_Receive) referenced from usart_stm32f10x.o(.constdata)
 <LI><a href="#[ac]">USART1_Send</a> from usart_stm32f10x.o(i.USART1_Send) referenced from usart_stm32f10x.o(.constdata)
 <LI><a href="#[b3]">USART1_SetModemControl</a> from usart_stm32f10x.o(i.USART1_SetModemControl) referenced from usart_stm32f10x.o(.constdata)
 <LI><a href="#[ae]">USART1_Transfer</a> from usart_stm32f10x.o(i.USART1_Transfer) referenced from usart_stm32f10x.o(.constdata)
 <LI><a href="#[aa]">USART1_Uninitialize</a> from usart_stm32f10x.o(i.USART1_Uninitialize) referenced from usart_stm32f10x.o(.constdata)
 <LI><a href="#[8c]">USART2Trans_Thread</a> from wirelesstrans_usart.o(i.USART2Trans_Thread) referenced from wirelesstrans_usart.o(.constdata)
 <LI><a href="#[be]">USART2_Control</a> from usart_stm32f10x.o(i.USART2_Control) referenced from usart_stm32f10x.o(.constdata)
 <LI><a href="#[b5]">USART2_GetCapabilities</a> from usart_stm32f10x.o(i.USART2_GetCapabilities) referenced from usart_stm32f10x.o(.constdata)
 <LI><a href="#[c1]">USART2_GetModemStatus</a> from usart_stm32f10x.o(i.USART2_GetModemStatus) referenced from usart_stm32f10x.o(.constdata)
 <LI><a href="#[bd]">USART2_GetRxCount</a> from usart_stm32f10x.o(i.USART2_GetRxCount) referenced from usart_stm32f10x.o(.constdata)
 <LI><a href="#[bf]">USART2_GetStatus</a> from usart_stm32f10x.o(i.USART2_GetStatus) referenced from usart_stm32f10x.o(.constdata)
 <LI><a href="#[bc]">USART2_GetTxCount</a> from usart_stm32f10x.o(i.USART2_GetTxCount) referenced from usart_stm32f10x.o(.constdata)
 <LI><a href="#[59]">USART2_IRQHandler</a> from usart_stm32f10x.o(i.USART2_IRQHandler) referenced from startup_stm32f10x_hd.o(RESET)
 <LI><a href="#[b6]">USART2_Initialize</a> from usart_stm32f10x.o(i.USART2_Initialize) referenced from usart_stm32f10x.o(.constdata)
 <LI><a href="#[b8]">USART2_PowerControl</a> from usart_stm32f10x.o(i.USART2_PowerControl) referenced from usart_stm32f10x.o(.constdata)
 <LI><a href="#[ba]">USART2_Receive</a> from usart_stm32f10x.o(i.USART2_Receive) referenced from usart_stm32f10x.o(.constdata)
 <LI><a href="#[b9]">USART2_Send</a> from usart_stm32f10x.o(i.USART2_Send) referenced from usart_stm32f10x.o(.constdata)
 <LI><a href="#[c0]">USART2_SetModemControl</a> from usart_stm32f10x.o(i.USART2_SetModemControl) referenced from usart_stm32f10x.o(.constdata)
 <LI><a href="#[bb]">USART2_Transfer</a> from usart_stm32f10x.o(i.USART2_Transfer) referenced from usart_stm32f10x.o(.constdata)
 <LI><a href="#[b7]">USART2_Uninitialize</a> from usart_stm32f10x.o(i.USART2_Uninitialize) referenced from usart_stm32f10x.o(.constdata)
 <LI><a href="#[5a]">USART3_IRQHandler</a> from startup_stm32f10x_hd.o(.text) referenced from startup_stm32f10x_hd.o(RESET)
 <LI><a href="#[a7]">USARTx_GetVersion</a> from usart_stm32f10x.o(i.USARTx_GetVersion) referenced 2 times from usart_stm32f10x.o(.constdata)
 <LI><a href="#[5d]">USBWakeUp_IRQHandler</a> from startup_stm32f10x_hd.o(.text) referenced from startup_stm32f10x_hd.o(RESET)
 <LI><a href="#[46]">USB_HP_CAN1_TX_IRQHandler</a> from can_stm32f10x.o(i.USB_HP_CAN1_TX_IRQHandler) referenced from startup_stm32f10x_hd.o(RESET)
 <LI><a href="#[47]">USB_LP_CAN1_RX0_IRQHandler</a> from can_stm32f10x.o(i.USB_LP_CAN1_RX0_IRQHandler) referenced from startup_stm32f10x_hd.o(RESET)
 <LI><a href="#[2e]">UsageFault_Handler</a> from stm32f10x_it.o(i.UsageFault_Handler) referenced from startup_stm32f10x_hd.o(RESET)
 <LI><a href="#[33]">WWDG_IRQHandler</a> from startup_stm32f10x_hd.o(.text) referenced from startup_stm32f10x_hd.o(RESET)
 <LI><a href="#[c4]">__main</a> from __main.o(!!!main) referenced from startup_stm32f10x_hd.o(.text)
 <LI><a href="#[74]">_printf_input_char</a> from _printf_char_common.o(.text) referenced from _printf_char_common.o(.text)
 <LI><a href="#[73]">_sputc</a> from _sputc.o(.text) referenced from noretval__2sprintf.o(.text)
 <LI><a href="#[14]">airWarming</a> from airwarming.o(i.airWarming) referenced 2 times from bsp.o(.data)
 <LI><a href="#[a4]">airWarmingCM_Thread</a> from airwarming.o(i.airWarmingCM_Thread) referenced from airwarming.o(.constdata)
 <LI><a href="#[26]">airWarming_Init</a> from airwarming.o(i.airWarming_Init) referenced 2 times from bsp.o(.data)
 <LI><a href="#[a]">contentCO2MS</a> from contentco2.o(i.contentCO2MS) referenced 2 times from bsp.o(.data)
 <LI><a href="#[99]">contentCO2MS_Thread</a> from contentco2.o(i.contentCO2MS_Thread) referenced from contentco2.o(.constdata)
 <LI><a href="#[1c]">contentCO2_Init</a> from contentco2.o(i.contentCO2_Init) referenced 2 times from bsp.o(.data)
 <LI><a href="#[13]">exAir</a> from exair.o(i.exAir) referenced 2 times from bsp.o(.data)
 <LI><a href="#[a3]">exAirCM_DB_Thread</a> from exair.o(i.exAirCM_DB_Thread) referenced from exair.o(.constdata)
 <LI><a href="#[a2]">exAirCM_Thread</a> from exair.o(i.exAirCM_Thread) referenced from exair.o(.constdata)
 <LI><a href="#[25]">exAir_Init</a> from exair.o(i.exAir_Init) referenced 2 times from bsp.o(.data)
 <LI><a href="#[9f]">flash_PST_Thread</a> from ledspray.o(i.flash_PST_Thread) referenced from ledspray.o(.constdata)
 <LI><a href="#[9e]">flash_SPY_Thread</a> from ledspray.o(i.flash_SPY_Thread) referenced from ledspray.o(.constdata)
 <LI><a href="#[17]">keyBoard_Init</a> from keyboard.o(i.keyBoard_Init) referenced 2 times from bsp.o(.data)
 <LI><a href="#[8a]">keyTest_Thread</a> from key&tips.o(i.keyTest_Thread) referenced from key&tips.o(.constdata)
 <LI><a href="#[c3]">main</a> from usrmain.o(i.main) referenced from rtx_conf_cm.o(.constdata)
 <LI><a href="#[76]">myUSART1_callback</a> from wirelesstrans_usart.o(i.myUSART1_callback) referenced from wirelesstrans_usart.o(i.USART1Init2)
 <LI><a href="#[77]">myUSART2_callback</a> from wirelesstrans_usart.o(i.myUSART2_callback) referenced from wirelesstrans_usart.o(i.USART2Init2)
 <LI><a href="#[89]">osThreadExit</a> from rt_cmsis.o(i.osThreadExit) referenced from rt_cmsis.o(i.svcThreadCreate)
 <LI><a href="#[c2]">osTimerThread</a> from rt_cmsis.o(i.osTimerThread) referenced from rtx_conf_cm.o(.constdata)
 <LI><a href="#[88]">os_idle_demon</a> from rtx_conf_cm.o(i.os_idle_demon) referenced from rt_task.o(i.rt_sys_init)
 <LI><a href="#[6f]">rt_alloc_box</a> from rt_membox.o(i.rt_alloc_box) referenced from hal_cm3.o(.emb_text)
 <LI><a href="#[70]">rt_free_box</a> from rt_membox.o(i.rt_free_box) referenced from hal_cm3.o(.emb_text)
 <LI><a href="#[79]">rt_mut_release</a> from rt_mutex.o(i.rt_mut_release) referenced from rtx_conf_cm.o(i._mutex_release)
 <LI><a href="#[78]">rt_mut_wait</a> from rt_mutex.o(i.rt_mut_wait) referenced from rtx_conf_cm.o(i._mutex_acquire)
 <LI><a href="#[11]">soilHumMS</a> from soilhum.o(i.soilHumMS) referenced 2 times from bsp.o(.data)
 <LI><a href="#[9a]">soilHumMS_Thread</a> from soilhum.o(i.soilHumMS_Thread) referenced from soilhum.o(.constdata)
 <LI><a href="#[23]">soilHum_Init</a> from soilhum.o(i.soilHum_Init) referenced 2 times from bsp.o(.data)
 <LI><a href="#[7a]">svcDelay</a> from rt_cmsis.o(i.svcDelay) referenced from rt_cmsis.o(i.osDelay)
 <LI><a href="#[7b]">svcKernelInitialize</a> from rt_cmsis.o(i.svcKernelInitialize) referenced from rt_cmsis.o(i.osKernelInitialize)
 <LI><a href="#[7c]">svcKernelStart</a> from rt_cmsis.o(i.svcKernelStart) referenced from rt_cmsis.o(i.osKernelStart)
 <LI><a href="#[7d]">svcKernelSysTick</a> from rt_cmsis.o(i.svcKernelSysTick) referenced from rt_cmsis.o(i.osKernelSysTick)
 <LI><a href="#[7e]">svcMessageGet</a> from rt_cmsis.o(i.svcMessageGet) referenced from rt_cmsis.o(i.osMessageGet)
 <LI><a href="#[7f]">svcMutexCreate</a> from rt_cmsis.o(i.svcMutexCreate) referenced from rt_cmsis.o(i.osMutexCreate)
 <LI><a href="#[80]">svcMutexRelease</a> from rt_cmsis.o(i.svcMutexRelease) referenced from rt_cmsis.o(i.osMutexRelease)
 <LI><a href="#[81]">svcMutexWait</a> from rt_cmsis.o(i.svcMutexWait) referenced from rt_cmsis.o(i.osMutexWait)
 <LI><a href="#[82]">svcThreadCreate</a> from rt_cmsis.o(i.svcThreadCreate) referenced from rt_cmsis.o(i.osThreadCreate)
 <LI><a href="#[83]">svcThreadGetId</a> from rt_cmsis.o(i.svcThreadGetId) referenced from rt_cmsis.o(i.osThreadExit)
 <LI><a href="#[84]">svcThreadTerminate</a> from rt_cmsis.o(i.svcThreadTerminate) referenced from rt_cmsis.o(i.osThreadExit)
 <LI><a href="#[84]">svcThreadTerminate</a> from rt_cmsis.o(i.svcThreadTerminate) referenced from rt_cmsis.o(i.osThreadTerminate)
 <LI><a href="#[85]">svcTimerCall</a> from rt_cmsis.o(i.svcTimerCall) referenced from rt_cmsis.o(i.osTimerCall)
 <LI><a href="#[86]">svcTimerCreate</a> from rt_cmsis.o(i.svcTimerCreate) referenced from rt_cmsis.o(i.osTimerCreate)
 <LI><a href="#[87]">svcTimerStart</a> from rt_cmsis.o(i.svcTimerStart) referenced from rt_cmsis.o(i.osTimerStart)
 <LI><a href="#[f]">windSpeedMS</a> from windspeed.o(i.windSpeedMS) referenced 2 times from bsp.o(.data)
 <LI><a href="#[98]">windSpeedMS_Thread</a> from windspeed.o(i.windSpeedMS_Thread) referenced from windspeed.o(.constdata)
 <LI><a href="#[21]">windSpeed_Init</a> from windspeed.o(i.windSpeed_Init) referenced 2 times from bsp.o(.data)
</UL>
<P>
<H3>
Global Symbols
</H3>
<P><STRONG><a name="[c4]"></a>__main</STRONG> (Thumb, 8 bytes, Stack size 0 bytes, __main.o(!!!main))
<BR><BR>[Calls]<UL><LI><a href="#[c8]">&gt;&gt;</a>&nbsp;&nbsp;&nbsp;__rt_entry
<LI><a href="#[c7]">&gt;&gt;</a>&nbsp;&nbsp;&nbsp;__scatterload
</UL>

<P><STRONG><a name="[c7]"></a>__scatterload</STRONG> (Thumb, 0 bytes, Stack size unknown bytes, __scatter.o(!!!scatter))
<BR><BR>[Called By]<UL><LI><a href="#[c4]">&gt;&gt;</a>&nbsp;&nbsp;&nbsp;__main
</UL>

<P><STRONG><a name="[c9]"></a>__scatterload_rt2</STRONG> (Thumb, 44 bytes, Stack size unknown bytes, __scatter.o(!!!scatter), UNUSED)
<BR><BR>[Calls]<UL><LI><a href="#[c8]">&gt;&gt;</a>&nbsp;&nbsp;&nbsp;__rt_entry
</UL>

<P><STRONG><a name="[288]"></a>__scatterload_rt2_thumb_only</STRONG> (Thumb, 0 bytes, Stack size unknown bytes, __scatter.o(!!!scatter), UNUSED)

<P><STRONG><a name="[289]"></a>__scatterload_null</STRONG> (Thumb, 0 bytes, Stack size unknown bytes, __scatter.o(!!!scatter), UNUSED)

<P><STRONG><a name="[28a]"></a>__decompress</STRONG> (Thumb, 90 bytes, Stack size unknown bytes, __dczerorl2.o(!!dczerorl2), UNUSED)

<P><STRONG><a name="[28b]"></a>__decompress1</STRONG> (Thumb, 0 bytes, Stack size unknown bytes, __dczerorl2.o(!!dczerorl2), UNUSED)

<P><STRONG><a name="[28c]"></a>__scatterload_zeroinit</STRONG> (Thumb, 28 bytes, Stack size unknown bytes, __scatter_zi.o(!!handler_zi), UNUSED)

<P><STRONG><a name="[ca]"></a>_printf_f</STRONG> (Thumb, 0 bytes, Stack size unknown bytes, _printf_f.o(.ARM.Collect$$_printf_percent$$00000003))
<BR><BR>[Stack]<UL><LI>Max Depth = 320 + Unknown Stack Size
<LI>Call Chain = _printf_f &rArr; _printf_fp_dec &rArr; _printf_fp_dec_real &rArr; _fp_digits &rArr; _btod_etento &rArr; _btod_emul &rArr; _e2e
</UL>
<BR>[Calls]<UL><LI><a href="#[cb]">&gt;&gt;</a>&nbsp;&nbsp;&nbsp;_printf_fp_dec
</UL>

<P><STRONG><a name="[ed]"></a>_printf_percent</STRONG> (Thumb, 0 bytes, Stack size unknown bytes, _printf_percent.o(.ARM.Collect$$_printf_percent$$00000000))
<BR><BR>[Called By]<UL><LI><a href="#[eb]">&gt;&gt;</a>&nbsp;&nbsp;&nbsp;__printf
</UL>

<P><STRONG><a name="[cc]"></a>_printf_d</STRONG> (Thumb, 0 bytes, Stack size unknown bytes, _printf_d.o(.ARM.Collect$$_printf_percent$$00000009))
<BR><BR>[Stack]<UL><LI>Max Depth = 72 + Unknown Stack Size
<LI>Call Chain = _printf_d &rArr; _printf_int_dec &rArr; _printf_int_common &rArr; _printf_post_padding
</UL>
<BR>[Calls]<UL><LI><a href="#[cd]">&gt;&gt;</a>&nbsp;&nbsp;&nbsp;_printf_int_dec
</UL>

<P><STRONG><a name="[ce]"></a>_printf_x</STRONG> (Thumb, 0 bytes, Stack size unknown bytes, _printf_x.o(.ARM.Collect$$_printf_percent$$0000000C))
<BR><BR>[Stack]<UL><LI>Max Depth = 64 + Unknown Stack Size
<LI>Call Chain = _printf_x &rArr; _printf_int_hex &rArr; _printf_int_common &rArr; _printf_post_padding
</UL>
<BR>[Calls]<UL><LI><a href="#[cf]">&gt;&gt;</a>&nbsp;&nbsp;&nbsp;_printf_int_hex
</UL>

<P><STRONG><a name="[28d]"></a>_printf_percent_end</STRONG> (Thumb, 0 bytes, Stack size unknown bytes, _printf_percent_end.o(.ARM.Collect$$_printf_percent$$00000017))

<P><STRONG><a name="[d7]"></a>__rt_lib_init</STRONG> (Thumb, 0 bytes, Stack size unknown bytes, libinit.o(.ARM.Collect$$libinit$$00000000))
<BR><BR>[Called By]<UL><LI><a href="#[d6]">&gt;&gt;</a>&nbsp;&nbsp;&nbsp;__rt_entry_li
</UL>

<P><STRONG><a name="[28e]"></a>__rt_lib_init_fp_1</STRONG> (Thumb, 0 bytes, Stack size unknown bytes, libinit2.o(.ARM.Collect$$libinit$$00000002))

<P><STRONG><a name="[28f]"></a>__rt_lib_init_heap_1</STRONG> (Thumb, 0 bytes, Stack size unknown bytes, libinit2.o(.ARM.Collect$$libinit$$0000000A))

<P><STRONG><a name="[d0]"></a>__rt_lib_init_lc_common</STRONG> (Thumb, 0 bytes, Stack size unknown bytes, libinit2.o(.ARM.Collect$$libinit$$0000000F))
<BR><BR>[Stack]<UL><LI>Max Depth = 8 + Unknown Stack Size
<LI>Call Chain = __rt_lib_init_lc_common &rArr; __rt_locale
</UL>
<BR>[Calls]<UL><LI><a href="#[d1]">&gt;&gt;</a>&nbsp;&nbsp;&nbsp;__rt_locale
</UL>

<P><STRONG><a name="[290]"></a>__rt_lib_init_preinit_1</STRONG> (Thumb, 0 bytes, Stack size unknown bytes, libinit2.o(.ARM.Collect$$libinit$$00000004))

<P><STRONG><a name="[291]"></a>__rt_lib_init_rand_1</STRONG> (Thumb, 0 bytes, Stack size unknown bytes, libinit2.o(.ARM.Collect$$libinit$$0000000E))

<P><STRONG><a name="[292]"></a>__rt_lib_init_user_alloc_1</STRONG> (Thumb, 0 bytes, Stack size unknown bytes, libinit2.o(.ARM.Collect$$libinit$$0000000C))

<P><STRONG><a name="[293]"></a>__rt_lib_init_lc_collate_1</STRONG> (Thumb, 0 bytes, Stack size unknown bytes, libinit2.o(.ARM.Collect$$libinit$$00000011))

<P><STRONG><a name="[294]"></a>__rt_lib_init_lc_ctype_1</STRONG> (Thumb, 0 bytes, Stack size unknown bytes, libinit2.o(.ARM.Collect$$libinit$$00000013))

<P><STRONG><a name="[295]"></a>__rt_lib_init_lc_monetary_1</STRONG> (Thumb, 0 bytes, Stack size unknown bytes, libinit2.o(.ARM.Collect$$libinit$$00000015))

<P><STRONG><a name="[d2]"></a>__rt_lib_init_lc_numeric_2</STRONG> (Thumb, 0 bytes, Stack size unknown bytes, libinit2.o(.ARM.Collect$$libinit$$00000016))
<BR><BR>[Stack]<UL><LI>Max Depth = 8 + Unknown Stack Size
<LI>Call Chain = __rt_lib_init_lc_numeric_2 &rArr; _get_lc_numeric
</UL>
<BR>[Calls]<UL><LI><a href="#[d3]">&gt;&gt;</a>&nbsp;&nbsp;&nbsp;_get_lc_numeric
</UL>

<P><STRONG><a name="[296]"></a>__rt_lib_init_alloca_1</STRONG> (Thumb, 0 bytes, Stack size unknown bytes, libinit2.o(.ARM.Collect$$libinit$$0000002E))

<P><STRONG><a name="[297]"></a>__rt_lib_init_argv_1</STRONG> (Thumb, 0 bytes, Stack size unknown bytes, libinit2.o(.ARM.Collect$$libinit$$0000002C))

<P><STRONG><a name="[298]"></a>__rt_lib_init_atexit_1</STRONG> (Thumb, 0 bytes, Stack size unknown bytes, libinit2.o(.ARM.Collect$$libinit$$0000001B))

<P><STRONG><a name="[299]"></a>__rt_lib_init_clock_1</STRONG> (Thumb, 0 bytes, Stack size unknown bytes, libinit2.o(.ARM.Collect$$libinit$$00000021))

<P><STRONG><a name="[29a]"></a>__rt_lib_init_cpp_1</STRONG> (Thumb, 0 bytes, Stack size unknown bytes, libinit2.o(.ARM.Collect$$libinit$$00000032))

<P><STRONG><a name="[29b]"></a>__rt_lib_init_exceptions_1</STRONG> (Thumb, 0 bytes, Stack size unknown bytes, libinit2.o(.ARM.Collect$$libinit$$00000030))

<P><STRONG><a name="[29c]"></a>__rt_lib_init_fp_trap_1</STRONG> (Thumb, 0 bytes, Stack size unknown bytes, libinit2.o(.ARM.Collect$$libinit$$0000001F))

<P><STRONG><a name="[29d]"></a>__rt_lib_init_getenv_1</STRONG> (Thumb, 0 bytes, Stack size unknown bytes, libinit2.o(.ARM.Collect$$libinit$$00000023))

<P><STRONG><a name="[29e]"></a>__rt_lib_init_lc_numeric_1</STRONG> (Thumb, 0 bytes, Stack size unknown bytes, libinit2.o(.ARM.Collect$$libinit$$00000017))

<P><STRONG><a name="[29f]"></a>__rt_lib_init_lc_time_1</STRONG> (Thumb, 0 bytes, Stack size unknown bytes, libinit2.o(.ARM.Collect$$libinit$$00000019))

<P><STRONG><a name="[2a0]"></a>__rt_lib_init_return</STRONG> (Thumb, 0 bytes, Stack size unknown bytes, libinit2.o(.ARM.Collect$$libinit$$00000033))

<P><STRONG><a name="[2a1]"></a>__rt_lib_init_signal_1</STRONG> (Thumb, 0 bytes, Stack size unknown bytes, libinit2.o(.ARM.Collect$$libinit$$0000001D))

<P><STRONG><a name="[2a2]"></a>__rt_lib_init_stdio_1</STRONG> (Thumb, 0 bytes, Stack size unknown bytes, libinit2.o(.ARM.Collect$$libinit$$00000025))

<P><STRONG><a name="[dd]"></a>__rt_lib_shutdown</STRONG> (Thumb, 0 bytes, Stack size unknown bytes, libshutdown.o(.ARM.Collect$$libshutdown$$00000000))
<BR><BR>[Called By]<UL><LI><a href="#[dc]">&gt;&gt;</a>&nbsp;&nbsp;&nbsp;__rt_exit_ls
</UL>

<P><STRONG><a name="[2a3]"></a>__rt_lib_shutdown_cpp_1</STRONG> (Thumb, 0 bytes, Stack size unknown bytes, libshutdown2.o(.ARM.Collect$$libshutdown$$00000002))

<P><STRONG><a name="[2a4]"></a>__rt_lib_shutdown_fp_trap_1</STRONG> (Thumb, 0 bytes, Stack size unknown bytes, libshutdown2.o(.ARM.Collect$$libshutdown$$00000007))

<P><STRONG><a name="[2a5]"></a>__rt_lib_shutdown_heap_1</STRONG> (Thumb, 0 bytes, Stack size unknown bytes, libshutdown2.o(.ARM.Collect$$libshutdown$$0000000F))

<P><STRONG><a name="[2a6]"></a>__rt_lib_shutdown_return</STRONG> (Thumb, 0 bytes, Stack size unknown bytes, libshutdown2.o(.ARM.Collect$$libshutdown$$00000010))

<P><STRONG><a name="[2a7]"></a>__rt_lib_shutdown_signal_1</STRONG> (Thumb, 0 bytes, Stack size unknown bytes, libshutdown2.o(.ARM.Collect$$libshutdown$$0000000A))

<P><STRONG><a name="[2a8]"></a>__rt_lib_shutdown_stdio_1</STRONG> (Thumb, 0 bytes, Stack size unknown bytes, libshutdown2.o(.ARM.Collect$$libshutdown$$00000004))

<P><STRONG><a name="[2a9]"></a>__rt_lib_shutdown_user_alloc_1</STRONG> (Thumb, 0 bytes, Stack size unknown bytes, libshutdown2.o(.ARM.Collect$$libshutdown$$0000000C))

<P><STRONG><a name="[c8]"></a>__rt_entry</STRONG> (Thumb, 0 bytes, Stack size unknown bytes, __rtentry.o(.ARM.Collect$$rtentry$$00000000))
<BR><BR>[Called By]<UL><LI><a href="#[c4]">&gt;&gt;</a>&nbsp;&nbsp;&nbsp;__main
<LI><a href="#[c9]">&gt;&gt;</a>&nbsp;&nbsp;&nbsp;__scatterload_rt2
</UL>

<P><STRONG><a name="[2aa]"></a>__rt_entry_presh_1</STRONG> (Thumb, 0 bytes, Stack size unknown bytes, __rtentry2.o(.ARM.Collect$$rtentry$$00000002))

<P><STRONG><a name="[d4]"></a>__rt_entry_sh</STRONG> (Thumb, 0 bytes, Stack size unknown bytes, __rtentry4.o(.ARM.Collect$$rtentry$$00000004))
<BR><BR>[Stack]<UL><LI>Max Depth = 8 + Unknown Stack Size
<LI>Call Chain = __rt_entry_sh &rArr; __user_setup_stackheap
</UL>
<BR>[Calls]<UL><LI><a href="#[d5]">&gt;&gt;</a>&nbsp;&nbsp;&nbsp;__user_setup_stackheap
</UL>

<P><STRONG><a name="[d6]"></a>__rt_entry_li</STRONG> (Thumb, 0 bytes, Stack size unknown bytes, __rtentry2.o(.ARM.Collect$$rtentry$$0000000A))
<BR><BR>[Calls]<UL><LI><a href="#[d7]">&gt;&gt;</a>&nbsp;&nbsp;&nbsp;__rt_lib_init
</UL>

<P><STRONG><a name="[2ab]"></a>__rt_entry_postsh_1</STRONG> (Thumb, 0 bytes, Stack size unknown bytes, __rtentry2.o(.ARM.Collect$$rtentry$$00000009))

<P><STRONG><a name="[d8]"></a>__rt_entry_postli_1</STRONG> (Thumb, 0 bytes, Stack size unknown bytes, __rtentry2.o(.ARM.Collect$$rtentry$$0000000B))
<BR><BR>[Stack]<UL><LI>Max Depth = 80 + Unknown Stack Size
<LI>Call Chain = __rt_entry_postli_1 &rArr; _platform_post_lib_init &rArr; osKernelInitialize &rArr; svcKernelInitialize &rArr; svcThreadCreate &rArr; rt_tsk_create &rArr; rt_init_context &rArr; rt_init_stack
</UL>
<BR>[Calls]<UL><LI><a href="#[d9]">&gt;&gt;</a>&nbsp;&nbsp;&nbsp;_platform_post_lib_init
</UL>

<P><STRONG><a name="[da]"></a>__rt_entry_main</STRONG> (Thumb, 0 bytes, Stack size unknown bytes, __rtentry2.o(.ARM.Collect$$rtentry$$0000000D))
<BR><BR>[Stack]<UL><LI>Max Depth = 116 + Unknown Stack Size
<LI>Call Chain = __rt_entry_main &rArr; main &rArr; BSP_Init &rArr; USART2Init1 &rArr; USART_Init &rArr; RCC_GetClocksFreq
</UL>
<BR>[Calls]<UL><LI><a href="#[c3]">&gt;&gt;</a>&nbsp;&nbsp;&nbsp;main
<LI><a href="#[db]">&gt;&gt;</a>&nbsp;&nbsp;&nbsp;exit
</UL>

<P><STRONG><a name="[ee]"></a>__rt_exit</STRONG> (Thumb, 0 bytes, Stack size unknown bytes, rtexit.o(.ARM.Collect$$rtexit$$00000000))
<BR><BR>[Called By]<UL><LI><a href="#[db]">&gt;&gt;</a>&nbsp;&nbsp;&nbsp;exit
</UL>

<P><STRONG><a name="[dc]"></a>__rt_exit_ls</STRONG> (Thumb, 0 bytes, Stack size unknown bytes, rtexit2.o(.ARM.Collect$$rtexit$$00000003))
<BR><BR>[Calls]<UL><LI><a href="#[dd]">&gt;&gt;</a>&nbsp;&nbsp;&nbsp;__rt_lib_shutdown
</UL>

<P><STRONG><a name="[2ac]"></a>__rt_exit_prels_1</STRONG> (Thumb, 0 bytes, Stack size unknown bytes, rtexit2.o(.ARM.Collect$$rtexit$$00000002))

<P><STRONG><a name="[de]"></a>__rt_exit_exit</STRONG> (Thumb, 0 bytes, Stack size unknown bytes, rtexit2.o(.ARM.Collect$$rtexit$$00000004))
<BR><BR>[Calls]<UL><LI><a href="#[df]">&gt;&gt;</a>&nbsp;&nbsp;&nbsp;_sys_exit
</UL>

<P><STRONG><a name="[d9]"></a>_platform_post_lib_init</STRONG> (Thumb, 24 bytes, Stack size 0 bytes, rtx_conf_cm.o(.emb_text))
<BR><BR>[Stack]<UL><LI>Max Depth = 80 + Unknown Stack Size
<LI>Call Chain = _platform_post_lib_init &rArr; osKernelInitialize &rArr; svcKernelInitialize &rArr; svcThreadCreate &rArr; rt_tsk_create &rArr; rt_init_context &rArr; rt_init_stack
</UL>
<BR>[Calls]<UL><LI><a href="#[e1]">&gt;&gt;</a>&nbsp;&nbsp;&nbsp;osThreadCreate
<LI><a href="#[e2]">&gt;&gt;</a>&nbsp;&nbsp;&nbsp;osKernelStart
<LI><a href="#[e0]">&gt;&gt;</a>&nbsp;&nbsp;&nbsp;osKernelInitialize
<LI><a href="#[db]">&gt;&gt;</a>&nbsp;&nbsp;&nbsp;exit
</UL>
<BR>[Called By]<UL><LI><a href="#[d8]">&gt;&gt;</a>&nbsp;&nbsp;&nbsp;__rt_entry_postli_1
</UL>

<P><STRONG><a name="[2ad]"></a>rt_set_PSP</STRONG> (Thumb, 6 bytes, Stack size 0 bytes, hal_cm3.o(.emb_text), UNUSED)

<P><STRONG><a name="[24f]"></a>rt_get_PSP</STRONG> (Thumb, 6 bytes, Stack size 0 bytes, hal_cm3.o(.emb_text))
<BR><BR>[Called By]<UL><LI><a href="#[24e]">&gt;&gt;</a>&nbsp;&nbsp;&nbsp;rt_tsk_delete
</UL>

<P><STRONG><a name="[2ae]"></a>os_set_env</STRONG> (Thumb, 24 bytes, Stack size 0 bytes, hal_cm3.o(.emb_text), UNUSED)

<P><STRONG><a name="[2af]"></a>_alloc_box</STRONG> (Thumb, 28 bytes, Stack size 0 bytes, hal_cm3.o(.emb_text), UNUSED)

<P><STRONG><a name="[2b0]"></a>_free_box</STRONG> (Thumb, 28 bytes, Stack size 0 bytes, hal_cm3.o(.emb_text), UNUSED)

<P><STRONG><a name="[2f]"></a>SVC_Handler</STRONG> (Thumb, 108 bytes, Stack size 0 bytes, hal_cm3.o(.emb_text))
<BR><BR>[Calls]<UL><LI><a href="#[e3]">&gt;&gt;</a>&nbsp;&nbsp;&nbsp;rt_stk_check
</UL>
<BR>[Address Reference Count : 1]<UL><LI> startup_stm32f10x_hd.o(RESET)
</UL>
<P><STRONG><a name="[31]"></a>PendSV_Handler</STRONG> (Thumb, 56 bytes, Stack size 0 bytes, hal_cm3.o(.emb_text))
<BR><BR>[Stack]<UL><LI>Max Depth = 52<LI>Call Chain = PendSV_Handler &rArr; rt_pop_req &rArr; rt_mbx_psh &rArr; rt_put_prio
</UL>
<BR>[Calls]<UL><LI><a href="#[e4]">&gt;&gt;</a>&nbsp;&nbsp;&nbsp;rt_pop_req
<LI><a href="#[e3]">&gt;&gt;</a>&nbsp;&nbsp;&nbsp;rt_stk_check
</UL>
<BR>[Address Reference Count : 1]<UL><LI> startup_stm32f10x_hd.o(RESET)
</UL>
<P><STRONG><a name="[32]"></a>SysTick_Handler</STRONG> (Thumb, 8 bytes, Stack size 0 bytes, hal_cm3.o(.emb_text))
<BR><BR>[Stack]<UL><LI>Max Depth = 72<LI>Call Chain = SysTick_Handler &rArr; rt_systick &rArr; sysTimerTick &rArr; isrMessagePut &rArr; isr_mbx_send &rArr; rt_psq_enq
</UL>
<BR>[Calls]<UL><LI><a href="#[e5]">&gt;&gt;</a>&nbsp;&nbsp;&nbsp;rt_systick
</UL>
<BR>[Address Reference Count : 1]<UL><LI> startup_stm32f10x_hd.o(RESET)
</UL>
<P><STRONG><a name="[e6]"></a>OS_Tick_Handler</STRONG> (Thumb, 12 bytes, Stack size 0 bytes, hal_cm3.o(.emb_text), UNUSED)
<BR><BR>[Calls]<UL><LI><a href="#[e7]">&gt;&gt;</a>&nbsp;&nbsp;&nbsp;os_tick_irqack
<LI><a href="#[e5]">&gt;&gt;</a>&nbsp;&nbsp;&nbsp;rt_systick
</UL>

<P><STRONG><a name="[29]"></a>Reset_Handler</STRONG> (Thumb, 8 bytes, Stack size 0 bytes, startup_stm32f10x_hd.o(.text))
<BR>[Address Reference Count : 1]<UL><LI> startup_stm32f10x_hd.o(RESET)
</UL>
<P><STRONG><a name="[45]"></a>ADC1_2_IRQHandler</STRONG> (Thumb, 0 bytes, Stack size 0 bytes, startup_stm32f10x_hd.o(.text))
<BR><BR>[Calls]<UL><LI><a href="#[45]">&gt;&gt;</a>&nbsp;&nbsp;&nbsp;ADC1_2_IRQHandler
</UL>
<BR>[Called By]<UL><LI><a href="#[45]">&gt;&gt;</a>&nbsp;&nbsp;&nbsp;ADC1_2_IRQHandler
</UL>
<BR>[Address Reference Count : 1]<UL><LI> startup_stm32f10x_hd.o(RESET)
</UL>
<P><STRONG><a name="[62]"></a>ADC3_IRQHandler</STRONG> (Thumb, 0 bytes, Stack size 0 bytes, startup_stm32f10x_hd.o(.text))
<BR>[Address Reference Count : 1]<UL><LI> startup_stm32f10x_hd.o(RESET)
</UL>
<P><STRONG><a name="[39]"></a>EXTI0_IRQHandler</STRONG> (Thumb, 0 bytes, Stack size 0 bytes, startup_stm32f10x_hd.o(.text))
<BR>[Address Reference Count : 1]<UL><LI> startup_stm32f10x_hd.o(RESET)
</UL>
<P><STRONG><a name="[3a]"></a>EXTI1_IRQHandler</STRONG> (Thumb, 0 bytes, Stack size 0 bytes, startup_stm32f10x_hd.o(.text))
<BR>[Address Reference Count : 1]<UL><LI> startup_stm32f10x_hd.o(RESET)
</UL>
<P><STRONG><a name="[3b]"></a>EXTI2_IRQHandler</STRONG> (Thumb, 0 bytes, Stack size 0 bytes, startup_stm32f10x_hd.o(.text))
<BR>[Address Reference Count : 1]<UL><LI> startup_stm32f10x_hd.o(RESET)
</UL>
<P><STRONG><a name="[3c]"></a>EXTI3_IRQHandler</STRONG> (Thumb, 0 bytes, Stack size 0 bytes, startup_stm32f10x_hd.o(.text))
<BR>[Address Reference Count : 1]<UL><LI> startup_stm32f10x_hd.o(RESET)
</UL>
<P><STRONG><a name="[3d]"></a>EXTI4_IRQHandler</STRONG> (Thumb, 0 bytes, Stack size 0 bytes, startup_stm32f10x_hd.o(.text))
<BR>[Address Reference Count : 1]<UL><LI> startup_stm32f10x_hd.o(RESET)
</UL>
<P><STRONG><a name="[4a]"></a>EXTI9_5_IRQHandler</STRONG> (Thumb, 0 bytes, Stack size 0 bytes, startup_stm32f10x_hd.o(.text))
<BR>[Address Reference Count : 1]<UL><LI> startup_stm32f10x_hd.o(RESET)
</UL>
<P><STRONG><a name="[37]"></a>FLASH_IRQHandler</STRONG> (Thumb, 0 bytes, Stack size 0 bytes, startup_stm32f10x_hd.o(.text))
<BR>[Address Reference Count : 1]<UL><LI> startup_stm32f10x_hd.o(RESET)
</UL>
<P><STRONG><a name="[63]"></a>FSMC_IRQHandler</STRONG> (Thumb, 0 bytes, Stack size 0 bytes, startup_stm32f10x_hd.o(.text))
<BR>[Address Reference Count : 1]<UL><LI> startup_stm32f10x_hd.o(RESET)
</UL>
<P><STRONG><a name="[53]"></a>I2C1_ER_IRQHandler</STRONG> (Thumb, 0 bytes, Stack size 0 bytes, startup_stm32f10x_hd.o(.text))
<BR>[Address Reference Count : 1]<UL><LI> startup_stm32f10x_hd.o(RESET)
</UL>
<P><STRONG><a name="[52]"></a>I2C1_EV_IRQHandler</STRONG> (Thumb, 0 bytes, Stack size 0 bytes, startup_stm32f10x_hd.o(.text))
<BR>[Address Reference Count : 1]<UL><LI> startup_stm32f10x_hd.o(RESET)
</UL>
<P><STRONG><a name="[55]"></a>I2C2_ER_IRQHandler</STRONG> (Thumb, 0 bytes, Stack size 0 bytes, startup_stm32f10x_hd.o(.text))
<BR>[Address Reference Count : 1]<UL><LI> startup_stm32f10x_hd.o(RESET)
</UL>
<P><STRONG><a name="[54]"></a>I2C2_EV_IRQHandler</STRONG> (Thumb, 0 bytes, Stack size 0 bytes, startup_stm32f10x_hd.o(.text))
<BR>[Address Reference Count : 1]<UL><LI> startup_stm32f10x_hd.o(RESET)
</UL>
<P><STRONG><a name="[34]"></a>PVD_IRQHandler</STRONG> (Thumb, 0 bytes, Stack size 0 bytes, startup_stm32f10x_hd.o(.text))
<BR>[Address Reference Count : 1]<UL><LI> startup_stm32f10x_hd.o(RESET)
</UL>
<P><STRONG><a name="[38]"></a>RCC_IRQHandler</STRONG> (Thumb, 0 bytes, Stack size 0 bytes, startup_stm32f10x_hd.o(.text))
<BR>[Address Reference Count : 1]<UL><LI> startup_stm32f10x_hd.o(RESET)
</UL>
<P><STRONG><a name="[5c]"></a>RTCAlarm_IRQHandler</STRONG> (Thumb, 0 bytes, Stack size 0 bytes, startup_stm32f10x_hd.o(.text))
<BR>[Address Reference Count : 1]<UL><LI> startup_stm32f10x_hd.o(RESET)
</UL>
<P><STRONG><a name="[36]"></a>RTC_IRQHandler</STRONG> (Thumb, 0 bytes, Stack size 0 bytes, startup_stm32f10x_hd.o(.text))
<BR>[Address Reference Count : 1]<UL><LI> startup_stm32f10x_hd.o(RESET)
</UL>
<P><STRONG><a name="[64]"></a>SDIO_IRQHandler</STRONG> (Thumb, 0 bytes, Stack size 0 bytes, startup_stm32f10x_hd.o(.text))
<BR>[Address Reference Count : 1]<UL><LI> startup_stm32f10x_hd.o(RESET)
</UL>
<P><STRONG><a name="[56]"></a>SPI1_IRQHandler</STRONG> (Thumb, 0 bytes, Stack size 0 bytes, startup_stm32f10x_hd.o(.text))
<BR>[Address Reference Count : 1]<UL><LI> startup_stm32f10x_hd.o(RESET)
</UL>
<P><STRONG><a name="[57]"></a>SPI2_IRQHandler</STRONG> (Thumb, 0 bytes, Stack size 0 bytes, startup_stm32f10x_hd.o(.text))
<BR>[Address Reference Count : 1]<UL><LI> startup_stm32f10x_hd.o(RESET)
</UL>
<P><STRONG><a name="[66]"></a>SPI3_IRQHandler</STRONG> (Thumb, 0 bytes, Stack size 0 bytes, startup_stm32f10x_hd.o(.text))
<BR>[Address Reference Count : 1]<UL><LI> startup_stm32f10x_hd.o(RESET)
</UL>
<P><STRONG><a name="[35]"></a>TAMPER_IRQHandler</STRONG> (Thumb, 0 bytes, Stack size 0 bytes, startup_stm32f10x_hd.o(.text))
<BR>[Address Reference Count : 1]<UL><LI> startup_stm32f10x_hd.o(RESET)
</UL>
<P><STRONG><a name="[4b]"></a>TIM1_BRK_IRQHandler</STRONG> (Thumb, 0 bytes, Stack size 0 bytes, startup_stm32f10x_hd.o(.text))
<BR>[Address Reference Count : 1]<UL><LI> startup_stm32f10x_hd.o(RESET)
</UL>
<P><STRONG><a name="[4e]"></a>TIM1_CC_IRQHandler</STRONG> (Thumb, 0 bytes, Stack size 0 bytes, startup_stm32f10x_hd.o(.text))
<BR>[Address Reference Count : 1]<UL><LI> startup_stm32f10x_hd.o(RESET)
</UL>
<P><STRONG><a name="[4d]"></a>TIM1_TRG_COM_IRQHandler</STRONG> (Thumb, 0 bytes, Stack size 0 bytes, startup_stm32f10x_hd.o(.text))
<BR>[Address Reference Count : 1]<UL><LI> startup_stm32f10x_hd.o(RESET)
</UL>
<P><STRONG><a name="[4c]"></a>TIM1_UP_IRQHandler</STRONG> (Thumb, 0 bytes, Stack size 0 bytes, startup_stm32f10x_hd.o(.text))
<BR>[Address Reference Count : 1]<UL><LI> startup_stm32f10x_hd.o(RESET)
</UL>
<P><STRONG><a name="[4f]"></a>TIM2_IRQHandler</STRONG> (Thumb, 0 bytes, Stack size 0 bytes, startup_stm32f10x_hd.o(.text))
<BR>[Address Reference Count : 1]<UL><LI> startup_stm32f10x_hd.o(RESET)
</UL>
<P><STRONG><a name="[50]"></a>TIM3_IRQHandler</STRONG> (Thumb, 0 bytes, Stack size 0 bytes, startup_stm32f10x_hd.o(.text))
<BR>[Address Reference Count : 1]<UL><LI> startup_stm32f10x_hd.o(RESET)
</UL>
<P><STRONG><a name="[51]"></a>TIM4_IRQHandler</STRONG> (Thumb, 0 bytes, Stack size 0 bytes, startup_stm32f10x_hd.o(.text))
<BR>[Address Reference Count : 1]<UL><LI> startup_stm32f10x_hd.o(RESET)
</UL>
<P><STRONG><a name="[65]"></a>TIM5_IRQHandler</STRONG> (Thumb, 0 bytes, Stack size 0 bytes, startup_stm32f10x_hd.o(.text))
<BR>[Address Reference Count : 1]<UL><LI> startup_stm32f10x_hd.o(RESET)
</UL>
<P><STRONG><a name="[69]"></a>TIM6_IRQHandler</STRONG> (Thumb, 0 bytes, Stack size 0 bytes, startup_stm32f10x_hd.o(.text))
<BR>[Address Reference Count : 1]<UL><LI> startup_stm32f10x_hd.o(RESET)
</UL>
<P><STRONG><a name="[6a]"></a>TIM7_IRQHandler</STRONG> (Thumb, 0 bytes, Stack size 0 bytes, startup_stm32f10x_hd.o(.text))
<BR>[Address Reference Count : 1]<UL><LI> startup_stm32f10x_hd.o(RESET)
</UL>
<P><STRONG><a name="[5e]"></a>TIM8_BRK_IRQHandler</STRONG> (Thumb, 0 bytes, Stack size 0 bytes, startup_stm32f10x_hd.o(.text))
<BR>[Address Reference Count : 1]<UL><LI> startup_stm32f10x_hd.o(RESET)
</UL>
<P><STRONG><a name="[61]"></a>TIM8_CC_IRQHandler</STRONG> (Thumb, 0 bytes, Stack size 0 bytes, startup_stm32f10x_hd.o(.text))
<BR>[Address Reference Count : 1]<UL><LI> startup_stm32f10x_hd.o(RESET)
</UL>
<P><STRONG><a name="[60]"></a>TIM8_TRG_COM_IRQHandler</STRONG> (Thumb, 0 bytes, Stack size 0 bytes, startup_stm32f10x_hd.o(.text))
<BR>[Address Reference Count : 1]<UL><LI> startup_stm32f10x_hd.o(RESET)
</UL>
<P><STRONG><a name="[5f]"></a>TIM8_UP_IRQHandler</STRONG> (Thumb, 0 bytes, Stack size 0 bytes, startup_stm32f10x_hd.o(.text))
<BR>[Address Reference Count : 1]<UL><LI> startup_stm32f10x_hd.o(RESET)
</UL>
<P><STRONG><a name="[67]"></a>UART4_IRQHandler</STRONG> (Thumb, 0 bytes, Stack size 0 bytes, startup_stm32f10x_hd.o(.text))
<BR>[Address Reference Count : 1]<UL><LI> startup_stm32f10x_hd.o(RESET)
</UL>
<P><STRONG><a name="[68]"></a>UART5_IRQHandler</STRONG> (Thumb, 0 bytes, Stack size 0 bytes, startup_stm32f10x_hd.o(.text))
<BR>[Address Reference Count : 1]<UL><LI> startup_stm32f10x_hd.o(RESET)
</UL>
<P><STRONG><a name="[5a]"></a>USART3_IRQHandler</STRONG> (Thumb, 0 bytes, Stack size 0 bytes, startup_stm32f10x_hd.o(.text))
<BR>[Address Reference Count : 1]<UL><LI> startup_stm32f10x_hd.o(RESET)
</UL>
<P><STRONG><a name="[5d]"></a>USBWakeUp_IRQHandler</STRONG> (Thumb, 0 bytes, Stack size 0 bytes, startup_stm32f10x_hd.o(.text))
<BR>[Address Reference Count : 1]<UL><LI> startup_stm32f10x_hd.o(RESET)
</UL>
<P><STRONG><a name="[33]"></a>WWDG_IRQHandler</STRONG> (Thumb, 0 bytes, Stack size 0 bytes, startup_stm32f10x_hd.o(.text))
<BR>[Address Reference Count : 1]<UL><LI> startup_stm32f10x_hd.o(RESET)
</UL>
<P><STRONG><a name="[103]"></a>__user_initial_stackheap</STRONG> (Thumb, 0 bytes, Stack size unknown bytes, startup_stm32f10x_hd.o(.text))
<BR><BR>[Called By]<UL><LI><a href="#[d5]">&gt;&gt;</a>&nbsp;&nbsp;&nbsp;__user_setup_stackheap
</UL>

<P><STRONG><a name="[2b1]"></a>__user_libspace</STRONG> (Thumb, 8 bytes, Stack size 0 bytes, libspace.o(.text), UNUSED)

<P><STRONG><a name="[101]"></a>__user_perproc_libspace</STRONG> (Thumb, 0 bytes, Stack size 0 bytes, libspace.o(.text))
<BR><BR>[Called By]<UL><LI><a href="#[d5]">&gt;&gt;</a>&nbsp;&nbsp;&nbsp;__user_setup_stackheap
<LI><a href="#[d1]">&gt;&gt;</a>&nbsp;&nbsp;&nbsp;__rt_locale
</UL>

<P><STRONG><a name="[263]"></a>__aeabi_uldivmod</STRONG> (Thumb, 0 bytes, Stack size 48 bytes, lludivv7m.o(.text))
<BR><BR>[Stack]<UL><LI>Max Depth = 48<LI>Call Chain = __aeabi_uldivmod
</UL>
<BR>[Called By]<UL><LI><a href="#[87]">&gt;&gt;</a>&nbsp;&nbsp;&nbsp;svcTimerStart
</UL>

<P><STRONG><a name="[2b2]"></a>_ll_udiv</STRONG> (Thumb, 238 bytes, Stack size 48 bytes, lludivv7m.o(.text), UNUSED)

<P><STRONG><a name="[e8]"></a>__2sprintf</STRONG> (Thumb, 34 bytes, Stack size 32 bytes, noretval__2sprintf.o(.text))
<BR><BR>[Stack]<UL><LI>Max Depth = 136 + Unknown Stack Size
<LI>Call Chain = __2sprintf &rArr; _printf_char_common &rArr; __printf
</UL>
<BR>[Calls]<UL><LI><a href="#[73]">&gt;&gt;</a>&nbsp;&nbsp;&nbsp;_sputc
<LI><a href="#[e9]">&gt;&gt;</a>&nbsp;&nbsp;&nbsp;_printf_char_common
</UL>
<BR>[Called By]<UL><LI><a href="#[92]">&gt;&gt;</a>&nbsp;&nbsp;&nbsp;BMP180MS_Thread
<LI><a href="#[91]">&gt;&gt;</a>&nbsp;&nbsp;&nbsp;TSL2561MS_Thread
<LI><a href="#[90]">&gt;&gt;</a>&nbsp;&nbsp;&nbsp;SHT11MS_Thread
<LI><a href="#[9a]">&gt;&gt;</a>&nbsp;&nbsp;&nbsp;soilHumMS_Thread
<LI><a href="#[99]">&gt;&gt;</a>&nbsp;&nbsp;&nbsp;contentCO2MS_Thread
<LI><a href="#[98]">&gt;&gt;</a>&nbsp;&nbsp;&nbsp;windSpeedMS_Thread
<LI><a href="#[97]">&gt;&gt;</a>&nbsp;&nbsp;&nbsp;RC522MS_Thread
<LI><a href="#[96]">&gt;&gt;</a>&nbsp;&nbsp;&nbsp;RAINMS_Thread
<LI><a href="#[95]">&gt;&gt;</a>&nbsp;&nbsp;&nbsp;RTMS_Thread
<LI><a href="#[94]">&gt;&gt;</a>&nbsp;&nbsp;&nbsp;KeyBoardMS_Thread
<LI><a href="#[93]">&gt;&gt;</a>&nbsp;&nbsp;&nbsp;SenSimMS_Thread
<LI><a href="#[a5]">&gt;&gt;</a>&nbsp;&nbsp;&nbsp;SouTogCM_Thread
<LI><a href="#[a4]">&gt;&gt;</a>&nbsp;&nbsp;&nbsp;airWarmingCM_Thread
<LI><a href="#[a3]">&gt;&gt;</a>&nbsp;&nbsp;&nbsp;exAirCM_DB_Thread
<LI><a href="#[a1]">&gt;&gt;</a>&nbsp;&nbsp;&nbsp;LEDGrowCM_DB_Thread
<LI><a href="#[9d]">&gt;&gt;</a>&nbsp;&nbsp;&nbsp;LEDSprayCM_DB_Thread
</UL>

<P><STRONG><a name="[f6]"></a>_printf_pre_padding</STRONG> (Thumb, 44 bytes, Stack size 16 bytes, _printf_pad.o(.text))
<BR><BR>[Stack]<UL><LI>Max Depth = 16<LI>Call Chain = _printf_pre_padding
</UL>
<BR>[Called By]<UL><LI><a href="#[100]">&gt;&gt;</a>&nbsp;&nbsp;&nbsp;_printf_fp_infnan
<LI><a href="#[fe]">&gt;&gt;</a>&nbsp;&nbsp;&nbsp;_printf_fp_dec_real
<LI><a href="#[ea]">&gt;&gt;</a>&nbsp;&nbsp;&nbsp;_printf_int_common
</UL>

<P><STRONG><a name="[f7]"></a>_printf_post_padding</STRONG> (Thumb, 34 bytes, Stack size 16 bytes, _printf_pad.o(.text))
<BR><BR>[Stack]<UL><LI>Max Depth = 16<LI>Call Chain = _printf_post_padding
</UL>
<BR>[Called By]<UL><LI><a href="#[100]">&gt;&gt;</a>&nbsp;&nbsp;&nbsp;_printf_fp_infnan
<LI><a href="#[fe]">&gt;&gt;</a>&nbsp;&nbsp;&nbsp;_printf_fp_dec_real
<LI><a href="#[ea]">&gt;&gt;</a>&nbsp;&nbsp;&nbsp;_printf_int_common
</UL>

<P><STRONG><a name="[cd]"></a>_printf_int_dec</STRONG> (Thumb, 104 bytes, Stack size 24 bytes, _printf_dec.o(.text))
<BR><BR>[Stack]<UL><LI>Max Depth = 72<LI>Call Chain = _printf_int_dec &rArr; _printf_int_common &rArr; _printf_post_padding
</UL>
<BR>[Calls]<UL><LI><a href="#[ea]">&gt;&gt;</a>&nbsp;&nbsp;&nbsp;_printf_int_common
</UL>
<BR>[Called By]<UL><LI><a href="#[cc]">&gt;&gt;</a>&nbsp;&nbsp;&nbsp;_printf_d
</UL>

<P><STRONG><a name="[cf]"></a>_printf_int_hex</STRONG> (Thumb, 84 bytes, Stack size 16 bytes, _printf_hex_int.o(.text))
<BR><BR>[Stack]<UL><LI>Max Depth = 64<LI>Call Chain = _printf_int_hex &rArr; _printf_int_common &rArr; _printf_post_padding
</UL>
<BR>[Calls]<UL><LI><a href="#[ea]">&gt;&gt;</a>&nbsp;&nbsp;&nbsp;_printf_int_common
</UL>
<BR>[Called By]<UL><LI><a href="#[ce]">&gt;&gt;</a>&nbsp;&nbsp;&nbsp;_printf_x
</UL>

<P><STRONG><a name="[2b3]"></a>_printf_longlong_hex</STRONG> (Thumb, 0 bytes, Stack size 16 bytes, _printf_hex_int.o(.text), UNUSED)

<P><STRONG><a name="[eb]"></a>__printf</STRONG> (Thumb, 308 bytes, Stack size 40 bytes, __printf_flags_wp.o(.text))
<BR><BR>[Stack]<UL><LI>Max Depth = 40 + Unknown Stack Size
<LI>Call Chain = __printf
</UL>
<BR>[Calls]<UL><LI><a href="#[ed]">&gt;&gt;</a>&nbsp;&nbsp;&nbsp;_printf_percent
<LI><a href="#[ec]">&gt;&gt;</a>&nbsp;&nbsp;&nbsp;_is_digit
</UL>
<BR>[Called By]<UL><LI><a href="#[e9]">&gt;&gt;</a>&nbsp;&nbsp;&nbsp;_printf_char_common
</UL>

<P><STRONG><a name="[db]"></a>exit</STRONG> (Thumb, 18 bytes, Stack size 8 bytes, exit.o(.text))
<BR><BR>[Stack]<UL><LI>Max Depth = 8 + Unknown Stack Size
<LI>Call Chain = exit
</UL>
<BR>[Calls]<UL><LI><a href="#[ee]">&gt;&gt;</a>&nbsp;&nbsp;&nbsp;__rt_exit
</UL>
<BR>[Called By]<UL><LI><a href="#[d9]">&gt;&gt;</a>&nbsp;&nbsp;&nbsp;_platform_post_lib_init
<LI><a href="#[da]">&gt;&gt;</a>&nbsp;&nbsp;&nbsp;__rt_entry_main
</UL>

<P><STRONG><a name="[1e7]"></a>strcpy</STRONG> (Thumb, 72 bytes, Stack size 12 bytes, strcpy.o(.text))
<BR><BR>[Stack]<UL><LI>Max Depth = 12<LI>Call Chain = strcpy
</UL>
<BR>[Called By]<UL><LI><a href="#[75]">&gt;&gt;</a>&nbsp;&nbsp;&nbsp;TaskLAdisp
</UL>

<P><STRONG><a name="[120]"></a>strlen</STRONG> (Thumb, 62 bytes, Stack size 8 bytes, strlen.o(.text))
<BR><BR>[Stack]<UL><LI>Max Depth = 8<LI>Call Chain = strlen
</UL>
<BR>[Called By]<UL><LI><a href="#[8b]">&gt;&gt;</a>&nbsp;&nbsp;&nbsp;USART1Debug_Thread
<LI><a href="#[8a]">&gt;&gt;</a>&nbsp;&nbsp;&nbsp;keyTest_Thread
<LI><a href="#[92]">&gt;&gt;</a>&nbsp;&nbsp;&nbsp;BMP180MS_Thread
<LI><a href="#[91]">&gt;&gt;</a>&nbsp;&nbsp;&nbsp;TSL2561MS_Thread
<LI><a href="#[90]">&gt;&gt;</a>&nbsp;&nbsp;&nbsp;SHT11MS_Thread
<LI><a href="#[15e]">&gt;&gt;</a>&nbsp;&nbsp;&nbsp;DiSP_ASC
<LI><a href="#[9a]">&gt;&gt;</a>&nbsp;&nbsp;&nbsp;soilHumMS_Thread
<LI><a href="#[99]">&gt;&gt;</a>&nbsp;&nbsp;&nbsp;contentCO2MS_Thread
<LI><a href="#[98]">&gt;&gt;</a>&nbsp;&nbsp;&nbsp;windSpeedMS_Thread
<LI><a href="#[97]">&gt;&gt;</a>&nbsp;&nbsp;&nbsp;RC522MS_Thread
<LI><a href="#[96]">&gt;&gt;</a>&nbsp;&nbsp;&nbsp;RAINMS_Thread
<LI><a href="#[95]">&gt;&gt;</a>&nbsp;&nbsp;&nbsp;RTMS_Thread
<LI><a href="#[94]">&gt;&gt;</a>&nbsp;&nbsp;&nbsp;KeyBoardMS_Thread
<LI><a href="#[93]">&gt;&gt;</a>&nbsp;&nbsp;&nbsp;SenSimMS_Thread
<LI><a href="#[a5]">&gt;&gt;</a>&nbsp;&nbsp;&nbsp;SouTogCM_Thread
<LI><a href="#[a4]">&gt;&gt;</a>&nbsp;&nbsp;&nbsp;airWarmingCM_Thread
<LI><a href="#[a3]">&gt;&gt;</a>&nbsp;&nbsp;&nbsp;exAirCM_DB_Thread
<LI><a href="#[a1]">&gt;&gt;</a>&nbsp;&nbsp;&nbsp;LEDGrowCM_DB_Thread
<LI><a href="#[9d]">&gt;&gt;</a>&nbsp;&nbsp;&nbsp;LEDSprayCM_DB_Thread
</UL>

<P><STRONG><a name="[223]"></a>strcat</STRONG> (Thumb, 24 bytes, Stack size 0 bytes, strcat.o(.text))
<BR><BR>[Called By]<UL><LI><a href="#[8a]">&gt;&gt;</a>&nbsp;&nbsp;&nbsp;keyTest_Thread
</UL>

<P><STRONG><a name="[145]"></a>__aeabi_memcpy</STRONG> (Thumb, 0 bytes, Stack size 0 bytes, rt_memcpy_v6.o(.text))
<BR><BR>[Called By]<UL><LI><a href="#[163]">&gt;&gt;</a>&nbsp;&nbsp;&nbsp;FRAME_TX_DATSLOAD
<LI><a href="#[15e]">&gt;&gt;</a>&nbsp;&nbsp;&nbsp;DiSP_ASC
<LI><a href="#[143]">&gt;&gt;</a>&nbsp;&nbsp;&nbsp;DISP_HANZI
</UL>

<P><STRONG><a name="[ef]"></a>__rt_memcpy</STRONG> (Thumb, 138 bytes, Stack size 0 bytes, rt_memcpy_v6.o(.text), UNUSED)
<BR><BR>[Calls]<UL><LI><a href="#[f0]">&gt;&gt;</a>&nbsp;&nbsp;&nbsp;__aeabi_memcpy4
</UL>

<P><STRONG><a name="[2b4]"></a>_memcpy_lastbytes</STRONG> (Thumb, 0 bytes, Stack size unknown bytes, rt_memcpy_v6.o(.text), UNUSED)

<P><STRONG><a name="[f0]"></a>__aeabi_memcpy4</STRONG> (Thumb, 0 bytes, Stack size 8 bytes, rt_memcpy_w.o(.text))
<BR><BR>[Stack]<UL><LI>Max Depth = 8<LI>Call Chain = __aeabi_memcpy4
</UL>
<BR>[Called By]<UL><LI><a href="#[8b]">&gt;&gt;</a>&nbsp;&nbsp;&nbsp;USART1Debug_Thread
<LI><a href="#[8e]">&gt;&gt;</a>&nbsp;&nbsp;&nbsp;LCD144_Thread
<LI><a href="#[1a6]">&gt;&gt;</a>&nbsp;&nbsp;&nbsp;LD_AsrAddFixed
<LI><a href="#[ef]">&gt;&gt;</a>&nbsp;&nbsp;&nbsp;__rt_memcpy
</UL>

<P><STRONG><a name="[2b5]"></a>__aeabi_memcpy8</STRONG> (Thumb, 0 bytes, Stack size 8 bytes, rt_memcpy_w.o(.text), UNUSED)

<P><STRONG><a name="[2b6]"></a>__rt_memcpy_w</STRONG> (Thumb, 100 bytes, Stack size 8 bytes, rt_memcpy_w.o(.text), UNUSED)

<P><STRONG><a name="[2b7]"></a>_memcpy_lastbytes_aligned</STRONG> (Thumb, 0 bytes, Stack size unknown bytes, rt_memcpy_w.o(.text), UNUSED)

<P><STRONG><a name="[1fc]"></a>__aeabi_memclr</STRONG> (Thumb, 0 bytes, Stack size 0 bytes, rt_memclr.o(.text))
<BR><BR>[Called By]<UL><LI><a href="#[8c]">&gt;&gt;</a>&nbsp;&nbsp;&nbsp;USART2Trans_Thread
</UL>

<P><STRONG><a name="[f1]"></a>__rt_memclr</STRONG> (Thumb, 68 bytes, Stack size 0 bytes, rt_memclr.o(.text), UNUSED)
<BR><BR>[Calls]<UL><LI><a href="#[f2]">&gt;&gt;</a>&nbsp;&nbsp;&nbsp;_memset_w
</UL>

<P><STRONG><a name="[2b8]"></a>_memset</STRONG> (Thumb, 0 bytes, Stack size unknown bytes, rt_memclr.o(.text), UNUSED)

<P><STRONG><a name="[144]"></a>__aeabi_memclr4</STRONG> (Thumb, 0 bytes, Stack size 4 bytes, rt_memclr_w.o(.text))
<BR><BR>[Stack]<UL><LI>Max Depth = 4<LI>Call Chain = __aeabi_memclr4
</UL>
<BR>[Called By]<UL><LI><a href="#[8b]">&gt;&gt;</a>&nbsp;&nbsp;&nbsp;USART1Debug_Thread
<LI><a href="#[8a]">&gt;&gt;</a>&nbsp;&nbsp;&nbsp;keyTest_Thread
<LI><a href="#[75]">&gt;&gt;</a>&nbsp;&nbsp;&nbsp;TaskLAdisp
<LI><a href="#[143]">&gt;&gt;</a>&nbsp;&nbsp;&nbsp;DISP_HANZI
<LI><a href="#[1f3]">&gt;&gt;</a>&nbsp;&nbsp;&nbsp;USART_Initialize
</UL>

<P><STRONG><a name="[2b9]"></a>__aeabi_memclr8</STRONG> (Thumb, 0 bytes, Stack size 4 bytes, rt_memclr_w.o(.text), UNUSED)

<P><STRONG><a name="[2ba]"></a>__rt_memclr_w</STRONG> (Thumb, 78 bytes, Stack size 4 bytes, rt_memclr_w.o(.text), UNUSED)

<P><STRONG><a name="[f2]"></a>_memset_w</STRONG> (Thumb, 0 bytes, Stack size unknown bytes, rt_memclr_w.o(.text), UNUSED)
<BR><BR>[Called By]<UL><LI><a href="#[f1]">&gt;&gt;</a>&nbsp;&nbsp;&nbsp;__rt_memclr
</UL>

<P><STRONG><a name="[1e6]"></a>strcmp</STRONG> (Thumb, 128 bytes, Stack size 0 bytes, strcmpv7m.o(.text))
<BR><BR>[Called By]<UL><LI><a href="#[8b]">&gt;&gt;</a>&nbsp;&nbsp;&nbsp;USART1Debug_Thread
<LI><a href="#[75]">&gt;&gt;</a>&nbsp;&nbsp;&nbsp;TaskLAdisp
<LI><a href="#[d3]">&gt;&gt;</a>&nbsp;&nbsp;&nbsp;_get_lc_numeric
</UL>

<P><STRONG><a name="[2bb]"></a>__use_two_region_memory</STRONG> (Thumb, 2 bytes, Stack size 0 bytes, heapauxi.o(.text), UNUSED)

<P><STRONG><a name="[2bc]"></a>__rt_heap_escrow$2region</STRONG> (Thumb, 2 bytes, Stack size 0 bytes, heapauxi.o(.text), UNUSED)

<P><STRONG><a name="[2bd]"></a>__rt_heap_expand$2region</STRONG> (Thumb, 2 bytes, Stack size 0 bytes, heapauxi.o(.text), UNUSED)

<P><STRONG><a name="[f3]"></a>__read_errno</STRONG> (Thumb, 10 bytes, Stack size 8 bytes, _rserrno.o(.text), UNUSED)
<BR><BR>[Calls]<UL><LI><a href="#[f4]">&gt;&gt;</a>&nbsp;&nbsp;&nbsp;__aeabi_errno_addr
</UL>

<P><STRONG><a name="[f5]"></a>__set_errno</STRONG> (Thumb, 12 bytes, Stack size 8 bytes, _rserrno.o(.text))
<BR><BR>[Stack]<UL><LI>Max Depth = 16<LI>Call Chain = __set_errno &rArr; __aeabi_errno_addr &rArr; __user_perthread_libspace
</UL>
<BR>[Calls]<UL><LI><a href="#[f4]">&gt;&gt;</a>&nbsp;&nbsp;&nbsp;__aeabi_errno_addr
</UL>
<BR>[Called By]<UL><LI><a href="#[11a]">&gt;&gt;</a>&nbsp;&nbsp;&nbsp;pow
<LI><a href="#[229]">&gt;&gt;</a>&nbsp;&nbsp;&nbsp;sqrt
</UL>

<P><STRONG><a name="[ea]"></a>_printf_int_common</STRONG> (Thumb, 178 bytes, Stack size 32 bytes, _printf_intcommon.o(.text))
<BR><BR>[Stack]<UL><LI>Max Depth = 48<LI>Call Chain = _printf_int_common &rArr; _printf_post_padding
</UL>
<BR>[Calls]<UL><LI><a href="#[f7]">&gt;&gt;</a>&nbsp;&nbsp;&nbsp;_printf_post_padding
<LI><a href="#[f6]">&gt;&gt;</a>&nbsp;&nbsp;&nbsp;_printf_pre_padding
</UL>
<BR>[Called By]<UL><LI><a href="#[cf]">&gt;&gt;</a>&nbsp;&nbsp;&nbsp;_printf_int_hex
<LI><a href="#[cd]">&gt;&gt;</a>&nbsp;&nbsp;&nbsp;_printf_int_dec
</UL>

<P><STRONG><a name="[2be]"></a>__lib_sel_fp_printf</STRONG> (Thumb, 2 bytes, Stack size 0 bytes, _printf_fp_dec.o(.text), UNUSED)

<P><STRONG><a name="[fe]"></a>_printf_fp_dec_real</STRONG> (Thumb, 620 bytes, Stack size 104 bytes, _printf_fp_dec.o(.text))
<BR><BR>[Stack]<UL><LI>Max Depth = 320<LI>Call Chain = _printf_fp_dec_real &rArr; _fp_digits &rArr; _btod_etento &rArr; _btod_emul &rArr; _e2e
</UL>
<BR>[Calls]<UL><LI><a href="#[f7]">&gt;&gt;</a>&nbsp;&nbsp;&nbsp;_printf_post_padding
<LI><a href="#[f6]">&gt;&gt;</a>&nbsp;&nbsp;&nbsp;_printf_pre_padding
<LI><a href="#[100]">&gt;&gt;</a>&nbsp;&nbsp;&nbsp;_printf_fp_infnan
<LI><a href="#[d1]">&gt;&gt;</a>&nbsp;&nbsp;&nbsp;__rt_locale
<LI><a href="#[ff]">&gt;&gt;</a>&nbsp;&nbsp;&nbsp;__ARM_fpclassify
<LI><a href="#[f8]">&gt;&gt;</a>&nbsp;&nbsp;&nbsp;_fp_digits
</UL>
<BR>[Called By]<UL><LI><a href="#[cb]">&gt;&gt;</a>&nbsp;&nbsp;&nbsp;_printf_fp_dec
</UL>

<P><STRONG><a name="[e9]"></a>_printf_char_common</STRONG> (Thumb, 32 bytes, Stack size 64 bytes, _printf_char_common.o(.text))
<BR><BR>[Stack]<UL><LI>Max Depth = 104 + Unknown Stack Size
<LI>Call Chain = _printf_char_common &rArr; __printf
</UL>
<BR>[Calls]<UL><LI><a href="#[eb]">&gt;&gt;</a>&nbsp;&nbsp;&nbsp;__printf
</UL>
<BR>[Called By]<UL><LI><a href="#[e8]">&gt;&gt;</a>&nbsp;&nbsp;&nbsp;__2sprintf
</UL>

<P><STRONG><a name="[73]"></a>_sputc</STRONG> (Thumb, 10 bytes, Stack size 0 bytes, _sputc.o(.text))
<BR><BR>[Called By]<UL><LI><a href="#[e8]">&gt;&gt;</a>&nbsp;&nbsp;&nbsp;__2sprintf
</UL>
<BR>[Address Reference Count : 1]<UL><LI> noretval__2sprintf.o(.text)
</UL>
<P><STRONG><a name="[d1]"></a>__rt_locale</STRONG> (Thumb, 10 bytes, Stack size 8 bytes, rt_locale_twolibspace.o(.text))
<BR><BR>[Stack]<UL><LI>Max Depth = 8<LI>Call Chain = __rt_locale
</UL>
<BR>[Calls]<UL><LI><a href="#[101]">&gt;&gt;</a>&nbsp;&nbsp;&nbsp;__user_perproc_libspace
</UL>
<BR>[Called By]<UL><LI><a href="#[d0]">&gt;&gt;</a>&nbsp;&nbsp;&nbsp;__rt_lib_init_lc_common
<LI><a href="#[fe]">&gt;&gt;</a>&nbsp;&nbsp;&nbsp;_printf_fp_dec_real
</UL>

<P><STRONG><a name="[f4]"></a>__aeabi_errno_addr</STRONG> (Thumb, 4 bytes, Stack size 0 bytes, rt_errno_addr_twolibspace.o(.text))
<BR><BR>[Stack]<UL><LI>Max Depth = 8<LI>Call Chain = __aeabi_errno_addr &rArr; __user_perthread_libspace
</UL>
<BR>[Calls]<UL><LI><a href="#[102]">&gt;&gt;</a>&nbsp;&nbsp;&nbsp;__user_perthread_libspace
</UL>
<BR>[Called By]<UL><LI><a href="#[f5]">&gt;&gt;</a>&nbsp;&nbsp;&nbsp;__set_errno
<LI><a href="#[f3]">&gt;&gt;</a>&nbsp;&nbsp;&nbsp;__read_errno
</UL>

<P><STRONG><a name="[2bf]"></a>__errno$twolibspace</STRONG> (Thumb, 0 bytes, Stack size 0 bytes, rt_errno_addr_twolibspace.o(.text), UNUSED)

<P><STRONG><a name="[2c0]"></a>__rt_errno_addr$twolibspace</STRONG> (Thumb, 0 bytes, Stack size 0 bytes, rt_errno_addr_twolibspace.o(.text), UNUSED)

<P><STRONG><a name="[fd]"></a>_ll_udiv10</STRONG> (Thumb, 138 bytes, Stack size 12 bytes, lludiv10.o(.text))
<BR><BR>[Stack]<UL><LI>Max Depth = 12<LI>Call Chain = _ll_udiv10
</UL>
<BR>[Called By]<UL><LI><a href="#[f8]">&gt;&gt;</a>&nbsp;&nbsp;&nbsp;_fp_digits
</UL>

<P><STRONG><a name="[100]"></a>_printf_fp_infnan</STRONG> (Thumb, 112 bytes, Stack size 24 bytes, _printf_fp_infnan.o(.text))
<BR><BR>[Stack]<UL><LI>Max Depth = 40<LI>Call Chain = _printf_fp_infnan &rArr; _printf_post_padding
</UL>
<BR>[Calls]<UL><LI><a href="#[f7]">&gt;&gt;</a>&nbsp;&nbsp;&nbsp;_printf_post_padding
<LI><a href="#[f6]">&gt;&gt;</a>&nbsp;&nbsp;&nbsp;_printf_pre_padding
</UL>
<BR>[Called By]<UL><LI><a href="#[fe]">&gt;&gt;</a>&nbsp;&nbsp;&nbsp;_printf_fp_dec_real
</UL>

<P><STRONG><a name="[f9]"></a>_btod_etento</STRONG> (Thumb, 216 bytes, Stack size 72 bytes, bigflt0.o(.text))
<BR><BR>[Stack]<UL><LI>Max Depth = 120<LI>Call Chain = _btod_etento &rArr; _btod_emul &rArr; _e2e
</UL>
<BR>[Calls]<UL><LI><a href="#[fc]">&gt;&gt;</a>&nbsp;&nbsp;&nbsp;_btod_emul
<LI><a href="#[fb]">&gt;&gt;</a>&nbsp;&nbsp;&nbsp;_btod_ediv
</UL>
<BR>[Called By]<UL><LI><a href="#[f8]">&gt;&gt;</a>&nbsp;&nbsp;&nbsp;_fp_digits
</UL>

<P><STRONG><a name="[df]"></a>_sys_exit</STRONG> (Thumb, 8 bytes, Stack size 0 bytes, sys_exit.o(.text))
<BR><BR>[Called By]<UL><LI><a href="#[de]">&gt;&gt;</a>&nbsp;&nbsp;&nbsp;__rt_exit_exit
</UL>

<P><STRONG><a name="[d5]"></a>__user_setup_stackheap</STRONG> (Thumb, 74 bytes, Stack size 8 bytes, sys_stackheap_outer.o(.text))
<BR><BR>[Stack]<UL><LI>Max Depth = 8 + Unknown Stack Size
<LI>Call Chain = __user_setup_stackheap
</UL>
<BR>[Calls]<UL><LI><a href="#[103]">&gt;&gt;</a>&nbsp;&nbsp;&nbsp;__user_initial_stackheap
<LI><a href="#[101]">&gt;&gt;</a>&nbsp;&nbsp;&nbsp;__user_perproc_libspace
</UL>
<BR>[Called By]<UL><LI><a href="#[d4]">&gt;&gt;</a>&nbsp;&nbsp;&nbsp;__rt_entry_sh
</UL>

<P><STRONG><a name="[2c1]"></a>__I$use$semihosting</STRONG> (Thumb, 0 bytes, Stack size 0 bytes, use_no_semi.o(.text), UNUSED)

<P><STRONG><a name="[2c2]"></a>__use_no_semihosting_swi</STRONG> (Thumb, 2 bytes, Stack size 0 bytes, use_no_semi.o(.text), UNUSED)

<P><STRONG><a name="[2c3]"></a>__semihosting_library_function</STRONG> (Thumb, 0 bytes, Stack size 0 bytes, indicate_semi.o(.text), UNUSED)

<P><STRONG><a name="[fa]"></a>_btod_d2e</STRONG> (Thumb, 62 bytes, Stack size 0 bytes, btod.o(CL$$btod_d2e))
<BR><BR>[Calls]<UL><LI><a href="#[104]">&gt;&gt;</a>&nbsp;&nbsp;&nbsp;_d2e_norm_op1
</UL>
<BR>[Called By]<UL><LI><a href="#[f8]">&gt;&gt;</a>&nbsp;&nbsp;&nbsp;_fp_digits
</UL>

<P><STRONG><a name="[105]"></a>_d2e_denorm_low</STRONG> (Thumb, 70 bytes, Stack size 0 bytes, btod.o(CL$$btod_d2e_denorm_low))
<BR><BR>[Called By]<UL><LI><a href="#[104]">&gt;&gt;</a>&nbsp;&nbsp;&nbsp;_d2e_norm_op1
</UL>

<P><STRONG><a name="[104]"></a>_d2e_norm_op1</STRONG> (Thumb, 96 bytes, Stack size 0 bytes, btod.o(CL$$btod_d2e_norm_op1))
<BR><BR>[Calls]<UL><LI><a href="#[105]">&gt;&gt;</a>&nbsp;&nbsp;&nbsp;_d2e_denorm_low
</UL>
<BR>[Called By]<UL><LI><a href="#[fa]">&gt;&gt;</a>&nbsp;&nbsp;&nbsp;_btod_d2e
</UL>

<P><STRONG><a name="[106]"></a>__btod_div_common</STRONG> (Thumb, 696 bytes, Stack size 24 bytes, btod.o(CL$$btod_div_common))
<BR><BR>[Stack]<UL><LI>Max Depth = 24<LI>Call Chain = __btod_div_common
</UL>
<BR>[Called By]<UL><LI><a href="#[fb]">&gt;&gt;</a>&nbsp;&nbsp;&nbsp;_btod_ediv
</UL>

<P><STRONG><a name="[107]"></a>_e2e</STRONG> (Thumb, 198 bytes, Stack size 24 bytes, btod.o(CL$$btod_e2e))
<BR><BR>[Stack]<UL><LI>Max Depth = 24<LI>Call Chain = _e2e
</UL>
<BR>[Called By]<UL><LI><a href="#[fc]">&gt;&gt;</a>&nbsp;&nbsp;&nbsp;_btod_emul
<LI><a href="#[fb]">&gt;&gt;</a>&nbsp;&nbsp;&nbsp;_btod_ediv
</UL>

<P><STRONG><a name="[fb]"></a>_btod_ediv</STRONG> (Thumb, 40 bytes, Stack size 24 bytes, btod.o(CL$$btod_ediv))
<BR><BR>[Stack]<UL><LI>Max Depth = 48<LI>Call Chain = _btod_ediv &rArr; _e2e
</UL>
<BR>[Calls]<UL><LI><a href="#[107]">&gt;&gt;</a>&nbsp;&nbsp;&nbsp;_e2e
<LI><a href="#[106]">&gt;&gt;</a>&nbsp;&nbsp;&nbsp;__btod_div_common
</UL>
<BR>[Called By]<UL><LI><a href="#[f9]">&gt;&gt;</a>&nbsp;&nbsp;&nbsp;_btod_etento
<LI><a href="#[f8]">&gt;&gt;</a>&nbsp;&nbsp;&nbsp;_fp_digits
</UL>

<P><STRONG><a name="[fc]"></a>_btod_emul</STRONG> (Thumb, 40 bytes, Stack size 24 bytes, btod.o(CL$$btod_emul))
<BR><BR>[Stack]<UL><LI>Max Depth = 48<LI>Call Chain = _btod_emul &rArr; _e2e
</UL>
<BR>[Calls]<UL><LI><a href="#[108]">&gt;&gt;</a>&nbsp;&nbsp;&nbsp;__btod_mult_common
<LI><a href="#[107]">&gt;&gt;</a>&nbsp;&nbsp;&nbsp;_e2e
</UL>
<BR>[Called By]<UL><LI><a href="#[f9]">&gt;&gt;</a>&nbsp;&nbsp;&nbsp;_btod_etento
<LI><a href="#[f8]">&gt;&gt;</a>&nbsp;&nbsp;&nbsp;_fp_digits
</UL>

<P><STRONG><a name="[108]"></a>__btod_mult_common</STRONG> (Thumb, 580 bytes, Stack size 16 bytes, btod.o(CL$$btod_mult_common))
<BR><BR>[Stack]<UL><LI>Max Depth = 16<LI>Call Chain = __btod_mult_common
</UL>
<BR>[Called By]<UL><LI><a href="#[fc]">&gt;&gt;</a>&nbsp;&nbsp;&nbsp;_btod_emul
</UL>

<P><STRONG><a name="[110]"></a>ADC_Cmd</STRONG> (Thumb, 22 bytes, Stack size 0 bytes, stm32f10x_adc.o(i.ADC_Cmd))
<BR><BR>[Called By]<UL><LI><a href="#[252]">&gt;&gt;</a>&nbsp;&nbsp;&nbsp;soilHum_Adc_Init
<LI><a href="#[20f]">&gt;&gt;</a>&nbsp;&nbsp;&nbsp;contentCO2_Adc_Init
<LI><a href="#[267]">&gt;&gt;</a>&nbsp;&nbsp;&nbsp;windSpeed_Adc_Init
<LI><a href="#[10b]">&gt;&gt;</a>&nbsp;&nbsp;&nbsp;Adc_Init
<LI><a href="#[1d6]">&gt;&gt;</a>&nbsp;&nbsp;&nbsp;SourceTog_Adc_Init
</UL>

<P><STRONG><a name="[109]"></a>ADC_DeInit</STRONG> (Thumb, 78 bytes, Stack size 8 bytes, stm32f10x_adc.o(i.ADC_DeInit))
<BR><BR>[Stack]<UL><LI>Max Depth = 8<LI>Call Chain = ADC_DeInit
</UL>
<BR>[Calls]<UL><LI><a href="#[10a]">&gt;&gt;</a>&nbsp;&nbsp;&nbsp;RCC_APB2PeriphResetCmd
</UL>
<BR>[Called By]<UL><LI><a href="#[252]">&gt;&gt;</a>&nbsp;&nbsp;&nbsp;soilHum_Adc_Init
<LI><a href="#[20f]">&gt;&gt;</a>&nbsp;&nbsp;&nbsp;contentCO2_Adc_Init
<LI><a href="#[267]">&gt;&gt;</a>&nbsp;&nbsp;&nbsp;windSpeed_Adc_Init
<LI><a href="#[10b]">&gt;&gt;</a>&nbsp;&nbsp;&nbsp;Adc_Init
<LI><a href="#[1d6]">&gt;&gt;</a>&nbsp;&nbsp;&nbsp;SourceTog_Adc_Init
</UL>

<P><STRONG><a name="[114]"></a>ADC_GetCalibrationStatus</STRONG> (Thumb, 20 bytes, Stack size 0 bytes, stm32f10x_adc.o(i.ADC_GetCalibrationStatus))
<BR><BR>[Called By]<UL><LI><a href="#[252]">&gt;&gt;</a>&nbsp;&nbsp;&nbsp;soilHum_Adc_Init
<LI><a href="#[20f]">&gt;&gt;</a>&nbsp;&nbsp;&nbsp;contentCO2_Adc_Init
<LI><a href="#[267]">&gt;&gt;</a>&nbsp;&nbsp;&nbsp;windSpeed_Adc_Init
<LI><a href="#[10b]">&gt;&gt;</a>&nbsp;&nbsp;&nbsp;Adc_Init
<LI><a href="#[1d6]">&gt;&gt;</a>&nbsp;&nbsp;&nbsp;SourceTog_Adc_Init
</UL>

<P><STRONG><a name="[171]"></a>ADC_GetConversionValue</STRONG> (Thumb, 8 bytes, Stack size 0 bytes, stm32f10x_adc.o(i.ADC_GetConversionValue))
<BR><BR>[Called By]<UL><LI><a href="#[253]">&gt;&gt;</a>&nbsp;&nbsp;&nbsp;soilHum_Get_Adc
<LI><a href="#[210]">&gt;&gt;</a>&nbsp;&nbsp;&nbsp;contentCO2_Get_Adc
<LI><a href="#[268]">&gt;&gt;</a>&nbsp;&nbsp;&nbsp;windSpeed_Get_Adc
<LI><a href="#[16d]">&gt;&gt;</a>&nbsp;&nbsp;&nbsp;Get_Adc
<LI><a href="#[1d7]">&gt;&gt;</a>&nbsp;&nbsp;&nbsp;SourceTog_Get_Adc
</UL>

<P><STRONG><a name="[170]"></a>ADC_GetFlagStatus</STRONG> (Thumb, 18 bytes, Stack size 0 bytes, stm32f10x_adc.o(i.ADC_GetFlagStatus))
<BR><BR>[Called By]<UL><LI><a href="#[253]">&gt;&gt;</a>&nbsp;&nbsp;&nbsp;soilHum_Get_Adc
<LI><a href="#[210]">&gt;&gt;</a>&nbsp;&nbsp;&nbsp;contentCO2_Get_Adc
<LI><a href="#[268]">&gt;&gt;</a>&nbsp;&nbsp;&nbsp;windSpeed_Get_Adc
<LI><a href="#[16d]">&gt;&gt;</a>&nbsp;&nbsp;&nbsp;Get_Adc
<LI><a href="#[1d7]">&gt;&gt;</a>&nbsp;&nbsp;&nbsp;SourceTog_Get_Adc
</UL>

<P><STRONG><a name="[112]"></a>ADC_GetResetCalibrationStatus</STRONG> (Thumb, 20 bytes, Stack size 0 bytes, stm32f10x_adc.o(i.ADC_GetResetCalibrationStatus))
<BR><BR>[Called By]<UL><LI><a href="#[252]">&gt;&gt;</a>&nbsp;&nbsp;&nbsp;soilHum_Adc_Init
<LI><a href="#[20f]">&gt;&gt;</a>&nbsp;&nbsp;&nbsp;contentCO2_Adc_Init
<LI><a href="#[267]">&gt;&gt;</a>&nbsp;&nbsp;&nbsp;windSpeed_Adc_Init
<LI><a href="#[10b]">&gt;&gt;</a>&nbsp;&nbsp;&nbsp;Adc_Init
<LI><a href="#[1d6]">&gt;&gt;</a>&nbsp;&nbsp;&nbsp;SourceTog_Adc_Init
</UL>

<P><STRONG><a name="[10f]"></a>ADC_Init</STRONG> (Thumb, 70 bytes, Stack size 12 bytes, stm32f10x_adc.o(i.ADC_Init))
<BR><BR>[Stack]<UL><LI>Max Depth = 12<LI>Call Chain = ADC_Init
</UL>
<BR>[Called By]<UL><LI><a href="#[252]">&gt;&gt;</a>&nbsp;&nbsp;&nbsp;soilHum_Adc_Init
<LI><a href="#[20f]">&gt;&gt;</a>&nbsp;&nbsp;&nbsp;contentCO2_Adc_Init
<LI><a href="#[267]">&gt;&gt;</a>&nbsp;&nbsp;&nbsp;windSpeed_Adc_Init
<LI><a href="#[10b]">&gt;&gt;</a>&nbsp;&nbsp;&nbsp;Adc_Init
<LI><a href="#[1d6]">&gt;&gt;</a>&nbsp;&nbsp;&nbsp;SourceTog_Adc_Init
</UL>

<P><STRONG><a name="[16e]"></a>ADC_RegularChannelConfig</STRONG> (Thumb, 184 bytes, Stack size 20 bytes, stm32f10x_adc.o(i.ADC_RegularChannelConfig))
<BR><BR>[Stack]<UL><LI>Max Depth = 20<LI>Call Chain = ADC_RegularChannelConfig
</UL>
<BR>[Called By]<UL><LI><a href="#[253]">&gt;&gt;</a>&nbsp;&nbsp;&nbsp;soilHum_Get_Adc
<LI><a href="#[210]">&gt;&gt;</a>&nbsp;&nbsp;&nbsp;contentCO2_Get_Adc
<LI><a href="#[268]">&gt;&gt;</a>&nbsp;&nbsp;&nbsp;windSpeed_Get_Adc
<LI><a href="#[16d]">&gt;&gt;</a>&nbsp;&nbsp;&nbsp;Get_Adc
<LI><a href="#[1d7]">&gt;&gt;</a>&nbsp;&nbsp;&nbsp;SourceTog_Get_Adc
</UL>

<P><STRONG><a name="[111]"></a>ADC_ResetCalibration</STRONG> (Thumb, 10 bytes, Stack size 0 bytes, stm32f10x_adc.o(i.ADC_ResetCalibration))
<BR><BR>[Called By]<UL><LI><a href="#[252]">&gt;&gt;</a>&nbsp;&nbsp;&nbsp;soilHum_Adc_Init
<LI><a href="#[20f]">&gt;&gt;</a>&nbsp;&nbsp;&nbsp;contentCO2_Adc_Init
<LI><a href="#[267]">&gt;&gt;</a>&nbsp;&nbsp;&nbsp;windSpeed_Adc_Init
<LI><a href="#[10b]">&gt;&gt;</a>&nbsp;&nbsp;&nbsp;Adc_Init
<LI><a href="#[1d6]">&gt;&gt;</a>&nbsp;&nbsp;&nbsp;SourceTog_Adc_Init
</UL>

<P><STRONG><a name="[16f]"></a>ADC_SoftwareStartConvCmd</STRONG> (Thumb, 22 bytes, Stack size 0 bytes, stm32f10x_adc.o(i.ADC_SoftwareStartConvCmd))
<BR><BR>[Called By]<UL><LI><a href="#[253]">&gt;&gt;</a>&nbsp;&nbsp;&nbsp;soilHum_Get_Adc
<LI><a href="#[210]">&gt;&gt;</a>&nbsp;&nbsp;&nbsp;contentCO2_Get_Adc
<LI><a href="#[268]">&gt;&gt;</a>&nbsp;&nbsp;&nbsp;windSpeed_Get_Adc
<LI><a href="#[16d]">&gt;&gt;</a>&nbsp;&nbsp;&nbsp;Get_Adc
<LI><a href="#[1d7]">&gt;&gt;</a>&nbsp;&nbsp;&nbsp;SourceTog_Get_Adc
</UL>

<P><STRONG><a name="[113]"></a>ADC_StartCalibration</STRONG> (Thumb, 10 bytes, Stack size 0 bytes, stm32f10x_adc.o(i.ADC_StartCalibration))
<BR><BR>[Called By]<UL><LI><a href="#[252]">&gt;&gt;</a>&nbsp;&nbsp;&nbsp;soilHum_Adc_Init
<LI><a href="#[20f]">&gt;&gt;</a>&nbsp;&nbsp;&nbsp;contentCO2_Adc_Init
<LI><a href="#[267]">&gt;&gt;</a>&nbsp;&nbsp;&nbsp;windSpeed_Adc_Init
<LI><a href="#[10b]">&gt;&gt;</a>&nbsp;&nbsp;&nbsp;Adc_Init
<LI><a href="#[1d6]">&gt;&gt;</a>&nbsp;&nbsp;&nbsp;SourceTog_Adc_Init
</UL>

<P><STRONG><a name="[10b]"></a>Adc_Init</STRONG> (Thumb, 132 bytes, Stack size 32 bytes, sensorsim.o(i.Adc_Init))
<BR><BR>[Stack]<UL><LI>Max Depth = 56<LI>Call Chain = Adc_Init &rArr; GPIO_Init
</UL>
<BR>[Calls]<UL><LI><a href="#[10c]">&gt;&gt;</a>&nbsp;&nbsp;&nbsp;RCC_APB2PeriphClockCmd
<LI><a href="#[10e]">&gt;&gt;</a>&nbsp;&nbsp;&nbsp;GPIO_Init
<LI><a href="#[10d]">&gt;&gt;</a>&nbsp;&nbsp;&nbsp;RCC_ADCCLKConfig
<LI><a href="#[113]">&gt;&gt;</a>&nbsp;&nbsp;&nbsp;ADC_StartCalibration
<LI><a href="#[111]">&gt;&gt;</a>&nbsp;&nbsp;&nbsp;ADC_ResetCalibration
<LI><a href="#[10f]">&gt;&gt;</a>&nbsp;&nbsp;&nbsp;ADC_Init
<LI><a href="#[112]">&gt;&gt;</a>&nbsp;&nbsp;&nbsp;ADC_GetResetCalibrationStatus
<LI><a href="#[114]">&gt;&gt;</a>&nbsp;&nbsp;&nbsp;ADC_GetCalibrationStatus
<LI><a href="#[109]">&gt;&gt;</a>&nbsp;&nbsp;&nbsp;ADC_DeInit
<LI><a href="#[110]">&gt;&gt;</a>&nbsp;&nbsp;&nbsp;ADC_Cmd
</UL>
<BR>[Called By]<UL><LI><a href="#[1a]">&gt;&gt;</a>&nbsp;&nbsp;&nbsp;SensorSIM_Init
</UL>

<P><STRONG><a name="[115]"></a>BEEP_Init</STRONG> (Thumb, 46 bytes, Stack size 8 bytes, beep.o(i.BEEP_Init))
<BR><BR>[Stack]<UL><LI>Max Depth = 32<LI>Call Chain = BEEP_Init &rArr; GPIO_Init
</UL>
<BR>[Calls]<UL><LI><a href="#[116]">&gt;&gt;</a>&nbsp;&nbsp;&nbsp;GPIO_SetBits
<LI><a href="#[10c]">&gt;&gt;</a>&nbsp;&nbsp;&nbsp;RCC_APB2PeriphClockCmd
<LI><a href="#[10e]">&gt;&gt;</a>&nbsp;&nbsp;&nbsp;GPIO_Init
</UL>
<BR>[Called By]<UL><LI><a href="#[25]">&gt;&gt;</a>&nbsp;&nbsp;&nbsp;exAir_Init
<LI><a href="#[24]">&gt;&gt;</a>&nbsp;&nbsp;&nbsp;LEDSpray_Init
<LI><a href="#[27]">&gt;&gt;</a>&nbsp;&nbsp;&nbsp;LEDGrow_Init
<LI><a href="#[124]">&gt;&gt;</a>&nbsp;&nbsp;&nbsp;BSP_Init
</UL>

<P><STRONG><a name="[117]"></a>BMP085_Get_Altitude</STRONG> (Thumb, 84 bytes, Stack size 48 bytes, bmp180.o(i.BMP085_Get_Altitude))
<BR><BR>[Stack]<UL><LI>Max Depth = 240<LI>Call Chain = BMP085_Get_Altitude &rArr; pow &rArr; sqrt &rArr; _dsqrt &rArr; __fpl_dnaninf
</UL>
<BR>[Calls]<UL><LI><a href="#[11a]">&gt;&gt;</a>&nbsp;&nbsp;&nbsp;pow
<LI><a href="#[118]">&gt;&gt;</a>&nbsp;&nbsp;&nbsp;__aeabi_f2d
<LI><a href="#[11c]">&gt;&gt;</a>&nbsp;&nbsp;&nbsp;__aeabi_dmul
<LI><a href="#[119]">&gt;&gt;</a>&nbsp;&nbsp;&nbsp;__aeabi_ddiv
<LI><a href="#[11b]">&gt;&gt;</a>&nbsp;&nbsp;&nbsp;__aeabi_drsub
</UL>
<BR>[Called By]<UL><LI><a href="#[92]">&gt;&gt;</a>&nbsp;&nbsp;&nbsp;BMP180MS_Thread
</UL>

<P><STRONG><a name="[e]"></a>BMP180MS</STRONG> (Thumb, 16 bytes, Stack size 8 bytes, bmp180.o(i.BMP180MS))
<BR><BR>[Stack]<UL><LI>Max Depth = 80<LI>Call Chain = BMP180MS &rArr; osThreadCreate &rArr; svcThreadCreate &rArr; rt_tsk_create &rArr; rt_init_context &rArr; rt_init_stack
</UL>
<BR>[Calls]<UL><LI><a href="#[e1]">&gt;&gt;</a>&nbsp;&nbsp;&nbsp;osThreadCreate
</UL>
<BR>[Address Reference Count : 1]<UL><LI> bsp.o(.data)
</UL>
<P><STRONG><a name="[92]"></a>BMP180MS_Thread</STRONG> (Thumb, 132 bytes, Stack size 48 bytes, bmp180.o(i.BMP180MS_Thread))
<BR><BR>[Stack]<UL><LI>Max Depth = 288 + Unknown Stack Size
<LI>Call Chain = BMP180MS_Thread &rArr; BMP085_Get_Altitude &rArr; pow &rArr; sqrt &rArr; _dsqrt &rArr; __fpl_dnaninf
</UL>
<BR>[Calls]<UL><LI><a href="#[121]">&gt;&gt;</a>&nbsp;&nbsp;&nbsp;osDelay
<LI><a href="#[11d]">&gt;&gt;</a>&nbsp;&nbsp;&nbsp;bmp180Convert
<LI><a href="#[117]">&gt;&gt;</a>&nbsp;&nbsp;&nbsp;BMP085_Get_Altitude
<LI><a href="#[11f]">&gt;&gt;</a>&nbsp;&nbsp;&nbsp;__aeabi_fdiv
<LI><a href="#[118]">&gt;&gt;</a>&nbsp;&nbsp;&nbsp;__aeabi_f2d
<LI><a href="#[11e]">&gt;&gt;</a>&nbsp;&nbsp;&nbsp;__aeabi_d2f
<LI><a href="#[120]">&gt;&gt;</a>&nbsp;&nbsp;&nbsp;strlen
<LI><a href="#[e8]">&gt;&gt;</a>&nbsp;&nbsp;&nbsp;__2sprintf
</UL>
<BR>[Address Reference Count : 1]<UL><LI> bmp180.o(.constdata)
</UL>
<P><STRONG><a name="[20]"></a>BMP180_Init</STRONG> (Thumb, 134 bytes, Stack size 8 bytes, bmp180.o(i.BMP180_Init))
<BR><BR>[Stack]<UL><LI>Max Depth = 68<LI>Call Chain = BMP180_Init &rArr; Multiple_read &rArr; IIC_Read_Byte &rArr; IIC_NAck &rArr; delay_us
</UL>
<BR>[Calls]<UL><LI><a href="#[122]">&gt;&gt;</a>&nbsp;&nbsp;&nbsp;IIC_Init
<LI><a href="#[123]">&gt;&gt;</a>&nbsp;&nbsp;&nbsp;Multiple_read
</UL>
<BR>[Address Reference Count : 1]<UL><LI> bsp.o(.data)
</UL>
<P><STRONG><a name="[124]"></a>BSP_Init</STRONG> (Thumb, 50 bytes, Stack size 8 bytes, bsp.o(i.BSP_Init))
<BR><BR>[Stack]<UL><LI>Max Depth = 108<LI>Call Chain = BSP_Init &rArr; USART2Init1 &rArr; USART_Init &rArr; RCC_GetClocksFreq
</UL>
<BR>[Calls]<UL><LI><a href="#[126]">&gt;&gt;</a>&nbsp;&nbsp;&nbsp;testInit
<LI><a href="#[12d]">&gt;&gt;</a>&nbsp;&nbsp;&nbsp;mutexUSART1_Active
<LI><a href="#[12b]">&gt;&gt;</a>&nbsp;&nbsp;&nbsp;keyInit
<LI><a href="#[125]">&gt;&gt;</a>&nbsp;&nbsp;&nbsp;bsp_delayinit
<LI><a href="#[12a]">&gt;&gt;</a>&nbsp;&nbsp;&nbsp;USART2Init2
<LI><a href="#[129]">&gt;&gt;</a>&nbsp;&nbsp;&nbsp;USART2Init1
<LI><a href="#[128]">&gt;&gt;</a>&nbsp;&nbsp;&nbsp;USART1Init2
<LI><a href="#[127]">&gt;&gt;</a>&nbsp;&nbsp;&nbsp;USART1Init1
<LI><a href="#[12c]">&gt;&gt;</a>&nbsp;&nbsp;&nbsp;LCD144_Init
<LI><a href="#[115]">&gt;&gt;</a>&nbsp;&nbsp;&nbsp;BEEP_Init
</UL>
<BR>[Called By]<UL><LI><a href="#[c3]">&gt;&gt;</a>&nbsp;&nbsp;&nbsp;main
</UL>

<P><STRONG><a name="[12e]"></a>BSP_SetOFF</STRONG> (Thumb, 26 bytes, Stack size 8 bytes, bsp.o(i.BSP_SetOFF))
<BR><BR>[Stack]<UL><LI>Max Depth = 88<LI>Call Chain = BSP_SetOFF &rArr; keyTest &rArr; osThreadCreate &rArr; svcThreadCreate &rArr; rt_tsk_create &rArr; rt_init_context &rArr; rt_init_stack
</UL>
<BR>[Calls]<UL><LI><a href="#[131]">&gt;&gt;</a>&nbsp;&nbsp;&nbsp;keyTest
<LI><a href="#[130]">&gt;&gt;</a>&nbsp;&nbsp;&nbsp;USART2Trans
<LI><a href="#[12f]">&gt;&gt;</a>&nbsp;&nbsp;&nbsp;USART1Debug
<LI><a href="#[132]">&gt;&gt;</a>&nbsp;&nbsp;&nbsp;LCD_144_test
</UL>
<BR>[Called By]<UL><LI><a href="#[c3]">&gt;&gt;</a>&nbsp;&nbsp;&nbsp;main
</UL>

<P><STRONG><a name="[133]"></a>Beep_time</STRONG> (Thumb, 38 bytes, Stack size 8 bytes, beep.o(i.Beep_time))
<BR><BR>[Stack]<UL><LI>Max Depth = 8<LI>Call Chain = Beep_time
</UL>
<BR>[Calls]<UL><LI><a href="#[121]">&gt;&gt;</a>&nbsp;&nbsp;&nbsp;osDelay
[...]
<P><STRONG><a name="[af]"></a>USART1_GetTxCount</STRONG> (Thumb, 10 bytes, Stack size 8 bytes, usart_stm32f10x.o(i.USART1_GetTxCount))
<BR><BR>[Stack]<UL><LI>Max Depth = 8<LI>Call Chain = USART1_GetTxCount
</UL>
<BR>[Calls]<UL><LI><a href="#[1f1]">&gt;&gt;</a>&nbsp;&nbsp;&nbsp;USART_GetTxCount
</UL>
<BR>[Address Reference Count : 1]<UL><LI> usart_stm32f10x.o(.constdata)
</UL>
<P><STRONG><a name="[a9]"></a>USART1_Initialize</STRONG> (Thumb, 14 bytes, Stack size 8 bytes, usart_stm32f10x.o(i.USART1_Initialize))
<BR><BR>[Stack]<UL><LI>Max Depth = 36<LI>Call Chain = USART1_Initialize &rArr; USART_Initialize &rArr; GPIO_AFConfigure
</UL>
<BR>[Calls]<UL><LI><a href="#[1f3]">&gt;&gt;</a>&nbsp;&nbsp;&nbsp;USART_Initialize
</UL>
<BR>[Address Reference Count : 1]<UL><LI> usart_stm32f10x.o(.constdata)
</UL>
<P><STRONG><a name="[ab]"></a>USART1_PowerControl</STRONG> (Thumb, 14 bytes, Stack size 8 bytes, usart_stm32f10x.o(i.USART1_PowerControl))
<BR><BR>[Stack]<UL><LI>Max Depth = 24<LI>Call Chain = USART1_PowerControl &rArr; USART_PowerControl
</UL>
<BR>[Calls]<UL><LI><a href="#[1f4]">&gt;&gt;</a>&nbsp;&nbsp;&nbsp;USART_PowerControl
</UL>
<BR>[Address Reference Count : 1]<UL><LI> usart_stm32f10x.o(.constdata)
</UL>
<P><STRONG><a name="[ad]"></a>USART1_Receive</STRONG> (Thumb, 18 bytes, Stack size 16 bytes, usart_stm32f10x.o(i.USART1_Receive))
<BR><BR>[Stack]<UL><LI>Max Depth = 64<LI>Call Chain = USART1_Receive &rArr; USART_Receive &rArr; USART_Send &rArr;  USART_Receive (Cycle)
</UL>
<BR>[Calls]<UL><LI><a href="#[1f5]">&gt;&gt;</a>&nbsp;&nbsp;&nbsp;USART_Receive
</UL>
<BR>[Address Reference Count : 1]<UL><LI> usart_stm32f10x.o(.constdata)
</UL>
<P><STRONG><a name="[ac]"></a>USART1_Send</STRONG> (Thumb, 18 bytes, Stack size 16 bytes, usart_stm32f10x.o(i.USART1_Send))
<BR><BR>[Stack]<UL><LI>Max Depth = 40<LI>Call Chain = USART1_Send &rArr; USART_Send &rArr;  USART_Receive (Cycle)
</UL>
<BR>[Calls]<UL><LI><a href="#[1f6]">&gt;&gt;</a>&nbsp;&nbsp;&nbsp;USART_Send
</UL>
<BR>[Address Reference Count : 1]<UL><LI> usart_stm32f10x.o(.constdata)
</UL>
<P><STRONG><a name="[b3]"></a>USART1_SetModemControl</STRONG> (Thumb, 14 bytes, Stack size 8 bytes, usart_stm32f10x.o(i.USART1_SetModemControl))
<BR><BR>[Stack]<UL><LI>Max Depth = 24<LI>Call Chain = USART1_SetModemControl &rArr; USART_SetModemControl
</UL>
<BR>[Calls]<UL><LI><a href="#[1f7]">&gt;&gt;</a>&nbsp;&nbsp;&nbsp;USART_SetModemControl
</UL>
<BR>[Address Reference Count : 1]<UL><LI> usart_stm32f10x.o(.constdata)
</UL>
<P><STRONG><a name="[ae]"></a>USART1_Transfer</STRONG> (Thumb, 22 bytes, Stack size 16 bytes, usart_stm32f10x.o(i.USART1_Transfer))
<BR><BR>[Stack]<UL><LI>Max Depth = 88<LI>Call Chain = USART1_Transfer &rArr; USART_Transfer &rArr; USART_Receive &rArr; USART_Send &rArr;  USART_Receive (Cycle)
</UL>
<BR>[Calls]<UL><LI><a href="#[1f8]">&gt;&gt;</a>&nbsp;&nbsp;&nbsp;USART_Transfer
</UL>
<BR>[Address Reference Count : 1]<UL><LI> usart_stm32f10x.o(.constdata)
</UL>
<P><STRONG><a name="[aa]"></a>USART1_Uninitialize</STRONG> (Thumb, 10 bytes, Stack size 8 bytes, usart_stm32f10x.o(i.USART1_Uninitialize))
<BR><BR>[Stack]<UL><LI>Max Depth = 40<LI>Call Chain = USART1_Uninitialize &rArr; USART_Uninitialize &rArr; GPIO_PinConfigure
</UL>
<BR>[Calls]<UL><LI><a href="#[1f9]">&gt;&gt;</a>&nbsp;&nbsp;&nbsp;USART_Uninitialize
</UL>
<BR>[Address Reference Count : 1]<UL><LI> usart_stm32f10x.o(.constdata)
</UL>
<P><STRONG><a name="[be]"></a>USART2_Control</STRONG> (Thumb, 18 bytes, Stack size 16 bytes, usart_stm32f10x.o(i.USART2_Control))
<BR><BR>[Stack]<UL><LI>Max Depth = 88<LI>Call Chain = USART2_Control &rArr; USART_Control &rArr; GPIO_PinConfigure
</UL>
<BR>[Calls]<UL><LI><a href="#[1ec]">&gt;&gt;</a>&nbsp;&nbsp;&nbsp;USART_Control
</UL>
<BR>[Address Reference Count : 1]<UL><LI> usart_stm32f10x.o(.constdata)
</UL>
<P><STRONG><a name="[b5]"></a>USART2_GetCapabilities</STRONG> (Thumb, 12 bytes, Stack size 8 bytes, usart_stm32f10x.o(i.USART2_GetCapabilities))
<BR><BR>[Stack]<UL><LI>Max Depth = 8<LI>Call Chain = USART2_GetCapabilities
</UL>
<BR>[Calls]<UL><LI><a href="#[1ed]">&gt;&gt;</a>&nbsp;&nbsp;&nbsp;USART_GetCapabilities
</UL>
<BR>[Address Reference Count : 1]<UL><LI> usart_stm32f10x.o(.constdata)
</UL>
<P><STRONG><a name="[c1]"></a>USART2_GetModemStatus</STRONG> (Thumb, 12 bytes, Stack size 8 bytes, usart_stm32f10x.o(i.USART2_GetModemStatus))
<BR><BR>[Stack]<UL><LI>Max Depth = 20<LI>Call Chain = USART2_GetModemStatus &rArr; USART_GetModemStatus
</UL>
<BR>[Calls]<UL><LI><a href="#[1ee]">&gt;&gt;</a>&nbsp;&nbsp;&nbsp;USART_GetModemStatus
</UL>
<BR>[Address Reference Count : 1]<UL><LI> usart_stm32f10x.o(.constdata)
</UL>
<P><STRONG><a name="[bd]"></a>USART2_GetRxCount</STRONG> (Thumb, 10 bytes, Stack size 8 bytes, usart_stm32f10x.o(i.USART2_GetRxCount))
<BR><BR>[Stack]<UL><LI>Max Depth = 8<LI>Call Chain = USART2_GetRxCount
</UL>
<BR>[Calls]<UL><LI><a href="#[1ef]">&gt;&gt;</a>&nbsp;&nbsp;&nbsp;USART_GetRxCount
</UL>
<BR>[Address Reference Count : 1]<UL><LI> usart_stm32f10x.o(.constdata)
</UL>
<P><STRONG><a name="[bf]"></a>USART2_GetStatus</STRONG> (Thumb, 12 bytes, Stack size 8 bytes, usart_stm32f10x.o(i.USART2_GetStatus))
<BR><BR>[Stack]<UL><LI>Max Depth = 20<LI>Call Chain = USART2_GetStatus &rArr; USART_GetStatus
</UL>
<BR>[Calls]<UL><LI><a href="#[1f0]">&gt;&gt;</a>&nbsp;&nbsp;&nbsp;USART_GetStatus
</UL>
<BR>[Address Reference Count : 1]<UL><LI> usart_stm32f10x.o(.constdata)
</UL>
<P><STRONG><a name="[bc]"></a>USART2_GetTxCount</STRONG> (Thumb, 10 bytes, Stack size 8 bytes, usart_stm32f10x.o(i.USART2_GetTxCount))
<BR><BR>[Stack]<UL><LI>Max Depth = 8<LI>Call Chain = USART2_GetTxCount
</UL>
<BR>[Calls]<UL><LI><a href="#[1f1]">&gt;&gt;</a>&nbsp;&nbsp;&nbsp;USART_GetTxCount
</UL>
<BR>[Address Reference Count : 1]<UL><LI> usart_stm32f10x.o(.constdata)
</UL>
<P><STRONG><a name="[b6]"></a>USART2_Initialize</STRONG> (Thumb, 14 bytes, Stack size 8 bytes, usart_stm32f10x.o(i.USART2_Initialize))
<BR><BR>[Stack]<UL><LI>Max Depth = 36<LI>Call Chain = USART2_Initialize &rArr; USART_Initialize &rArr; GPIO_AFConfigure
</UL>
<BR>[Calls]<UL><LI><a href="#[1f3]">&gt;&gt;</a>&nbsp;&nbsp;&nbsp;USART_Initialize
</UL>
<BR>[Address Reference Count : 1]<UL><LI> usart_stm32f10x.o(.constdata)
</UL>
<P><STRONG><a name="[b8]"></a>USART2_PowerControl</STRONG> (Thumb, 14 bytes, Stack size 8 bytes, usart_stm32f10x.o(i.USART2_PowerControl))
<BR><BR>[Stack]<UL><LI>Max Depth = 24<LI>Call Chain = USART2_PowerControl &rArr; USART_PowerControl
</UL>
<BR>[Calls]<UL><LI><a href="#[1f4]">&gt;&gt;</a>&nbsp;&nbsp;&nbsp;USART_PowerControl
</UL>
<BR>[Address Reference Count : 1]<UL><LI> usart_stm32f10x.o(.constdata)
</UL>
<P><STRONG><a name="[ba]"></a>USART2_Receive</STRONG> (Thumb, 18 bytes, Stack size 16 bytes, usart_stm32f10x.o(i.USART2_Receive))
<BR><BR>[Stack]<UL><LI>Max Depth = 64<LI>Call Chain = USART2_Receive &rArr; USART_Receive &rArr; USART_Send &rArr;  USART_Receive (Cycle)
</UL>
<BR>[Calls]<UL><LI><a href="#[1f5]">&gt;&gt;</a>&nbsp;&nbsp;&nbsp;USART_Receive
</UL>
<BR>[Address Reference Count : 1]<UL><LI> usart_stm32f10x.o(.constdata)
</UL>
<P><STRONG><a name="[b9]"></a>USART2_Send</STRONG> (Thumb, 18 bytes, Stack size 16 bytes, usart_stm32f10x.o(i.USART2_Send))
<BR><BR>[Stack]<UL><LI>Max Depth = 40<LI>Call Chain = USART2_Send &rArr; USART_Send &rArr;  USART_Receive (Cycle)
</UL>
<BR>[Calls]<UL><LI><a href="#[1f6]">&gt;&gt;</a>&nbsp;&nbsp;&nbsp;USART_Send
</UL>
<BR>[Address Reference Count : 1]<UL><LI> usart_stm32f10x.o(.constdata)
</UL>
<P><STRONG><a name="[c0]"></a>USART2_SetModemControl</STRONG> (Thumb, 14 bytes, Stack size 8 bytes, usart_stm32f10x.o(i.USART2_SetModemControl))
<BR><BR>[Stack]<UL><LI>Max Depth = 24<LI>Call Chain = USART2_SetModemControl &rArr; USART_SetModemControl
</UL>
<BR>[Calls]<UL><LI><a href="#[1f7]">&gt;&gt;</a>&nbsp;&nbsp;&nbsp;USART_SetModemControl
</UL>
<BR>[Address Reference Count : 1]<UL><LI> usart_stm32f10x.o(.constdata)
</UL>
<P><STRONG><a name="[bb]"></a>USART2_Transfer</STRONG> (Thumb, 22 bytes, Stack size 16 bytes, usart_stm32f10x.o(i.USART2_Transfer))
<BR><BR>[Stack]<UL><LI>Max Depth = 88<LI>Call Chain = USART2_Transfer &rArr; USART_Transfer &rArr; USART_Receive &rArr; USART_Send &rArr;  USART_Receive (Cycle)
</UL>
<BR>[Calls]<UL><LI><a href="#[1f8]">&gt;&gt;</a>&nbsp;&nbsp;&nbsp;USART_Transfer
</UL>
<BR>[Address Reference Count : 1]<UL><LI> usart_stm32f10x.o(.constdata)
</UL>
<P><STRONG><a name="[b7]"></a>USART2_Uninitialize</STRONG> (Thumb, 10 bytes, Stack size 8 bytes, usart_stm32f10x.o(i.USART2_Uninitialize))
<BR><BR>[Stack]<UL><LI>Max Depth = 40<LI>Call Chain = USART2_Uninitialize &rArr; USART_Uninitialize &rArr; GPIO_PinConfigure
</UL>
<BR>[Calls]<UL><LI><a href="#[1f9]">&gt;&gt;</a>&nbsp;&nbsp;&nbsp;USART_Uninitialize
</UL>
<BR>[Address Reference Count : 1]<UL><LI> usart_stm32f10x.o(.constdata)
</UL>
<P><STRONG><a name="[1ec]"></a>USART_Control</STRONG> (Thumb, 2080 bytes, Stack size 48 bytes, usart_stm32f10x.o(i.USART_Control))
<BR><BR>[Stack]<UL><LI>Max Depth = 72<LI>Call Chain = USART_Control &rArr; GPIO_PinConfigure
</UL>
<BR>[Calls]<UL><LI><a href="#[164]">&gt;&gt;</a>&nbsp;&nbsp;&nbsp;GPIO_PinConfigure
</UL>
<BR>[Called By]<UL><LI><a href="#[be]">&gt;&gt;</a>&nbsp;&nbsp;&nbsp;USART2_Control
<LI><a href="#[b1]">&gt;&gt;</a>&nbsp;&nbsp;&nbsp;USART1_Control
</UL>

<P><STRONG><a name="[1ed]"></a>USART_GetCapabilities</STRONG> (Thumb, 6 bytes, Stack size 0 bytes, usart_stm32f10x.o(i.USART_GetCapabilities))
<BR><BR>[Called By]<UL><LI><a href="#[b5]">&gt;&gt;</a>&nbsp;&nbsp;&nbsp;USART2_GetCapabilities
<LI><a href="#[a8]">&gt;&gt;</a>&nbsp;&nbsp;&nbsp;USART1_GetCapabilities
</UL>

<P><STRONG><a name="[1ee]"></a>USART_GetModemStatus</STRONG> (Thumb, 144 bytes, Stack size 12 bytes, usart_stm32f10x.o(i.USART_GetModemStatus))
<BR><BR>[Stack]<UL><LI>Max Depth = 12<LI>Call Chain = USART_GetModemStatus
</UL>
<BR>[Called By]<UL><LI><a href="#[c1]">&gt;&gt;</a>&nbsp;&nbsp;&nbsp;USART2_GetModemStatus
<LI><a href="#[b4]">&gt;&gt;</a>&nbsp;&nbsp;&nbsp;USART1_GetModemStatus
</UL>

<P><STRONG><a name="[1ef]"></a>USART_GetRxCount</STRONG> (Thumb, 8 bytes, Stack size 0 bytes, usart_stm32f10x.o(i.USART_GetRxCount))
<BR><BR>[Called By]<UL><LI><a href="#[bd]">&gt;&gt;</a>&nbsp;&nbsp;&nbsp;USART2_GetRxCount
<LI><a href="#[b0]">&gt;&gt;</a>&nbsp;&nbsp;&nbsp;USART1_GetRxCount
</UL>

<P><STRONG><a name="[1f0]"></a>USART_GetStatus</STRONG> (Thumb, 212 bytes, Stack size 12 bytes, usart_stm32f10x.o(i.USART_GetStatus))
<BR><BR>[Stack]<UL><LI>Max Depth = 12<LI>Call Chain = USART_GetStatus
</UL>
<BR>[Called By]<UL><LI><a href="#[bf]">&gt;&gt;</a>&nbsp;&nbsp;&nbsp;USART2_GetStatus
<LI><a href="#[b2]">&gt;&gt;</a>&nbsp;&nbsp;&nbsp;USART1_GetStatus
</UL>

<P><STRONG><a name="[1f1]"></a>USART_GetTxCount</STRONG> (Thumb, 8 bytes, Stack size 0 bytes, usart_stm32f10x.o(i.USART_GetTxCount))
<BR><BR>[Called By]<UL><LI><a href="#[bc]">&gt;&gt;</a>&nbsp;&nbsp;&nbsp;USART2_GetTxCount
<LI><a href="#[af]">&gt;&gt;</a>&nbsp;&nbsp;&nbsp;USART1_GetTxCount
</UL>

<P><STRONG><a name="[1f3]"></a>USART_Initialize</STRONG> (Thumb, 162 bytes, Stack size 16 bytes, usart_stm32f10x.o(i.USART_Initialize))
<BR><BR>[Stack]<UL><LI>Max Depth = 28<LI>Call Chain = USART_Initialize &rArr; GPIO_AFConfigure
</UL>
<BR>[Calls]<UL><LI><a href="#[166]">&gt;&gt;</a>&nbsp;&nbsp;&nbsp;GPIO_PortClock
<LI><a href="#[1ff]">&gt;&gt;</a>&nbsp;&nbsp;&nbsp;GPIO_AFConfigure
<LI><a href="#[144]">&gt;&gt;</a>&nbsp;&nbsp;&nbsp;__aeabi_memclr4
</UL>
<BR>[Called By]<UL><LI><a href="#[b6]">&gt;&gt;</a>&nbsp;&nbsp;&nbsp;USART2_Initialize
<LI><a href="#[a9]">&gt;&gt;</a>&nbsp;&nbsp;&nbsp;USART1_Initialize
</UL>

<P><STRONG><a name="[200]"></a>USART_PeripheralReset</STRONG> (Thumb, 190 bytes, Stack size 0 bytes, usart_stm32f10x.o(i.USART_PeripheralReset))
<BR><BR>[Called By]<UL><LI><a href="#[1f4]">&gt;&gt;</a>&nbsp;&nbsp;&nbsp;USART_PowerControl
</UL>

<P><STRONG><a name="[1f4]"></a>USART_PowerControl</STRONG> (Thumb, 520 bytes, Stack size 16 bytes, usart_stm32f10x.o(i.USART_PowerControl))
<BR><BR>[Stack]<UL><LI>Max Depth = 16<LI>Call Chain = USART_PowerControl
</UL>
<BR>[Calls]<UL><LI><a href="#[200]">&gt;&gt;</a>&nbsp;&nbsp;&nbsp;USART_PeripheralReset
</UL>
<BR>[Called By]<UL><LI><a href="#[b8]">&gt;&gt;</a>&nbsp;&nbsp;&nbsp;USART2_PowerControl
<LI><a href="#[ab]">&gt;&gt;</a>&nbsp;&nbsp;&nbsp;USART1_PowerControl
</UL>

<P><STRONG><a name="[1f5]"></a>USART_Receive</STRONG> (Thumb, 162 bytes, Stack size 24 bytes, usart_stm32f10x.o(i.USART_Receive))
<BR><BR>[Stack]<UL><LI>Max Depth = 48<LI>Call Chain = USART_Receive &rArr; USART_Send &rArr;  USART_Receive (Cycle)
</UL>
<BR>[Calls]<UL><LI><a href="#[1f6]">&gt;&gt;</a>&nbsp;&nbsp;&nbsp;USART_Send
</UL>
<BR>[Called By]<UL><LI><a href="#[1f8]">&gt;&gt;</a>&nbsp;&nbsp;&nbsp;USART_Transfer
<LI><a href="#[1f6]">&gt;&gt;</a>&nbsp;&nbsp;&nbsp;USART_Send
<LI><a href="#[ba]">&gt;&gt;</a>&nbsp;&nbsp;&nbsp;USART2_Receive
<LI><a href="#[ad]">&gt;&gt;</a>&nbsp;&nbsp;&nbsp;USART1_Receive
</UL>

<P><STRONG><a name="[1f6]"></a>USART_Send</STRONG> (Thumb, 136 bytes, Stack size 24 bytes, usart_stm32f10x.o(i.USART_Send))
<BR><BR>[Stack]<UL><LI>Max Depth = 24 + In Cycle
<LI>Call Chain = USART_Send &rArr;  USART_Receive (Cycle)
</UL>
<BR>[Calls]<UL><LI><a href="#[1f5]">&gt;&gt;</a>&nbsp;&nbsp;&nbsp;USART_Receive
</UL>
<BR>[Called By]<UL><LI><a href="#[1f8]">&gt;&gt;</a>&nbsp;&nbsp;&nbsp;USART_Transfer
<LI><a href="#[1f5]">&gt;&gt;</a>&nbsp;&nbsp;&nbsp;USART_Receive
<LI><a href="#[b9]">&gt;&gt;</a>&nbsp;&nbsp;&nbsp;USART2_Send
<LI><a href="#[ac]">&gt;&gt;</a>&nbsp;&nbsp;&nbsp;USART1_Send
</UL>

<P><STRONG><a name="[1f7]"></a>USART_SetModemControl</STRONG> (Thumb, 156 bytes, Stack size 16 bytes, usart_stm32f10x.o(i.USART_SetModemControl))
<BR><BR>[Stack]<UL><LI>Max Depth = 16<LI>Call Chain = USART_SetModemControl
</UL>
<BR>[Called By]<UL><LI><a href="#[c0]">&gt;&gt;</a>&nbsp;&nbsp;&nbsp;USART2_SetModemControl
<LI><a href="#[b3]">&gt;&gt;</a>&nbsp;&nbsp;&nbsp;USART1_SetModemControl
</UL>

<P><STRONG><a name="[1f8]"></a>USART_Transfer</STRONG> (Thumb, 106 bytes, Stack size 24 bytes, usart_stm32f10x.o(i.USART_Transfer))
<BR><BR>[Stack]<UL><LI>Max Depth = 72<LI>Call Chain = USART_Transfer &rArr; USART_Receive &rArr; USART_Send &rArr;  USART_Receive (Cycle)
</UL>
<BR>[Calls]<UL><LI><a href="#[1f6]">&gt;&gt;</a>&nbsp;&nbsp;&nbsp;USART_Send
<LI><a href="#[1f5]">&gt;&gt;</a>&nbsp;&nbsp;&nbsp;USART_Receive
</UL>
<BR>[Called By]<UL><LI><a href="#[bb]">&gt;&gt;</a>&nbsp;&nbsp;&nbsp;USART2_Transfer
<LI><a href="#[ae]">&gt;&gt;</a>&nbsp;&nbsp;&nbsp;USART1_Transfer
</UL>

<P><STRONG><a name="[1f9]"></a>USART_Uninitialize</STRONG> (Thumb, 108 bytes, Stack size 8 bytes, usart_stm32f10x.o(i.USART_Uninitialize))
<BR><BR>[Stack]<UL><LI>Max Depth = 32<LI>Call Chain = USART_Uninitialize &rArr; GPIO_PinConfigure
</UL>
<BR>[Calls]<UL><LI><a href="#[164]">&gt;&gt;</a>&nbsp;&nbsp;&nbsp;GPIO_PinConfigure
<LI><a href="#[1ff]">&gt;&gt;</a>&nbsp;&nbsp;&nbsp;GPIO_AFConfigure
</UL>
<BR>[Called By]<UL><LI><a href="#[b7]">&gt;&gt;</a>&nbsp;&nbsp;&nbsp;USART2_Uninitialize
<LI><a href="#[aa]">&gt;&gt;</a>&nbsp;&nbsp;&nbsp;USART1_Uninitialize
</UL>

<P><STRONG><a name="[a7]"></a>USARTx_GetVersion</STRONG> (Thumb, 10 bytes, Stack size 8 bytes, usart_stm32f10x.o(i.USARTx_GetVersion))
<BR><BR>[Stack]<UL><LI>Max Depth = 8<LI>Call Chain = USARTx_GetVersion
</UL>
<BR>[Address Reference Count : 1]<UL><LI> usart_stm32f10x.o(.constdata)
</UL>
<P><STRONG><a name="[1d2]"></a>SetSysClock</STRONG> (Thumb, 8 bytes, Stack size 8 bytes, system_stm32f10x.o(i.SetSysClock))
<BR><BR>[Stack]<UL><LI>Max Depth = 20<LI>Call Chain = SetSysClock &rArr; SetSysClockTo72
</UL>
<BR>[Calls]<UL><LI><a href="#[1d3]">&gt;&gt;</a>&nbsp;&nbsp;&nbsp;SetSysClockTo72
</UL>
<BR>[Called By]<UL><LI><a href="#[71]">&gt;&gt;</a>&nbsp;&nbsp;&nbsp;SystemInit
</UL>

<P><STRONG><a name="[1d3]"></a>SetSysClockTo72</STRONG> (Thumb, 214 bytes, Stack size 12 bytes, system_stm32f10x.o(i.SetSysClockTo72))
<BR><BR>[Stack]<UL><LI>Max Depth = 12<LI>Call Chain = SetSysClockTo72
</UL>
<BR>[Called By]<UL><LI><a href="#[1d2]">&gt;&gt;</a>&nbsp;&nbsp;&nbsp;SetSysClock
</UL>

<P><STRONG><a name="[25f]"></a>rt_id2obj</STRONG> (Thumb, 8 bytes, Stack size 0 bytes, rt_cmsis.o(i.rt_id2obj))
<BR><BR>[Called By]<UL><LI><a href="#[87]">&gt;&gt;</a>&nbsp;&nbsp;&nbsp;svcTimerStart
<LI><a href="#[85]">&gt;&gt;</a>&nbsp;&nbsp;&nbsp;svcTimerCall
<LI><a href="#[81]">&gt;&gt;</a>&nbsp;&nbsp;&nbsp;svcMutexWait
<LI><a href="#[80]">&gt;&gt;</a>&nbsp;&nbsp;&nbsp;svcMutexRelease
</UL>

<P><STRONG><a name="[258]"></a>rt_ms2tick</STRONG> (Thumb, 58 bytes, Stack size 0 bytes, rt_cmsis.o(i.rt_ms2tick))
<BR><BR>[Called By]<UL><LI><a href="#[81]">&gt;&gt;</a>&nbsp;&nbsp;&nbsp;svcMutexWait
<LI><a href="#[7e]">&gt;&gt;</a>&nbsp;&nbsp;&nbsp;svcMessageGet
<LI><a href="#[7a]">&gt;&gt;</a>&nbsp;&nbsp;&nbsp;svcDelay
</UL>

<P><STRONG><a name="[262]"></a>rt_tid2ptcb</STRONG> (Thumb, 18 bytes, Stack size 0 bytes, rt_cmsis.o(i.rt_tid2ptcb))
<BR><BR>[Called By]<UL><LI><a href="#[84]">&gt;&gt;</a>&nbsp;&nbsp;&nbsp;svcThreadTerminate
</UL>

<P><STRONG><a name="[265]"></a>rt_timer_insert</STRONG> (Thumb, 48 bytes, Stack size 12 bytes, rt_cmsis.o(i.rt_timer_insert))
<BR><BR>[Stack]<UL><LI>Max Depth = 12<LI>Call Chain = rt_timer_insert
</UL>
<BR>[Called By]<UL><LI><a href="#[24b]">&gt;&gt;</a>&nbsp;&nbsp;&nbsp;sysTimerTick
<LI><a href="#[87]">&gt;&gt;</a>&nbsp;&nbsp;&nbsp;svcTimerStart
</UL>

<P><STRONG><a name="[264]"></a>rt_timer_remove</STRONG> (Thumb, 56 bytes, Stack size 0 bytes, rt_cmsis.o(i.rt_timer_remove))
<BR><BR>[Called By]<UL><LI><a href="#[87]">&gt;&gt;</a>&nbsp;&nbsp;&nbsp;svcTimerStart
</UL>

<P><STRONG><a name="[23b]"></a>rt_init_context</STRONG> (Thumb, 66 bytes, Stack size 16 bytes, rt_task.o(i.rt_init_context))
<BR><BR>[Stack]<UL><LI>Max Depth = 32<LI>Call Chain = rt_init_context &rArr; rt_init_stack
</UL>
<BR>[Calls]<UL><LI><a href="#[6f]">&gt;&gt;</a>&nbsp;&nbsp;&nbsp;rt_alloc_box
<LI><a href="#[23c]">&gt;&gt;</a>&nbsp;&nbsp;&nbsp;rt_init_stack
</UL>
<BR>[Called By]<UL><LI><a href="#[24c]">&gt;&gt;</a>&nbsp;&nbsp;&nbsp;rt_tsk_create
<LI><a href="#[245]">&gt;&gt;</a>&nbsp;&nbsp;&nbsp;rt_sys_init
</UL>

<P><STRONG><a name="[279]"></a>_dadd1</STRONG> (Thumb, 0 bytes, Stack size unknown bytes, daddsub_clz.o(x$fpl$dadd), UNUSED)
<BR><BR>[Called By]<UL><LI><a href="#[27a]">&gt;&gt;</a>&nbsp;&nbsp;&nbsp;_dsub
<LI><a href="#[278]">&gt;&gt;</a>&nbsp;&nbsp;&nbsp;_drsb
</UL>

<P><STRONG><a name="[26d]"></a>_dsub1</STRONG> (Thumb, 0 bytes, Stack size unknown bytes, daddsub_clz.o(x$fpl$dsub), UNUSED)
<BR><BR>[Called By]<UL><LI><a href="#[278]">&gt;&gt;</a>&nbsp;&nbsp;&nbsp;_drsb
<LI><a href="#[26c]">&gt;&gt;</a>&nbsp;&nbsp;&nbsp;_dadd
</UL>

<P><STRONG><a name="[286]"></a>_fadd1</STRONG> (Thumb, 0 bytes, Stack size unknown bytes, faddsub_clz.o(x$fpl$fadd), UNUSED)
<BR><BR>[Called By]<UL><LI><a href="#[285]">&gt;&gt;</a>&nbsp;&nbsp;&nbsp;_fsub
</UL>

<P><STRONG><a name="[27e]"></a>_fsub1</STRONG> (Thumb, 0 bytes, Stack size unknown bytes, faddsub_clz.o(x$fpl$fsub), UNUSED)
<BR><BR>[Called By]<UL><LI><a href="#[27d]">&gt;&gt;</a>&nbsp;&nbsp;&nbsp;_fadd
</UL>

<P><STRONG><a name="[f8]"></a>_fp_digits</STRONG> (Thumb, 428 bytes, Stack size 96 bytes, _printf_fp_dec.o(.text))
<BR><BR>[Stack]<UL><LI>Max Depth = 216<LI>Call Chain = _fp_digits &rArr; _btod_etento &rArr; _btod_emul &rArr; _e2e
</UL>
<BR>[Calls]<UL><LI><a href="#[fc]">&gt;&gt;</a>&nbsp;&nbsp;&nbsp;_btod_emul
<LI><a href="#[fb]">&gt;&gt;</a>&nbsp;&nbsp;&nbsp;_btod_ediv
<LI><a href="#[fa]">&gt;&gt;</a>&nbsp;&nbsp;&nbsp;_btod_d2e
<LI><a href="#[f9]">&gt;&gt;</a>&nbsp;&nbsp;&nbsp;_btod_etento
<LI><a href="#[fd]">&gt;&gt;</a>&nbsp;&nbsp;&nbsp;_ll_udiv10
</UL>
<BR>[Called By]<UL><LI><a href="#[fe]">&gt;&gt;</a>&nbsp;&nbsp;&nbsp;_printf_fp_dec_real
</UL>

<P><STRONG><a name="[74]"></a>_printf_input_char</STRONG> (Thumb, 10 bytes, Stack size 0 bytes, _printf_char_common.o(.text))
<BR>[Address Reference Count : 1]<UL><LI> _printf_char_common.o(.text)
</UL><P>
<H3>
Undefined Global Symbols
</H3><HR></body></html>
