Component: ARM Compiler 5.06 update 1 (build 61) Tool: armlink [4d35a8]

==============================================================================

Section Cross References

    usrmain.o(i.main) refers to rt_cmsis.o(i.osKernelInitialize) for osKernelInitialize
    usrmain.o(i.main) refers to bsp.o(i.BSP_Init) for BSP_Init
    usrmain.o(i.main) refers to bsp.o(i.BSP_Test) for BSP_Test
    usrmain.o(i.main) refers to rt_cmsis.o(i.osKernelStart) for osKernelStart
    bsp.o(i.BSP_Init) refers to test.o(i.testInit) for testInit
    bsp.o(i.BSP_Init) refers to wirelesstrans_usart2.o(i.USARTInit1) for USARTInit1
    bsp.o(i.BSP_Init) refers to wirelesstrans_usart2.o(i.USARTInit2) for USARTInit2
    bsp.o(i.BSP_Init) refers to key&tips.o(i.keyInit) for keyInit
    bsp.o(i.BSP_Init) refers to beep.o(i.BEEP_Init) for BEEP_Init
    bsp.o(i.BSP_Init) refers to lcd_1.44.o(i.LCD144_Init) for LCD144_Init
    bsp.o(i.BSP_Init) refers to beep.o(i.Beep_time) for Beep_time
    bsp.o(i.BSP_Test) refers to wirelesstrans_usart2.o(i.USARTTest) for USARTTest
    bsp.o(i.BSP_Test) refers to key&tips.o(i.keyTest) for keyTest
    bsp.o(i.BSP_Test) refers to lcd_1.44.o(i.LCD_144_test) for LCD_144_test
    test.o(i.LEDTest) refers to test.o(i.testInit) for testInit
    test.o(i.LEDTest) refers to rt_cmsis.o(i.osThreadCreate) for osThreadCreate
    test.o(i.LEDTest) refers to test.o(.constdata) for os_thread_def_Task0
    test.o(i.LEDTest) refers to test.o(.data) for tid1
    test.o(i.TTask0) refers to stm32f10x_gpio.o(i.GPIO_WriteBit) for GPIO_WriteBit
    test.o(i.TTask0) refers to rt_cmsis.o(i.osDelay) for osDelay
    test.o(i.Task0) refers to rt_cmsis.o(i.osTimerCreate) for osTimerCreate
    test.o(i.Task0) refers to rt_cmsis.o(i.osTimerStart) for osTimerStart
    test.o(i.Task0) refers to stm32f10x_gpio.o(i.GPIO_WriteBit) for GPIO_WriteBit
    test.o(i.Task0) refers to rt_cmsis.o(i.osDelay) for osDelay
    test.o(i.Task0) refers to test.o(i.TTask0) for TTask0
    test.o(i.Task0) refers to test.o(.constdata) for os_timer_def_Tim0
    test.o(i.Task1) refers to stm32f10x_gpio.o(i.GPIO_WriteBit) for GPIO_WriteBit
    test.o(i.Task1) refers to rt_cmsis.o(i.osDelay) for osDelay
    test.o(i.testInit) refers to stm32f10x_rcc.o(i.RCC_APB2PeriphClockCmd) for RCC_APB2PeriphClockCmd
    test.o(i.testInit) refers to stm32f10x_gpio.o(i.GPIO_Init) for GPIO_Init
    test.o(i.testInit) refers to stm32f10x_gpio.o(i.GPIO_WriteBit) for GPIO_WriteBit
    test.o(.constdata) refers to test.o(i.Task0) for Task0
    test.o(.constdata) refers to test.o(i.TTask0) for TTask0
    test.o(.constdata) refers to test.o(.bss) for os_timer_cb_Tim0
    delay.o(i.delay_us) refers to delay.o(.data) for fac_us
    key&tips.o(i.getKey) refers to key&tips.o(i.keyScan) for keyScan
    key&tips.o(i.getKey) refers to rt_cmsis.o(i.osKernelSysTick) for osKernelSysTick
    key&tips.o(i.getKey) refers to key&tips.o(.data) for s_u16KeyState
    key&tips.o(i.keyInit) refers to stm32f10x_rcc.o(i.RCC_APB2PeriphClockCmd) for RCC_APB2PeriphClockCmd
    key&tips.o(i.keyInit) refers to stm32f10x_gpio.o(i.GPIO_Init) for GPIO_Init
    key&tips.o(i.keyScan) refers to stm32f10x_gpio.o(i.GPIO_ReadInputDataBit) for GPIO_ReadInputDataBit
    key&tips.o(i.keyTest) refers to rt_cmsis.o(i.osThreadCreate) for osThreadCreate
    key&tips.o(i.keyTest) refers to key&tips.o(.constdata) for os_thread_def_keyTest_Thread
    key&tips.o(i.keyTest) refers to key&tips.o(.data) for tid_keyTest_Thread
    key&tips.o(i.keyTest_Thread) refers to key&tips.o(i.getKey) for getKey
    key&tips.o(i.keyTest_Thread) refers to rt_memclr_w.o(.text) for __aeabi_memclr4
    key&tips.o(i.keyTest_Thread) refers to strcat.o(.text) for strcat
    key&tips.o(i.keyTest_Thread) refers to strlen.o(.text) for strlen
    key&tips.o(i.keyTest_Thread) refers to rt_cmsis.o(i.osDelay) for osDelay
    key&tips.o(i.keyTest_Thread) refers to usart_stm32f10x.o(.constdata) for Driver_USART1
    key&tips.o(i.keyTest_Thread) refers to key&tips.o(.data) for kCount_rec
    key&tips.o(.constdata) refers to key&tips.o(i.keyTest_Thread) for keyTest_Thread
    beep.o(i.BEEP_Init) refers to stm32f10x_rcc.o(i.RCC_APB2PeriphClockCmd) for RCC_APB2PeriphClockCmd
    beep.o(i.BEEP_Init) refers to stm32f10x_gpio.o(i.GPIO_Init) for GPIO_Init
    beep.o(i.BEEP_Init) refers to stm32f10x_gpio.o(i.GPIO_SetBits) for GPIO_SetBits
    beep.o(i.Beep_time) refers to stm32f10x_gpio.o(i.GPIO_WriteBit) for GPIO_WriteBit
    beep.o(i.Beep_time) refers to rt_cmsis.o(i.osDelay) for osDelay
    wirelesstrans_usart2.o(i.USARTInit1) refers to stm32f10x_rcc.o(i.RCC_APB2PeriphClockCmd) for RCC_APB2PeriphClockCmd
    wirelesstrans_usart2.o(i.USARTInit1) refers to stm32f10x_gpio.o(i.GPIO_Init) for GPIO_Init
    wirelesstrans_usart2.o(i.USARTInit1) refers to stm32f10x_usart.o(i.USART_Init) for USART_Init
    wirelesstrans_usart2.o(i.USARTInit1) refers to stm32f10x_usart.o(i.USART_Cmd) for USART_Cmd
[...]
    i.os_error                               0x08004000   Section        0  rtx_conf_cm.o(i.os_error)
    i.os_idle_demon                          0x08004022   Section        0  rtx_conf_cm.o(i.os_idle_demon)
    i.os_tick_init                           0x08004028   Section        0  rt_system.o(i.os_tick_init)
    i.os_tick_irqack                         0x08004050   Section        0  rt_system.o(i.os_tick_irqack)
    i.os_tick_ovf                            0x08004054   Section        0  rt_system.o(i.os_tick_ovf)
    i.os_tick_val                            0x08004064   Section        0  rt_system.o(i.os_tick_val)
    i.rt_alloc_box                           0x08004078   Section        0  rt_membox.o(i.rt_alloc_box)
    i.rt_alloc_mem                           0x08004092   Section        0  rt_memory.o(i.rt_alloc_mem)
    i.rt_block                               0x080040d0   Section        0  rt_task.o(i.rt_block)
    i.rt_chk_robin                           0x08004108   Section        0  rt_robin.o(i.rt_chk_robin)
    i.rt_dec_dly                             0x08004150   Section        0  rt_list.o(i.rt_dec_dly)
    i.rt_dispatch                            0x080041c0   Section        0  rt_task.o(i.rt_dispatch)
    i.rt_dly_wait                            0x08004204   Section        0  rt_time.o(i.rt_dly_wait)
    i.rt_evt_psh                             0x0800420c   Section        0  rt_event.o(i.rt_evt_psh)
    i.rt_free_box                            0x0800425c   Section        0  rt_membox.o(i.rt_free_box)
    i.rt_free_mem                            0x08004288   Section        0  rt_memory.o(i.rt_free_mem)
    i.rt_get_first                           0x080042b0   Section        0  rt_list.o(i.rt_get_first)
    i.rt_id2obj                              0x080042d8   Section        0  rt_cmsis.o(i.rt_id2obj)
    rt_id2obj                                0x080042d9   Thumb Code     8  rt_cmsis.o(i.rt_id2obj)
    i.rt_init_context                        0x080042e0   Section        0  rt_task.o(i.rt_init_context)
    rt_init_context                          0x080042e1   Thumb Code    66  rt_task.o(i.rt_init_context)
    i.rt_init_mem                            0x08004328   Section        0  rt_memory.o(i.rt_init_mem)
    i.rt_init_robin                          0x08004344   Section        0  rt_robin.o(i.rt_init_robin)
    i.rt_init_stack                          0x0800435c   Section        0  hal_cm.o(i.rt_init_stack)
    i.rt_mbx_check                           0x080043dc   Section        0  rt_mailbox.o(i.rt_mbx_check)
    i.rt_mbx_init                            0x080043e4   Section        0  rt_mailbox.o(i.rt_mbx_init)
    i.rt_mbx_psh                             0x08004400   Section        0  rt_mailbox.o(i.rt_mbx_psh)
    i.rt_mbx_wait                            0x080044f0   Section        0  rt_mailbox.o(i.rt_mbx_wait)
    i.rt_ms2tick                             0x080045a4   Section        0  rt_cmsis.o(i.rt_ms2tick)
    rt_ms2tick                               0x080045a5   Thumb Code    58  rt_cmsis.o(i.rt_ms2tick)
    i.rt_mut_init                            0x080045e8   Section        0  rt_mutex.o(i.rt_mut_init)
    i.rt_mut_release                         0x080045f8   Section        0  rt_mutex.o(i.rt_mut_release)
    i.rt_mut_wait                            0x080046d0   Section        0  rt_mutex.o(i.rt_mut_wait)
    i.rt_pop_req                             0x08004748   Section        0  rt_system.o(i.rt_pop_req)
    i.rt_psh_req                             0x080047c4   Section        0  rt_system.o(i.rt_psh_req)
    i.rt_psq_enq                             0x080047e4   Section        0  rt_list.o(i.rt_psq_enq)
    i.rt_put_dly                             0x08004840   Section        0  rt_list.o(i.rt_put_dly)
    i.rt_put_prio                            0x08004888   Section        0  rt_list.o(i.rt_put_prio)
    i.rt_put_rdy_first                       0x080048c0   Section        0  rt_list.o(i.rt_put_rdy_first)
    i.rt_resort_prio                         0x080048d4   Section        0  rt_list.o(i.rt_resort_prio)
    i.rt_ret_val                             0x08004908   Section        0  hal_cm.o(i.rt_ret_val)
    i.rt_ret_val2                            0x0800490e   Section        0  hal_cm.o(i.rt_ret_val2)
    i.rt_rmv_dly                             0x08004916   Section        0  rt_list.o(i.rt_rmv_dly)
    i.rt_rmv_list                            0x08004940   Section        0  rt_list.o(i.rt_rmv_list)
    i.rt_sem_psh                             0x08004970   Section        0  rt_semaphore.o(i.rt_sem_psh)
    i.rt_stk_check                           0x080049a4   Section        0  rt_system.o(i.rt_stk_check)
    i.rt_switch_req                          0x080049c8   Section        0  rt_task.o(i.rt_switch_req)
    i.rt_sys_init                            0x080049f0   Section        0  rt_task.o(i.rt_sys_init)
    i.rt_sys_start                           0x08004abc   Section        0  rt_task.o(i.rt_sys_start)
    i.rt_systick                             0x08004b34   Section        0  rt_system.o(i.rt_systick)
    i.rt_tid2ptcb                            0x08004b74   Section        0  rt_cmsis.o(i.rt_tid2ptcb)
    rt_tid2ptcb                              0x08004b75   Thumb Code    18  rt_cmsis.o(i.rt_tid2ptcb)
    i.rt_timer_insert                        0x08004b88   Section        0  rt_cmsis.o(i.rt_timer_insert)
    rt_timer_insert                          0x08004b89   Thumb Code    48  rt_cmsis.o(i.rt_timer_insert)
    i.rt_tsk_create                          0x08004bbc   Section        0  rt_task.o(i.rt_tsk_create)
    i.rt_tsk_delete                          0x08004c44   Section        0  rt_task.o(i.rt_tsk_delete)
    i.rt_tsk_prio                            0x08004dc0   Section        0  rt_task.o(i.rt_tsk_prio)
    i.rt_tsk_self                            0x08004e3c   Section        0  rt_task.o(i.rt_tsk_self)
    i.svcDelay                               0x08004e4c   Section        0  rt_cmsis.o(i.svcDelay)
    i.svcKernelInitialize                    0x08004e60   Section        0  rt_cmsis.o(i.svcKernelInitialize)
    i.svcKernelStart                         0x08004ed0   Section        0  rt_cmsis.o(i.svcKernelStart)
    i.svcKernelSysTick                       0x08004f18   Section        0  rt_cmsis.o(i.svcKernelSysTick)
    i.svcMessageCreate                       0x08004f50   Section        0  rt_cmsis.o(i.svcMessageCreate)
    i.svcMessageGet                          0x08004f74   Section        0  rt_cmsis.o(i.svcMessageGet)
    i.svcMutexCreate                         0x08004fae   Section        0  rt_cmsis.o(i.svcMutexCreate)
    i.svcMutexRelease                        0x08004fca   Section        0  rt_cmsis.o(i.svcMutexRelease)
    i.svcThreadCreate                        0x08004fec   Section        0  rt_cmsis.o(i.svcThreadCreate)
    i.svcThreadGetId                         0x08005058   Section        0  rt_cmsis.o(i.svcThreadGetId)
    i.svcThreadTerminate                     0x08005074   Section        0  rt_cmsis.o(i.svcThreadTerminate)
    i.svcTimerCall                           0x080050ac   Section        0  rt_cmsis.o(i.svcTimerCall)
    i.sysTimerTick                           0x080050c4   Section        0  rt_cmsis.o(i.sysTimerTick)
    i.testInit                               0x08005120   Section        0  test.o(i.testInit)
    .constdata                               0x08005154   Section       16  key&tips.o(.constdata)
    .constdata                               0x08005164   Section       50  wirelesstrans_usart2.o(.constdata)
    .constdata                               0x08005196   Section     4350  gui_1.44.o(.constdata)
    .constdata                               0x08006294   Section       16  lcd_1.44.o(.constdata)
    .constdata                               0x080062a4   Section      104  rtx_conf_cm.o(.constdata)
    __tagsym$$used                           0x080062c0   Number         0  rtx_conf_cm.o(.constdata)
    __tagsym$$used                           0x080062c4   Number         0  rtx_conf_cm.o(.constdata)
    __tagsym$$used                           0x080062c8   Number         0  rtx_conf_cm.o(.constdata)
    __tagsym$$used                           0x080062cc   Number         0  rtx_conf_cm.o(.constdata)
    .constdata                               0x0800630c   Section      260  usart_stm32f10x.o(.constdata)
    usart_driver_version                     0x0800630c   Data           4  usart_stm32f10x.o(.constdata)
    USART1_tx                                0x08006310   Data           8  usart_stm32f10x.o(.constdata)
    USART1_rx                                0x08006318   Data           8  usart_stm32f10x.o(.constdata)
    USART1_Resources                         0x08006320   Data          56  usart_stm32f10x.o(.constdata)
    USART2_tx                                0x08006358   Data           8  usart_stm32f10x.o(.constdata)
    USART2_rx                                0x08006360   Data           8  usart_stm32f10x.o(.constdata)
    USART2_Resources                         0x08006368   Data          56  usart_stm32f10x.o(.constdata)
    .conststring                             0x08006410   Section       27  wirelesstrans_usart2.o(.conststring)
    .data                                    0x20000000   Section        1  delay.o(.data)
    fac_us                                   0x20000000   Data           1  delay.o(.data)
    .data                                    0x20000004   Section       25  key&tips.o(.data)
    keyOverFlg                               0x20000008   Data           1  key&tips.o(.data)
    sKeyCount                                0x2000000a   Data           2  key&tips.o(.data)
    sKeyKeep                                 0x2000000c   Data           2  key&tips.o(.data)
    keyCTflg                                 0x2000000e   Data           1  key&tips.o(.data)
    s_u16KeyState                            0x20000010   Data           2  key&tips.o(.data)
    s_u16LastKey                             0x20000012   Data           2  key&tips.o(.data)
    KeyKeepComfirm                           0x20000014   Data           1  key&tips.o(.data)
    s_u16KeyTimeCount                        0x20000016   Data           2  key&tips.o(.data)
    osTick_last                              0x20000018   Data           4  key&tips.o(.data)
    kCount_rec                               0x2000001c   Data           1  key&tips.o(.data)
    .data                                    0x20000020   Section       12  wirelesstrans_usart2.o(.data)
    .data                                    0x2000002c   Section       10  lcd_1.44.o(.data)
    .data                                    0x20000038   Section       20  rtx_conf_cm.o(.data)
    nr_mutex                                 0x20000048   Data           4  rtx_conf_cm.o(.data)
    .data                                    0x2000004c   Section       16  can_stm32f10x.o(.data)
    can_driver_powered                       0x2000004c   Data           1  can_stm32f10x.o(.data)
    can_driver_initialized                   0x2000004d   Data           1  can_stm32f10x.o(.data)
    can_obj_cfg                              0x2000004e   Data           5  can_stm32f10x.o(.data)
    CAN_SignalUnitEvent                      0x20000054   Data           4  can_stm32f10x.o(.data)
    CAN_SignalObjectEvent                    0x20000058   Data           4  can_stm32f10x.o(.data)
    .data                                    0x2000005c   Section       20  stm32f10x_rcc.o(.data)
    APBAHBPrescTable                         0x2000005c   Data          16  stm32f10x_rcc.o(.data)
    ADCPrescTable                            0x2000006c   Data           4  stm32f10x_rcc.o(.data)
    .data                                    0x20000070   Section        8  rt_cmsis.o(.data)
    .data                                    0x20000078   Section        8  rt_task.o(.data)
    .data                                    0x20000080   Section        8  rt_system.o(.data)
    os_lock                                  0x20000080   Data           1  rt_system.o(.data)
    os_psh_flag                              0x20000081   Data           1  rt_system.o(.data)
    pend_flags                               0x20000082   Data           1  rt_system.o(.data)
    .data                                    0x20000088   Section        4  rt_time.o(.data)
    .data                                    0x2000008c   Section        8  rt_robin.o(.data)
    .data                                    0x20000094   Section        1  hal_cm.o(.data)
    .bss                                     0x20000098   Section       16  wirelesstrans_usart2.o(.bss)
    .bss                                     0x200000a8   Section       14  lcd_1.44.o(.bss)
    .bss                                     0x200000b8   Section     7456  rtx_conf_cm.o(.bss)
    std_libspace                             0x200019f8   Data         864  rtx_conf_cm.o(.bss)
    std_libmutex                             0x20001d58   Data         128  rtx_conf_cm.o(.bss)
    .bss                                     0x20001dd8   Section      112  usart_stm32f10x.o(.bss)
    USART1_Info                              0x20001dd8   Data          20  usart_stm32f10x.o(.bss)
    USART1_TransferInfo                      0x20001dec   Data          36  usart_stm32f10x.o(.bss)
    USART2_Info                              0x20001e10   Data          20  usart_stm32f10x.o(.bss)
    USART2_TransferInfo                      0x20001e24   Data          36  usart_stm32f10x.o(.bss)
    .bss                                     0x20001e48   Section       52  rt_task.o(.bss)
    .bss                                     0x20001e7c   Section       48  rt_list.o(.bss)
    .bss                                     0x20001eac   Section       96  libspace.o(.bss)
    HEAP                                     0x20001f10   Section      512  startup_stm32f10x_hd.o(HEAP)
    Heap_Mem                                 0x20001f10   Data         512  startup_stm32f10x_hd.o(HEAP)
    STACK                                    0x20002110   Section     1024  startup_stm32f10x_hd.o(STACK)
    Stack_Mem                                0x20002110   Data        1024  startup_stm32f10x_hd.o(STACK)
    __initial_sp                             0x20002510   Data           0  startup_stm32f10x_hd.o(STACK)

    Global Symbols

    Symbol Name                              Value     Ov Type        Size  Object(Section)

    BuildAttributes$$THM_ISAv4$P$D$K$B$S$PE$A:L22UL41UL21$X:L11$S22US41US21$IEEE1$IW$USESV6$~STKCKD$USESV7$~SHL$OSPACE$ROPI$EBA8$UX$STANDARDLIB$REQ8$PRES8$EABIv2 0x00000000   Number         0  anon$$obj.o ABSOLUTE
    __ARM_use_no_argv                        0x00000000   Number         0  usrmain.o ABSOLUTE
    __ARM_exceptions_init                     - Undefined Weak Reference
    __alloca_initialize                       - Undefined Weak Reference
    __arm_preinit_                            - Undefined Weak Reference
    __cpp_initialize__aeabi_                  - Undefined Weak Reference
    __cxa_finalize                            - Undefined Weak Reference
    __rt_locale                               - Undefined Weak Reference
    __sigvec_lookup                           - Undefined Weak Reference
    _atexit_init                              - Undefined Weak Reference
    _call_atexit_fns                          - Undefined Weak Reference
    _clock_init                               - Undefined Weak Reference
    _fp_trap_init                             - Undefined Weak Reference
    _fp_trap_shutdown                         - Undefined Weak Reference
    _get_lc_collate                           - Undefined Weak Reference
    _get_lc_ctype                             - Undefined Weak Reference
    _get_lc_monetary                          - Undefined Weak Reference
    _get_lc_numeric                           - Undefined Weak Reference
    _get_lc_time                              - Undefined Weak Reference
    _getenv_init                              - Undefined Weak Reference
    _handle_redirection                       - Undefined Weak Reference
    _init_alloc                               - Undefined Weak Reference
    _init_user_alloc                          - Undefined Weak Reference
    _initio                                   - Undefined Weak Reference
    _rand_init                                - Undefined Weak Reference
    _signal_finish                            - Undefined Weak Reference
    _signal_init                              - Undefined Weak Reference
    _terminate_alloc                          - Undefined Weak Reference
    _terminate_user_alloc                     - Undefined Weak Reference
    _terminateio                              - Undefined Weak Reference
    __Vectors_Size                           0x00000130   Number         0  startup_stm32f10x_hd.o ABSOLUTE
    __RL_RTX_VER                             0x00000482   Number         0  rt_system.o ABSOLUTE
    __Vectors                                0x08000000   Data           4  startup_stm32f10x_hd.o(RESET)
    __Vectors_End                            0x08000130   Data           0  startup_stm32f10x_hd.o(RESET)
    __main                                   0x08000131   Thumb Code     8  __main.o(!!!main)
    __scatterload                            0x08000139   Thumb Code     0  __scatter.o(!!!scatter)
    __scatterload_rt2                        0x08000139   Thumb Code    44  __scatter.o(!!!scatter)
    __scatterload_rt2_thumb_only             0x08000139   Thumb Code     0  __scatter.o(!!!scatter)
    __scatterload_null                       0x08000147   Thumb Code     0  __scatter.o(!!!scatter)
    __scatterload_copy                       0x0800016d   Thumb Code    26  __scatter_copy.o(!!handler_copy)
    __scatterload_zeroinit                   0x08000189   Thumb Code    28  __scatter_zi.o(!!handler_zi)
    __rt_lib_init                            0x080001a5   Thumb Code     0  libinit.o(.ARM.Collect$$libinit$$00000000)
    __rt_lib_init_alloca_1                   0x080001a7   Thumb Code     0  libinit2.o(.ARM.Collect$$libinit$$0000002E)
    __rt_lib_init_argv_1                     0x080001a7   Thumb Code     0  libinit2.o(.ARM.Collect$$libinit$$0000002C)
    __rt_lib_init_atexit_1                   0x080001a7   Thumb Code     0  libinit2.o(.ARM.Collect$$libinit$$0000001B)
    __rt_lib_init_clock_1                    0x080001a7   Thumb Code     0  libinit2.o(.ARM.Collect$$libinit$$00000021)
    __rt_lib_init_cpp_1                      0x080001a7   Thumb Code     0  libinit2.o(.ARM.Collect$$libinit$$00000032)
    __rt_lib_init_exceptions_1               0x080001a7   Thumb Code     0  libinit2.o(.ARM.Collect$$libinit$$00000030)
    __rt_lib_init_fp_1                       0x080001a7   Thumb Code     0  libinit2.o(.ARM.Collect$$libinit$$00000002)
    __rt_lib_init_fp_trap_1                  0x080001a7   Thumb Code     0  libinit2.o(.ARM.Collect$$libinit$$0000001F)
    __rt_lib_init_getenv_1                   0x080001a7   Thumb Code     0  libinit2.o(.ARM.Collect$$libinit$$00000023)
    __rt_lib_init_heap_1                     0x080001a7   Thumb Code     0  libinit2.o(.ARM.Collect$$libinit$$0000000A)
    __rt_lib_init_lc_collate_1               0x080001a7   Thumb Code     0  libinit2.o(.ARM.Collect$$libinit$$00000011)
    __rt_lib_init_lc_ctype_1                 0x080001a7   Thumb Code     0  libinit2.o(.ARM.Collect$$libinit$$00000013)
    __rt_lib_init_lc_monetary_1              0x080001a7   Thumb Code     0  libinit2.o(.ARM.Collect$$libinit$$00000015)
    __rt_lib_init_lc_numeric_1               0x080001a7   Thumb Code     0  libinit2.o(.ARM.Collect$$libinit$$00000017)
    __rt_lib_init_lc_time_1                  0x080001a7   Thumb Code     0  libinit2.o(.ARM.Collect$$libinit$$00000019)
    __rt_lib_init_preinit_1                  0x080001a7   Thumb Code     0  libinit2.o(.ARM.Collect$$libinit$$00000004)
    __rt_lib_init_rand_1                     0x080001a7   Thumb Code     0  libinit2.o(.ARM.Collect$$libinit$$0000000E)
    __rt_lib_init_return                     0x080001a7   Thumb Code     0  libinit2.o(.ARM.Collect$$libinit$$00000033)
    __rt_lib_init_signal_1                   0x080001a7   Thumb Code     0  libinit2.o(.ARM.Collect$$libinit$$0000001D)
    __rt_lib_init_stdio_1                    0x080001a7   Thumb Code     0  libinit2.o(.ARM.Collect$$libinit$$00000025)
    __rt_lib_init_user_alloc_1               0x080001a7   Thumb Code     0  libinit2.o(.ARM.Collect$$libinit$$0000000C)
    __rt_lib_shutdown                        0x080001a9   Thumb Code     0  libshutdown.o(.ARM.Collect$$libshutdown$$00000000)
    __rt_lib_shutdown_cpp_1                  0x080001ab   Thumb Code     0  libshutdown2.o(.ARM.Collect$$libshutdown$$00000002)
    __rt_lib_shutdown_fp_trap_1              0x080001ab   Thumb Code     0  libshutdown2.o(.ARM.Collect$$libshutdown$$00000007)
    __rt_lib_shutdown_heap_1                 0x080001ab   Thumb Code     0  libshutdown2.o(.ARM.Collect$$libshutdown$$0000000F)
    __rt_lib_shutdown_return                 0x080001ab   Thumb Code     0  libshutdown2.o(.ARM.Collect$$libshutdown$$00000010)
    __rt_lib_shutdown_signal_1               0x080001ab   Thumb Code     0  libshutdown2.o(.ARM.Collect$$libshutdown$$0000000A)
    __rt_lib_shutdown_stdio_1                0x080001ab   Thumb Code     0  libshutdown2.o(.ARM.Collect$$libshutdown$$00000004)
    __rt_lib_shutdown_user_alloc_1           0x080001ab   Thumb Code     0  libshutdown2.o(.ARM.Collect$$libshutdown$$0000000C)
    __rt_entry                               0x080001ad   Thumb Code     0  __rtentry.o(.ARM.Collect$$rtentry$$00000000)
    __rt_entry_presh_1                       0x080001ad   Thumb Code     0  __rtentry2.o(.ARM.Collect$$rtentry$$00000002)
    __rt_entry_sh                            0x080001ad   Thumb Code     0  __rtentry4.o(.ARM.Collect$$rtentry$$00000004)
    __rt_entry_li                            0x080001b3   Thumb Code     0  __rtentry2.o(.ARM.Collect$$rtentry$$0000000A)
    __rt_entry_postsh_1                      0x080001b3   Thumb Code     0  __rtentry2.o(.ARM.Collect$$rtentry$$00000009)
    __rt_entry_postli_1                      0x080001b7   Thumb Code     0  __rtentry2.o(.ARM.Collect$$rtentry$$0000000B)
    __rt_entry_main                          0x080001bf   Thumb Code     0  __rtentry2.o(.ARM.Collect$$rtentry$$0000000D)
    __rt_exit                                0x080001c7   Thumb Code     0  rtexit.o(.ARM.Collect$$rtexit$$00000000)
    __rt_exit_ls                             0x080001c9   Thumb Code     0  rtexit2.o(.ARM.Collect$$rtexit$$00000003)
    __rt_exit_prels_1                        0x080001c9   Thumb Code     0  rtexit2.o(.ARM.Collect$$rtexit$$00000002)
    __rt_exit_exit                           0x080001cd   Thumb Code     0  rtexit2.o(.ARM.Collect$$rtexit$$00000004)
    _platform_post_lib_init                  0x080001d5   Thumb Code    24  rtx_conf_cm.o(.emb_text)
    rt_set_PSP                               0x080001f1   Thumb Code     6  hal_cm3.o(.emb_text)
    rt_get_PSP                               0x080001f7   Thumb Code     6  hal_cm3.o(.emb_text)
    os_set_env                               0x080001fd   Thumb Code    24  hal_cm3.o(.emb_text)
    _alloc_box                               0x08000219   Thumb Code    28  hal_cm3.o(.emb_text)
    _free_box                                0x08000239   Thumb Code    28  hal_cm3.o(.emb_text)
    SVC_Handler                              0x08000259   Thumb Code   108  hal_cm3.o(.emb_text)
    PendSV_Handler                           0x080002d1   Thumb Code    56  hal_cm3.o(.emb_text)
    SysTick_Handler                          0x0800030d   Thumb Code     8  hal_cm3.o(.emb_text)
    OS_Tick_Handler                          0x08000315   Thumb Code    12  hal_cm3.o(.emb_text)
    Reset_Handler                            0x08000321   Thumb Code     8  startup_stm32f10x_hd.o(.text)
    NMI_Handler                              0x08000329   Thumb Code     2  startup_stm32f10x_hd.o(.text)
    HardFault_Handler                        0x0800032b   Thumb Code     2  startup_stm32f10x_hd.o(.text)
    MemManage_Handler                        0x0800032d   Thumb Code     2  startup_stm32f10x_hd.o(.text)
    BusFault_Handler                         0x0800032f   Thumb Code     2  startup_stm32f10x_hd.o(.text)
    UsageFault_Handler                       0x08000331   Thumb Code     2  startup_stm32f10x_hd.o(.text)
    DebugMon_Handler                         0x08000335   Thumb Code     2  startup_stm32f10x_hd.o(.text)
    ADC1_2_IRQHandler                        0x0800033b   Thumb Code     0  startup_stm32f10x_hd.o(.text)
    ADC3_IRQHandler                          0x0800033b   Thumb Code     0  startup_stm32f10x_hd.o(.text)
    EXTI0_IRQHandler                         0x0800033b   Thumb Code     0  startup_stm32f10x_hd.o(.text)
    EXTI15_10_IRQHandler                     0x0800033b   Thumb Code     0  startup_stm32f10x_hd.o(.text)
    EXTI1_IRQHandler                         0x0800033b   Thumb Code     0  startup_stm32f10x_hd.o(.text)
    EXTI2_IRQHandler                         0x0800033b   Thumb Code     0  startup_stm32f10x_hd.o(.text)
    EXTI3_IRQHandler                         0x0800033b   Thumb Code     0  startup_stm32f10x_hd.o(.text)
    EXTI4_IRQHandler                         0x0800033b   Thumb Code     0  startup_stm32f10x_hd.o(.text)
    EXTI9_5_IRQHandler                       0x0800033b   Thumb Code     0  startup_stm32f10x_hd.o(.text)
    FLASH_IRQHandler                         0x0800033b   Thumb Code     0  startup_stm32f10x_hd.o(.text)
    FSMC_IRQHandler                          0x0800033b   Thumb Code     0  startup_stm32f10x_hd.o(.text)
    I2C1_ER_IRQHandler                       0x0800033b   Thumb Code     0  startup_stm32f10x_hd.o(.text)
    I2C1_EV_IRQHandler                       0x0800033b   Thumb Code     0  startup_stm32f10x_hd.o(.text)
    I2C2_ER_IRQHandler                       0x0800033b   Thumb Code     0  startup_stm32f10x_hd.o(.text)
    I2C2_EV_IRQHandler                       0x0800033b   Thumb Code     0  startup_stm32f10x_hd.o(.text)
    PVD_IRQHandler                           0x0800033b   Thumb Code     0  startup_stm32f10x_hd.o(.text)
    RCC_IRQHandler                           0x0800033b   Thumb Code     0  startup_stm32f10x_hd.o(.text)
    RTCAlarm_IRQHandler                      0x0800033b   Thumb Code     0  startup_stm32f10x_hd.o(.text)
    RTC_IRQHandler                           0x0800033b   Thumb Code     0  startup_stm32f10x_hd.o(.text)
    SDIO_IRQHandler                          0x0800033b   Thumb Code     0  startup_stm32f10x_hd.o(.text)
    SPI1_IRQHandler                          0x0800033b   Thumb Code     0  startup_stm32f10x_hd.o(.text)
    SPI2_IRQHandler                          0x0800033b   Thumb Code     0  startup_stm32f10x_hd.o(.text)
    SPI3_IRQHandler                          0x0800033b   Thumb Code     0  startup_stm32f10x_hd.o(.text)
    TAMPER_IRQHandler                        0x0800033b   Thumb Code     0  startup_stm32f10x_hd.o(.text)
    TIM1_BRK_IRQHandler                      0x0800033b   Thumb Code     0  startup_stm32f10x_hd.o(.text)
    TIM1_CC_IRQHandler                       0x0800033b   Thumb Code     0  startup_stm32f10x_hd.o(.text)
    TIM1_TRG_COM_IRQHandler                  0x0800033b   Thumb Code     0  startup_stm32f10x_hd.o(.text)
    TIM1_UP_IRQHandler                       0x0800033b   Thumb Code     0  startup_stm32f10x_hd.o(.text)
    TIM2_IRQHandler                          0x0800033b   Thumb Code     0  startup_stm32f10x_hd.o(.text)
    TIM3_IRQHandler                          0x0800033b   Thumb Code     0  startup_stm32f10x_hd.o(.text)
    TIM4_IRQHandler                          0x0800033b   Thumb Code     0  startup_stm32f10x_hd.o(.text)
    TIM5_IRQHandler                          0x0800033b   Thumb Code     0  startup_stm32f10x_hd.o(.text)
    TIM6_IRQHandler                          0x0800033b   Thumb Code     0  startup_stm32f10x_hd.o(.text)
    TIM7_IRQHandler                          0x0800033b   Thumb Code     0  startup_stm32f10x_hd.o(.text)
    TIM8_BRK_IRQHandler                      0x0800033b   Thumb Code     0  startup_stm32f10x_hd.o(.text)
    TIM8_CC_IRQHandler                       0x0800033b   Thumb Code     0  startup_stm32f10x_hd.o(.text)
    TIM8_TRG_COM_IRQHandler                  0x0800033b   Thumb Code     0  startup_stm32f10x_hd.o(.text)
    TIM8_UP_IRQHandler                       0x0800033b   Thumb Code     0  startup_stm32f10x_hd.o(.text)
    UART4_IRQHandler                         0x0800033b   Thumb Code     0  startup_stm32f10x_hd.o(.text)
    UART5_IRQHandler                         0x0800033b   Thumb Code     0  startup_stm32f10x_hd.o(.text)
    USART3_IRQHandler                        0x0800033b   Thumb Code     0  startup_stm32f10x_hd.o(.text)
    USBWakeUp_IRQHandler                     0x0800033b   Thumb Code     0  startup_stm32f10x_hd.o(.text)
    WWDG_IRQHandler                          0x0800033b   Thumb Code     0  startup_stm32f10x_hd.o(.text)
    __user_initial_stackheap                 0x0800033d   Thumb Code     0  startup_stm32f10x_hd.o(.text)
    __user_libspace                          0x08000361   Thumb Code     8  libspace.o(.text)
    __user_perproc_libspace                  0x08000361   Thumb Code     0  libspace.o(.text)
    exit                                     0x08000369   Thumb Code    18  exit.o(.text)
    strlen                                   0x0800037b   Thumb Code    62  strlen.o(.text)
    strcat                                   0x080003b9   Thumb Code    24  strcat.o(.text)
    __aeabi_memcpy4                          0x080003d1   Thumb Code     0  rt_memcpy_w.o(.text)
    __aeabi_memcpy8                          0x080003d1   Thumb Code     0  rt_memcpy_w.o(.text)
    __rt_memcpy_w                            0x080003d1   Thumb Code   100  rt_memcpy_w.o(.text)
    _memcpy_lastbytes_aligned                0x08000419   Thumb Code     0  rt_memcpy_w.o(.text)
    __aeabi_memclr4                          0x08000435   Thumb Code     0  rt_memclr_w.o(.text)
    __aeabi_memclr8                          0x08000435   Thumb Code     0  rt_memclr_w.o(.text)
    __rt_memclr_w                            0x08000435   Thumb Code    78  rt_memclr_w.o(.text)
    _memset_w                                0x08000439   Thumb Code     0  rt_memclr_w.o(.text)
    strcmp                                   0x08000485   Thumb Code   128  strcmpv7m.o(.text)
    __use_two_region_memory                  0x08000505   Thumb Code     2  heapauxi.o(.text)
    __rt_heap_escrow$2region                 0x08000507   Thumb Code     2  heapauxi.o(.text)
    __rt_heap_expand$2region                 0x08000509   Thumb Code     2  heapauxi.o(.text)
    _sys_exit                                0x0800050d   Thumb Code     8  sys_exit.o(.text)
    __user_setup_stackheap                   0x08000519   Thumb Code    74  sys_stackheap_outer.o(.text)
    __I$use$semihosting                      0x08000563   Thumb Code     0  use_no_semi.o(.text)
    __use_no_semihosting_swi                 0x08000563   Thumb Code     2  use_no_semi.o(.text)
    SVC_Count                                0x08000564   Data           4  svc_table.o(SVC_TABLE)
    __semihosting_library_function           0x08000565   Thumb Code     0  indicate_semi.o(.text)
    BEEP_Init                                0x08000569   Thumb Code    46  beep.o(i.BEEP_Init)
    SVC_Table                                0x08000568   Data           0  svc_table.o(SVC_TABLE)
    BSP_Init                                 0x0800059d   Thumb Code    36  bsp.o(i.BSP_Init)
    BSP_Test                                 0x080005c1   Thumb Code    16  bsp.o(i.BSP_Test)
    Beep_time                                0x080005d1   Thumb Code    38  beep.o(i.Beep_time)
    CAN1_RX1_IRQHandler                      0x080005fd   Thumb Code   218  can_stm32f10x.o(i.CAN1_RX1_IRQHandler)
    CAN1_SCE_IRQHandler                      0x080006e9   Thumb Code   140  can_stm32f10x.o(i.CAN1_SCE_IRQHandler)
    DMA1_Channel1_Event                      0x0800077d   Thumb Code     2  dma_stm32f10x.o(i.DMA1_Channel1_Event)
    DMA1_Channel1_IRQHandler                 0x08000781   Thumb Code    22  dma_stm32f10x.o(i.DMA1_Channel1_IRQHandler)
    DMA1_Channel2_Event                      0x0800079d   Thumb Code     2  dma_stm32f10x.o(i.DMA1_Channel2_Event)
    DMA1_Channel2_IRQHandler                 0x080007a1   Thumb Code    24  dma_stm32f10x.o(i.DMA1_Channel2_IRQHandler)
    DMA1_Channel3_Event                      0x080007bd   Thumb Code     2  dma_stm32f10x.o(i.DMA1_Channel3_Event)
    DMA1_Channel3_IRQHandler                 0x080007c1   Thumb Code    24  dma_stm32f10x.o(i.DMA1_Channel3_IRQHandler)
    DMA1_Channel4_Event                      0x080007dd   Thumb Code     2  dma_stm32f10x.o(i.DMA1_Channel4_Event)
    DMA1_Channel4_IRQHandler                 0x080007e1   Thumb Code    24  dma_stm32f10x.o(i.DMA1_Channel4_IRQHandler)
    DMA1_Channel5_Event                      0x080007fd   Thumb Code     2  dma_stm32f10x.o(i.DMA1_Channel5_Event)
    DMA1_Channel5_IRQHandler                 0x08000801   Thumb Code    24  dma_stm32f10x.o(i.DMA1_Channel5_IRQHandler)
    DMA1_Channel6_Event                      0x0800081d   Thumb Code     2  dma_stm32f10x.o(i.DMA1_Channel6_Event)
    DMA1_Channel6_IRQHandler                 0x08000821   Thumb Code    24  dma_stm32f10x.o(i.DMA1_Channel6_IRQHandler)
    DMA1_Channel7_Event                      0x0800083d   Thumb Code     2  dma_stm32f10x.o(i.DMA1_Channel7_Event)
    DMA1_Channel7_IRQHandler                 0x08000841   Thumb Code    24  dma_stm32f10x.o(i.DMA1_Channel7_IRQHandler)
    DMA2_Channel1_Event                      0x0800085d   Thumb Code     2  dma_stm32f10x.o(i.DMA2_Channel1_Event)
    DMA2_Channel1_IRQHandler                 0x08000861   Thumb Code    24  dma_stm32f10x.o(i.DMA2_Channel1_IRQHandler)
    DMA2_Channel2_Event                      0x0800087d   Thumb Code     2  dma_stm32f10x.o(i.DMA2_Channel2_Event)
    DMA2_Channel2_IRQHandler                 0x08000881   Thumb Code    26  dma_stm32f10x.o(i.DMA2_Channel2_IRQHandler)
    DMA2_Channel3_Event                      0x080008a1   Thumb Code     2  dma_stm32f10x.o(i.DMA2_Channel3_Event)
    DMA2_Channel3_IRQHandler                 0x080008a5   Thumb Code    26  dma_stm32f10x.o(i.DMA2_Channel3_IRQHandler)
    DMA2_Channel4_5_IRQHandler               0x080008c5   Thumb Code    52  dma_stm32f10x.o(i.DMA2_Channel4_5_IRQHandler)
    DMA2_Channel4_Event                      0x080008fd   Thumb Code     2  dma_stm32f10x.o(i.DMA2_Channel4_Event)
    DMA2_Channel5_Event                      0x080008ff   Thumb Code     2  dma_stm32f10x.o(i.DMA2_Channel5_Event)
    GPIO_AFConfigure                         0x08000901   Thumb Code   146  gpio_stm32f10x.o(i.GPIO_AFConfigure)
    GPIO_GetPortClockState                   0x0800099d   Thumb Code   118  gpio_stm32f10x.o(i.GPIO_GetPortClockState)
    GPIO_Init                                0x08000a35   Thumb Code   278  stm32f10x_gpio.o(i.GPIO_Init)
    GPIO_PinConfigure                        0x08000b4b   Thumb Code   120  gpio_stm32f10x.o(i.GPIO_PinConfigure)
    GPIO_PortClock                           0x08000bc5   Thumb Code   284  gpio_stm32f10x.o(i.GPIO_PortClock)
    GPIO_ReadInputDataBit                    0x08000d01   Thumb Code    18  stm32f10x_gpio.o(i.GPIO_ReadInputDataBit)
    GPIO_SetBits                             0x08000d13   Thumb Code     4  stm32f10x_gpio.o(i.GPIO_SetBits)
    GPIO_WriteBit                            0x08000d17   Thumb Code    10  stm32f10x_gpio.o(i.GPIO_WriteBit)
    GUI_DrawFont16                           0x08000d21   Thumb Code   252  gui_1.44.o(i.GUI_DrawFont16)
    GUI_DrawFont24                           0x08000e29   Thumb Code   268  gui_1.44.o(i.GUI_DrawFont24)
    GUI_DrawFont32                           0x08000f41   Thumb Code   252  gui_1.44.o(i.GUI_DrawFont32)
    LCD144Test_Thread                        0x08001049   Thumb Code   272  lcd_1.44.o(i.LCD144Test_Thread)
    LCD144_Init                              0x080011bd   Thumb Code   418  lcd_1.44.o(i.LCD144_Init)
    LCD_144_test                             0x08001361   Thumb Code    16  lcd_1.44.o(i.LCD_144_test)
    LCD_Clear                                0x08001379   Thumb Code    68  lcd_1.44.o(i.LCD_Clear)
    LCD_DrawPoint                            0x080013c1   Thumb Code    24  lcd_1.44.o(i.LCD_DrawPoint)
    LCD_RESET                                0x080013dd   Thumb Code    30  lcd_1.44.o(i.LCD_RESET)
    LCD_SetCursor                            0x08001401   Thumb Code    20  lcd_1.44.o(i.LCD_SetCursor)
    LCD_SetParam                             0x08001415   Thumb Code    38  lcd_1.44.o(i.LCD_SetParam)
    LCD_SetWindows                           0x08001441   Thumb Code    80  lcd_1.44.o(i.LCD_SetWindows)
    LCD_ShowChar                             0x08001495   Thumb Code   280  gui_1.44.o(i.LCD_ShowChar)
    LCD_ShowNum2412                          0x080015bd   Thumb Code   224  gui_1.44.o(i.LCD_ShowNum2412)
    LCD_WR_DATA                              0x080016a9   Thumb Code    38  lcd_1.44.o(i.LCD_WR_DATA)
    LCD_WR_DATA_16Bit                        0x080016dd   Thumb Code    46  lcd_1.44.o(i.LCD_WR_DATA_16Bit)
    LCD_WR_REG                               0x08001719   Thumb Code    38  lcd_1.44.o(i.LCD_WR_REG)
    LCD_WriteRAM_Prepare                     0x0800174d   Thumb Code    12  lcd_1.44.o(i.LCD_WriteRAM_Prepare)
    LCD_WriteReg                             0x0800175d   Thumb Code    20  lcd_1.44.o(i.LCD_WriteReg)
    RCC_APB1PeriphClockCmd                   0x08001771   Thumb Code    26  stm32f10x_rcc.o(i.RCC_APB1PeriphClockCmd)
    RCC_APB2PeriphClockCmd                   0x08001791   Thumb Code    26  stm32f10x_rcc.o(i.RCC_APB2PeriphClockCmd)
    RCC_GetClocksFreq                        0x080017b1   Thumb Code   192  stm32f10x_rcc.o(i.RCC_GetClocksFreq)
    SPI2_Init                                0x08001885   Thumb Code   176  lcd_1.44.o(i.SPI2_Init)
    SPI_Cmd                                  0x08001941   Thumb Code    24  stm32f10x_spi.o(i.SPI_Cmd)
    SPI_Init                                 0x08001959   Thumb Code    60  stm32f10x_spi.o(i.SPI_Init)
    SPI_WriteByte                            0x08001995   Thumb Code    34  lcd_1.44.o(i.SPI_WriteByte)
    Show_Str                                 0x08001aa1   Thumb Code   268  gui_1.44.o(i.Show_Str)
    SystemInit                               0x08001bb1   Thumb Code    78  system_stm32f10x.o(i.SystemInit)
    USART1_IRQHandler                        0x08001c79   Thumb Code    10  usart_stm32f10x.o(i.USART1_IRQHandler)
    USART2_IRQHandler                        0x08001d89   Thumb Code    10  usart_stm32f10x.o(i.USART2_IRQHandler)
    USARTInit1                               0x08001e31   Thumb Code   114  wirelesstrans_usart2.o(i.USARTInit1)
    USARTInit2                               0x08001ead   Thumb Code    62  wirelesstrans_usart2.o(i.USARTInit2)
    USARTTest                                0x08001f19   Thumb Code    16  wirelesstrans_usart2.o(i.USARTTest)
    USARTTest_Thread                         0x08001f31   Thumb Code   102  wirelesstrans_usart2.o(i.USARTTest_Thread)
    USART_Cmd                                0x08001fad   Thumb Code    24  stm32f10x_usart.o(i.USART_Cmd)
    USART_IRQHandler                         0x0800295f   Thumb Code   624  usart_stm32f10x.o(i.USART_IRQHandler)
    USART_Init                               0x08002bd1   Thumb Code   210  stm32f10x_usart.o(i.USART_Init)
    USB_HP_CAN1_TX_IRQHandler                0x080032f9   Thumb Code   264  can_stm32f10x.o(i.USB_HP_CAN1_TX_IRQHandler)
    USB_LP_CAN1_RX0_IRQHandler               0x08003411   Thumb Code   218  can_stm32f10x.o(i.USB_LP_CAN1_RX0_IRQHandler)
    _init_box                                0x080034fd   Thumb Code    70  rt_membox.o(i._init_box)
    _mutex_acquire                           0x08003545   Thumb Code    22  rtx_conf_cm.o(i._mutex_acquire)
    _mutex_release                           0x08003565   Thumb Code    18  rtx_conf_cm.o(i._mutex_release)
    dbg_init                                 0x08003581   Thumb Code    34  hal_cm.o(i.dbg_init)
    dbg_task_notify                          0x080035b1   Thumb Code    32  hal_cm.o(i.dbg_task_notify)
    dbg_task_switch                          0x080035d1   Thumb Code    16  hal_cm.o(i.dbg_task_switch)
    delay_us                                 0x080035e1   Thumb Code    70  delay.o(i.delay_us)
    getKey                                   0x0800362d   Thumb Code   476  key&tips.o(i.getKey)
    isrMessageGet                            0x08003831   Thumb Code    42  rt_cmsis.o(i.isrMessageGet)
    isrMessagePut                            0x0800385b   Thumb Code    44  rt_cmsis.o(i.isrMessagePut)
    isr_mbx_receive                          0x08003889   Thumb Code    86  rt_mailbox.o(i.isr_mbx_receive)
    isr_mbx_send                             0x080038df   Thumb Code    14  rt_mailbox.o(i.isr_mbx_send)
    keyInit                                  0x080038ed   Thumb Code    40  key&tips.o(i.keyInit)
    keyTest                                  0x08003945   Thumb Code    16  key&tips.o(i.keyTest)
    keyTest_Thread                           0x0800395d   Thumb Code   922  key&tips.o(i.keyTest_Thread)
    main                                     0x08003e4d   Thumb Code    24  usrmain.o(i.main)
    myUSART_callback                         0x08003e65   Thumb Code     2  wirelesstrans_usart2.o(i.myUSART_callback)
    osDelay                                  0x08003e69   Thumb Code    18  rt_cmsis.o(i.osDelay)
    osKernelInitialize                       0x08003e81   Thumb Code    30  rt_cmsis.o(i.osKernelInitialize)
    osKernelStart                            0x08003ea5   Thumb Code    98  rt_cmsis.o(i.osKernelStart)
    osKernelSysTick                          0x08003f11   Thumb Code    18  rt_cmsis.o(i.osKernelSysTick)
    osMessageGet                             0x08003f29   Thumb Code    18  rt_cmsis.o(i.osMessageGet)
    osMutexCreate                            0x08003f41   Thumb Code    36  rt_cmsis.o(i.osMutexCreate)
    osMutexRelease                           0x08003f6d   Thumb Code    18  rt_cmsis.o(i.osMutexRelease)
    osThreadCreate                           0x08003f85   Thumb Code    36  rt_cmsis.o(i.osThreadCreate)
    osThreadExit                             0x08003fb1   Thumb Code    14  rt_cmsis.o(i.osThreadExit)
    osTimerCall                              0x08003fc9   Thumb Code     8  rt_cmsis.o(i.osTimerCall)
    osTimerThread                            0x08003fd5   Thumb Code    38  rt_cmsis.o(i.osTimerThread)
    os_error                                 0x08004001   Thumb Code    34  rtx_conf_cm.o(i.os_error)
    os_idle_demon                            0x08004023   Thumb Code     4  rtx_conf_cm.o(i.os_idle_demon)
    os_tick_init                             0x08004029   Thumb Code    32  rt_system.o(i.os_tick_init)
    os_tick_irqack                           0x08004051   Thumb Code     2  rt_system.o(i.os_tick_irqack)
    os_tick_ovf                              0x08004055   Thumb Code    10  rt_system.o(i.os_tick_ovf)
    os_tick_val                              0x08004065   Thumb Code    14  rt_system.o(i.os_tick_val)
    rt_alloc_box                             0x08004079   Thumb Code    26  rt_membox.o(i.rt_alloc_box)
    rt_alloc_mem                             0x08004093   Thumb Code    62  rt_memory.o(i.rt_alloc_mem)
    rt_block                                 0x080040d1   Thumb Code    48  rt_task.o(i.rt_block)
    rt_chk_robin                             0x08004109   Thumb Code    60  rt_robin.o(i.rt_chk_robin)
    rt_dec_dly                               0x08004151   Thumb Code   102  rt_list.o(i.rt_dec_dly)
    rt_dispatch                              0x080041c1   Thumb Code    60  rt_task.o(i.rt_dispatch)
    rt_dly_wait                              0x08004205   Thumb Code     6  rt_time.o(i.rt_dly_wait)
    rt_evt_psh                               0x0800420d   Thumb Code    76  rt_event.o(i.rt_evt_psh)
    rt_free_box                              0x0800425d   Thumb Code    44  rt_membox.o(i.rt_free_box)
    rt_free_mem                              0x08004289   Thumb Code    40  rt_memory.o(i.rt_free_mem)
    rt_get_first                             0x080042b1   Thumb Code    40  rt_list.o(i.rt_get_first)
    rt_init_mem                              0x08004329   Thumb Code    26  rt_memory.o(i.rt_init_mem)
    rt_init_robin                            0x08004345   Thumb Code    14  rt_robin.o(i.rt_init_robin)
    rt_init_stack                            0x0800435d   Thumb Code   118  hal_cm.o(i.rt_init_stack)
    rt_mbx_check                             0x080043dd   Thumb Code     8  rt_mailbox.o(i.rt_mbx_check)
    rt_mbx_init                              0x080043e5   Thumb Code    26  rt_mailbox.o(i.rt_mbx_init)
    rt_mbx_psh                               0x08004401   Thumb Code   236  rt_mailbox.o(i.rt_mbx_psh)
    rt_mbx_wait                              0x080044f1   Thumb Code   174  rt_mailbox.o(i.rt_mbx_wait)
    rt_mut_init                              0x080045e9   Thumb Code    16  rt_mutex.o(i.rt_mut_init)
    rt_mut_release                           0x080045f9   Thumb Code   208  rt_mutex.o(i.rt_mut_release)
    rt_mut_wait                              0x080046d1   Thumb Code   114  rt_mutex.o(i.rt_mut_wait)
    rt_pop_req                               0x08004749   Thumb Code   112  rt_system.o(i.rt_pop_req)
    rt_psh_req                               0x080047c5   Thumb Code    22  rt_system.o(i.rt_psh_req)
    rt_psq_enq                               0x080047e5   Thumb Code    88  rt_list.o(i.rt_psq_enq)
    rt_put_dly                               0x08004841   Thumb Code    68  rt_list.o(i.rt_put_dly)
    rt_put_prio                              0x08004889   Thumb Code    54  rt_list.o(i.rt_put_prio)
    rt_put_rdy_first                         0x080048c1   Thumb Code    14  rt_list.o(i.rt_put_rdy_first)
    rt_resort_prio                           0x080048d5   Thumb Code    46  rt_list.o(i.rt_resort_prio)
    rt_ret_val                               0x08004909   Thumb Code     6  hal_cm.o(i.rt_ret_val)
    rt_ret_val2                              0x0800490f   Thumb Code     8  hal_cm.o(i.rt_ret_val2)
    rt_rmv_dly                               0x08004917   Thumb Code    40  rt_list.o(i.rt_rmv_dly)
    rt_rmv_list                              0x08004941   Thumb Code    44  rt_list.o(i.rt_rmv_list)
    rt_sem_psh                               0x08004971   Thumb Code    48  rt_semaphore.o(i.rt_sem_psh)
    rt_stk_check                             0x080049a5   Thumb Code    28  rt_system.o(i.rt_stk_check)
    rt_switch_req                            0x080049c9   Thumb Code    30  rt_task.o(i.rt_switch_req)
    rt_sys_init                              0x080049f1   Thumb Code   138  rt_task.o(i.rt_sys_init)
    rt_sys_start                             0x08004abd   Thumb Code   110  rt_task.o(i.rt_sys_start)
    rt_systick                               0x08004b35   Thumb Code    50  rt_system.o(i.rt_systick)
    rt_tsk_create                            0x08004bbd   Thumb Code   118  rt_task.o(i.rt_tsk_create)
    rt_tsk_delete                            0x08004c45   Thumb Code   352  rt_task.o(i.rt_tsk_delete)
    rt_tsk_prio                              0x08004dc1   Thumb Code   108  rt_task.o(i.rt_tsk_prio)
    rt_tsk_self                              0x08004e3d   Thumb Code    12  rt_task.o(i.rt_tsk_self)
    svcDelay                                 0x08004e4d   Thumb Code    18  rt_cmsis.o(i.svcDelay)
    svcKernelInitialize                      0x08004e61   Thumb Code    80  rt_cmsis.o(i.svcKernelInitialize)
    svcKernelStart                           0x08004ed1   Thumb Code    62  rt_cmsis.o(i.svcKernelStart)
    svcKernelSysTick                         0x08004f19   Thumb Code    46  rt_cmsis.o(i.svcKernelSysTick)
    svcMessageCreate                         0x08004f51   Thumb Code    36  rt_cmsis.o(i.svcMessageCreate)
    svcMessageGet                            0x08004f75   Thumb Code    58  rt_cmsis.o(i.svcMessageGet)
    svcMutexCreate                           0x08004faf   Thumb Code    28  rt_cmsis.o(i.svcMutexCreate)
    svcMutexRelease                          0x08004fcb   Thumb Code    34  rt_cmsis.o(i.svcMutexRelease)
    svcThreadCreate                          0x08004fed   Thumb Code    96  rt_cmsis.o(i.svcThreadCreate)
    svcThreadGetId                           0x08005059   Thumb Code    22  rt_cmsis.o(i.svcThreadGetId)
    svcThreadTerminate                       0x08005075   Thumb Code    50  rt_cmsis.o(i.svcThreadTerminate)
    svcTimerCall                             0x080050ad   Thumb Code    24  rt_cmsis.o(i.svcTimerCall)
    sysTimerTick                             0x080050c5   Thumb Code    84  rt_cmsis.o(i.sysTimerTick)
    testInit                                 0x08005121   Thumb Code    48  test.o(i.testInit)
    os_thread_def_keyTest_Thread             0x08005154   Data          16  key&tips.o(.constdata)
    os_thread_def_USARTTest_Thread           0x08005164   Data          16  wirelesstrans_usart2.o(.constdata)
    os_mutex_def_uart_mutex                  0x08005174   Data           4  wirelesstrans_usart2.o(.constdata)
    asc2_1206                                0x08005196   Data        1140  gui_1.44.o(.constdata)
    asc2_1608                                0x0800560a   Data        1520  gui_1.44.o(.constdata)
    asc2_2412                                0x08005bfa   Data         576  gui_1.44.o(.constdata)
    tfont16                                  0x08005e3a   Data         170  gui_1.44.o(.constdata)
    tfont24                                  0x08005ee4   Data         814  gui_1.44.o(.constdata)
    tfont32                                  0x08006212   Data         130  gui_1.44.o(.constdata)
    os_thread_def_LCD144Test_Thread          0x08006294   Data          16  lcd_1.44.o(.constdata)
    os_maxtaskrun                            0x080062a4   Data           2  rtx_conf_cm.o(.constdata)
    os_stackinfo                             0x080062a8   Data           4  rtx_conf_cm.o(.constdata)
    os_rrobin                                0x080062ac   Data           4  rtx_conf_cm.o(.constdata)
    os_tickfreq                              0x080062b0   Data           4  rtx_conf_cm.o(.constdata)
    os_tickus_i                              0x080062b4   Data           2  rtx_conf_cm.o(.constdata)
    os_tickus_f                              0x080062b6   Data           2  rtx_conf_cm.o(.constdata)
    os_trv                                   0x080062b8   Data           4  rtx_conf_cm.o(.constdata)
    os_flags                                 0x080062bc   Data           1  rtx_conf_cm.o(.constdata)
    CMSIS_RTOS_API_Version                   0x080062c0   Data           4  rtx_conf_cm.o(.constdata)
    CMSIS_RTOS_RTX_Version                   0x080062c4   Data           4  rtx_conf_cm.o(.constdata)
    os_clockrate                             0x080062c8   Data           4  rtx_conf_cm.o(.constdata)
    os_timernum                              0x080062cc   Data           4  rtx_conf_cm.o(.constdata)
    mp_tcb_size                              0x080062d0   Data           2  rtx_conf_cm.o(.constdata)
    mp_stk_size                              0x080062d4   Data           4  rtx_conf_cm.o(.constdata)
    os_stack_sz                              0x080062d8   Data           4  rtx_conf_cm.o(.constdata)
    os_fifo_size                             0x080062dc   Data           1  rtx_conf_cm.o(.constdata)
    os_thread_def_osTimerThread              0x080062e0   Data          16  rtx_conf_cm.o(.constdata)
    os_messageQ_def_osTimerMessageQ          0x080062f0   Data           8  rtx_conf_cm.o(.constdata)
    mp_tmr_size                              0x080062f8   Data           2  rtx_conf_cm.o(.constdata)
    os_thread_def_main                       0x080062fc   Data          16  rtx_conf_cm.o(.constdata)
    Driver_USART1                            0x080063a0   Data          56  usart_stm32f10x.o(.constdata)
    Driver_USART2                            0x080063d8   Data          56  usart_stm32f10x.o(.constdata)
    Region$$Table$$Base                      0x0800642c   Number         0  anon$$obj.o(Region$$Table)
    Region$$Table$$Limit                     0x0800644c   Number         0  anon$$obj.o(Region$$Table)
    tid_keyTest_Thread                       0x20000004   Data           4  key&tips.o(.data)
    TestCMD                                  0x20000020   Data           4  wirelesstrans_usart2.o(.data)
    TestREP                                  0x20000024   Data           4  wirelesstrans_usart2.o(.data)
    tid_USARTTest_Thread                     0x20000028   Data           4  wirelesstrans_usart2.o(.data)
    tid_LCD144Test_Thread                    0x2000002c   Data           4  lcd_1.44.o(.data)
    POINT_COLOR                              0x20000030   Data           2  lcd_1.44.o(.data)
    BACK_COLOR                               0x20000032   Data           2  lcd_1.44.o(.data)
    DeviceCode                               0x20000034   Data           2  lcd_1.44.o(.data)
    osThreadId_osTimerThread                 0x20000038   Data           4  rtx_conf_cm.o(.data)
    osMessageQId_osTimerMessageQ             0x2000003c   Data           4  rtx_conf_cm.o(.data)
    os_tmr                                   0x20000040   Data           4  rtx_conf_cm.o(.data)
    m_tmr                                    0x20000044   Data           4  rtx_conf_cm.o(.data)
    os_initialized                           0x20000070   Data           1  rt_cmsis.o(.data)
    os_running                               0x20000071   Data           1  rt_cmsis.o(.data)
    os_timer_head                            0x20000074   Data           4  rt_cmsis.o(.data)
    os_tsk                                   0x20000078   Data           8  rt_task.o(.data)
    os_tick_irqn                             0x20000084   Data           4  rt_system.o(.data)
    os_time                                  0x20000088   Data           4  rt_time.o(.data)
    os_robin                                 0x2000008c   Data           8  rt_robin.o(.data)
    dbg_msg                                  0x20000094   Data           1  hal_cm.o(.data)
    os_mutex_cb_uart_mutex                   0x20000098   Data          16  wirelesstrans_usart2.o(.bss)
    lcddev                                   0x200000a8   Data          14  lcd_1.44.o(.bss)
    mp_tcb                                   0x200000b8   Data         480  rtx_conf_cm.o(.bss)
    mp_stk                                   0x20000298   Data        1216  rtx_conf_cm.o(.bss)
    os_stack_mem                             0x20000758   Data        4568  rtx_conf_cm.o(.bss)
    os_fifo                                  0x20001930   Data         132  rtx_conf_cm.o(.bss)
    os_active_TCB                            0x200019b4   Data          36  rtx_conf_cm.o(.bss)
    os_messageQ_q_osTimerMessageQ            0x200019d8   Data          32  rtx_conf_cm.o(.bss)
    os_idle_TCB                              0x20001e48   Data          52  rt_task.o(.bss)
    os_rdy                                   0x20001e7c   Data          24  rt_list.o(.bss)
    os_dly                                   0x20001e94   Data          24  rt_list.o(.bss)
    __libspace_start                         0x20001eac   Data          96  libspace.o(.bss)
    __temporary_stack_top$libspace           0x20001f0c   Data           0  libspace.o(.bss)



==============================================================================

Memory Map of the image

  Image Entry point : 0x08000131

  Load Region LR_IROM1 (Base: 0x08000000, Size: 0x000064e4, Max: 0x00040000, ABSOLUTE)

    Execution Region ER_IROM1 (Base: 0x08000000, Size: 0x0000644c, Max: 0x00040000, ABSOLUTE)

    Base Addr    Size         Type   Attr      Idx    E Section Name        Object

    0x08000000   0x00000130   Data   RO         3473    RESET               startup_stm32f10x_hd.o
    0x08000130   0x00000008   Code   RO         4755  * !!!main             c_w.l(__main.o)
    0x08000138   0x00000034   Code   RO         4916    !!!scatter          c_w.l(__scatter.o)
    0x0800016c   0x0000001a   Code   RO         4918    !!handler_copy      c_w.l(__scatter_copy.o)
    0x08000186   0x00000002   PAD
    0x08000188   0x0000001c   Code   RO         4920    !!handler_zi        c_w.l(__scatter_zi.o)
    0x080001a4   0x00000002   Code   RO         4802    .ARM.Collect$$libinit$$00000000  c_w.l(libinit.o)
    0x080001a6   0x00000000   Code   RO         4814    .ARM.Collect$$libinit$$00000002  c_w.l(libinit2.o)
    0x080001a6   0x00000000   Code   RO         4816    .ARM.Collect$$libinit$$00000004  c_w.l(libinit2.o)
    0x080001a6   0x00000000   Code   RO         4819    .ARM.Collect$$libinit$$0000000A  c_w.l(libinit2.o)
    0x080001a6   0x00000000   Code   RO         4821    .ARM.Collect$$libinit$$0000000C  c_w.l(libinit2.o)
    0x080001a6   0x00000000   Code   RO         4823    .ARM.Collect$$libinit$$0000000E  c_w.l(libinit2.o)
    0x080001a6   0x00000000   Code   RO         4826    .ARM.Collect$$libinit$$00000011  c_w.l(libinit2.o)
    0x080001a6   0x00000000   Code   RO         4828    .ARM.Collect$$libinit$$00000013  c_w.l(libinit2.o)
    0x080001a6   0x00000000   Code   RO         4830    .ARM.Collect$$libinit$$00000015  c_w.l(libinit2.o)
    0x080001a6   0x00000000   Code   RO         4832    .ARM.Collect$$libinit$$00000017  c_w.l(libinit2.o)
    0x080001a6   0x00000000   Code   RO         4834    .ARM.Collect$$libinit$$00000019  c_w.l(libinit2.o)
    0x080001a6   0x00000000   Code   RO         4836    .ARM.Collect$$libinit$$0000001B  c_w.l(libinit2.o)
    0x080001a6   0x00000000   Code   RO         4838    .ARM.Collect$$libinit$$0000001D  c_w.l(libinit2.o)
    0x080001a6   0x00000000   Code   RO         4840    .ARM.Collect$$libinit$$0000001F  c_w.l(libinit2.o)
    0x080001a6   0x00000000   Code   RO         4842    .ARM.Collect$$libinit$$00000021  c_w.l(libinit2.o)
    0x080001a6   0x00000000   Code   RO         4844    .ARM.Collect$$libinit$$00000023  c_w.l(libinit2.o)
    0x080001a6   0x00000000   Code   RO         4846    .ARM.Collect$$libinit$$00000025  c_w.l(libinit2.o)
    0x080001a6   0x00000000   Code   RO         4850    .ARM.Collect$$libinit$$0000002C  c_w.l(libinit2.o)
    0x080001a6   0x00000000   Code   RO         4852    .ARM.Collect$$libinit$$0000002E  c_w.l(libinit2.o)
    0x080001a6   0x00000000   Code   RO         4854    .ARM.Collect$$libinit$$00000030  c_w.l(libinit2.o)
    0x080001a6   0x00000000   Code   RO         4856    .ARM.Collect$$libinit$$00000032  c_w.l(libinit2.o)
    0x080001a6   0x00000002   Code   RO         4857    .ARM.Collect$$libinit$$00000033  c_w.l(libinit2.o)
    0x080001a8   0x00000002   Code   RO         4803    .ARM.Collect$$libshutdown$$00000000  c_w.l(libshutdown.o)
    0x080001aa   0x00000000   Code   RO         4859    .ARM.Collect$$libshutdown$$00000002  c_w.l(libshutdown2.o)
    0x080001aa   0x00000000   Code   RO         4861    .ARM.Collect$$libshutdown$$00000004  c_w.l(libshutdown2.o)
    0x080001aa   0x00000000   Code   RO         4864    .ARM.Collect$$libshutdown$$00000007  c_w.l(libshutdown2.o)
    0x080001aa   0x00000000   Code   RO         4867    .ARM.Collect$$libshutdown$$0000000A  c_w.l(libshutdown2.o)
    0x080001aa   0x00000000   Code   RO         4869    .ARM.Collect$$libshutdown$$0000000C  c_w.l(libshutdown2.o)
    0x080001aa   0x00000000   Code   RO         4872    .ARM.Collect$$libshutdown$$0000000F  c_w.l(libshutdown2.o)
    0x080001aa   0x00000002   Code   RO         4873    .ARM.Collect$$libshutdown$$00000010  c_w.l(libshutdown2.o)
    0x080001ac   0x00000000   Code   RO         4757    .ARM.Collect$$rtentry$$00000000  c_w.l(__rtentry.o)
    0x080001ac   0x00000000   Code   RO         4765    .ARM.Collect$$rtentry$$00000002  c_w.l(__rtentry2.o)
    0x080001ac   0x00000006   Code   RO         4777    .ARM.Collect$$rtentry$$00000004  c_w.l(__rtentry4.o)
    0x080001b2   0x00000000   Code   RO         4767    .ARM.Collect$$rtentry$$00000009  c_w.l(__rtentry2.o)
    0x080001b2   0x00000004   Code   RO         4768    .ARM.Collect$$rtentry$$0000000A  c_w.l(__rtentry2.o)
    0x080001b6   0x00000008   Code   RO         4769    .ARM.Collect$$rtentry$$0000000B  c_w.l(__rtentry2.o)
    0x080001be   0x00000008   Code   RO         4771    .ARM.Collect$$rtentry$$0000000D  c_w.l(__rtentry2.o)
    0x080001c6   0x00000002   Code   RO         4758    .ARM.Collect$$rtexit$$00000000  c_w.l(rtexit.o)
    0x080001c8   0x00000000   Code   RO         4780    .ARM.Collect$$rtexit$$00000002  c_w.l(rtexit2.o)
    0x080001c8   0x00000004   Code   RO         4781    .ARM.Collect$$rtexit$$00000003  c_w.l(rtexit2.o)
    0x080001cc   0x00000006   Code   RO         4782    .ARM.Collect$$rtexit$$00000004  c_w.l(rtexit2.o)
    0x080001d2   0x00000002   PAD
    0x080001d4   0x0000001c   Code   RO          677    .emb_text           rtx_conf_cm.o
    0x080001f0   0x00000130   Code   RO         4719    .emb_text           RTX_CM3.lib(hal_cm3.o)
    0x08000320   0x00000040   Code   RO         3474    .text               startup_stm32f10x_hd.o
    0x08000360   0x00000008   Code   RO         4734    .text               c_w.l(libspace.o)
    0x08000368   0x00000012   Code   RO         4739    .text               c_w.l(exit.o)
    0x0800037a   0x0000003e   Code   RO         4741    .text               c_w.l(strlen.o)
    0x080003b8   0x00000018   Code   RO         4743    .text               c_w.l(strcat.o)
    0x080003d0   0x00000064   Code   RO         4747    .text               c_w.l(rt_memcpy_w.o)
    0x08000434   0x0000004e   Code   RO         4749    .text               c_w.l(rt_memclr_w.o)
    0x08000482   0x00000002   PAD
    0x08000484   0x00000080   Code   RO         4751    .text               c_w.l(strcmpv7m.o)
    0x08000504   0x00000006   Code   RO         4753    .text               c_w.l(heapauxi.o)
    0x0800050a   0x00000002   PAD
    0x0800050c   0x0000000c   Code   RO         4788    .text               c_w.l(sys_exit.o)
    0x08000518   0x0000004a   Code   RO         4790    .text               c_w.l(sys_stackheap_outer.o)
    0x08000562   0x00000002   Code   RO         4804    .text               c_w.l(use_no_semi.o)
    0x08000564   0x00000000   Code   RO         4806    .text               c_w.l(indicate_semi.o)
    0x08000564   0x00000004   Code   RO         4729    SVC_TABLE           RTX_CM3.lib(svc_table.o)
    0x08000568   0x00000034   Code   RO          314    i.BEEP_Init         beep.o
    0x0800059c   0x00000024   Code   RO          143    i.BSP_Init          bsp.o
    0x080005c0   0x00000010   Code   RO          144    i.BSP_Test          bsp.o
    0x080005d0   0x0000002c   Code   RO          315    i.Beep_time         beep.o
    0x080005fc   0x000000ec   Code   RO          747    i.CAN1_RX1_IRQHandler  can_stm32f10x.o
    0x080006e8   0x00000094   Code   RO          748    i.CAN1_SCE_IRQHandler  can_stm32f10x.o
    0x0800077c   0x00000002   Code   RO         3222    i.DMA1_Channel1_Event  dma_stm32f10x.o
    0x0800077e   0x00000002   PAD
    0x08000780   0x0000001c   Code   RO         3223    i.DMA1_Channel1_IRQHandler  dma_stm32f10x.o
    0x0800079c   0x00000002   Code   RO         3224    i.DMA1_Channel2_Event  dma_stm32f10x.o
    0x0800079e   0x00000002   PAD
    0x080007a0   0x0000001c   Code   RO         3225    i.DMA1_Channel2_IRQHandler  dma_stm32f10x.o
    0x080007bc   0x00000002   Code   RO         3226    i.DMA1_Channel3_Event  dma_stm32f10x.o
    0x080007be   0x00000002   PAD
    0x080007c0   0x0000001c   Code   RO         3227    i.DMA1_Channel3_IRQHandler  dma_stm32f10x.o
    0x080007dc   0x00000002   Code   RO         3228    i.DMA1_Channel4_Event  dma_stm32f10x.o
    0x080007de   0x00000002   PAD
    0x080007e0   0x0000001c   Code   RO         3229    i.DMA1_Channel4_IRQHandler  dma_stm32f10x.o
    0x080007fc   0x00000002   Code   RO         3230    i.DMA1_Channel5_Event  dma_stm32f10x.o
    0x080007fe   0x00000002   PAD
    0x08000800   0x0000001c   Code   RO         3231    i.DMA1_Channel5_IRQHandler  dma_stm32f10x.o
    0x0800081c   0x00000002   Code   RO         3232    i.DMA1_Channel6_Event  dma_stm32f10x.o
    0x0800081e   0x00000002   PAD
    0x08000820   0x0000001c   Code   RO         3233    i.DMA1_Channel6_IRQHandler  dma_stm32f10x.o
    0x0800083c   0x00000002   Code   RO         3234    i.DMA1_Channel7_Event  dma_stm32f10x.o
    0x0800083e   0x00000002   PAD
    0x08000840   0x0000001c   Code   RO         3235    i.DMA1_Channel7_IRQHandler  dma_stm32f10x.o
    0x0800085c   0x00000002   Code   RO         3236    i.DMA2_Channel1_Event  dma_stm32f10x.o
    0x0800085e   0x00000002   PAD
    0x08000860   0x0000001c   Code   RO         3237    i.DMA2_Channel1_IRQHandler  dma_stm32f10x.o
    0x0800087c   0x00000002   Code   RO         3238    i.DMA2_Channel2_Event  dma_stm32f10x.o
    0x0800087e   0x00000002   PAD
    0x08000880   0x00000020   Code   RO         3239    i.DMA2_Channel2_IRQHandler  dma_stm32f10x.o
    0x080008a0   0x00000002   Code   RO         3240    i.DMA2_Channel3_Event  dma_stm32f10x.o
    0x080008a2   0x00000002   PAD
    0x080008a4   0x00000020   Code   RO         3241    i.DMA2_Channel3_IRQHandler  dma_stm32f10x.o
    0x080008c4   0x00000038   Code   RO         3242    i.DMA2_Channel4_5_IRQHandler  dma_stm32f10x.o
    0x080008fc   0x00000002   Code   RO         3243    i.DMA2_Channel4_Event  dma_stm32f10x.o
    0x080008fe   0x00000002   Code   RO         3245    i.DMA2_Channel5_Event  dma_stm32f10x.o
    0x08000900   0x0000009c   Code   RO         3432    i.GPIO_AFConfigure  gpio_stm32f10x.o
    0x0800099c   0x00000098   Code   RO         3433    i.GPIO_GetPortClockState  gpio_stm32f10x.o
    0x08000a34   0x00000116   Code   RO         1766    i.GPIO_Init         stm32f10x_gpio.o
    0x08000b4a   0x00000078   Code   RO         3434    i.GPIO_PinConfigure  gpio_stm32f10x.o
    0x08000bc2   0x00000002   PAD
    0x08000bc4   0x0000013c   Code   RO         3435    i.GPIO_PortClock    gpio_stm32f10x.o
    0x08000d00   0x00000012   Code   RO         1770    i.GPIO_ReadInputDataBit  stm32f10x_gpio.o
    0x08000d12   0x00000004   Code   RO         1774    i.GPIO_SetBits      stm32f10x_gpio.o
    0x08000d16   0x0000000a   Code   RO         1777    i.GPIO_WriteBit     stm32f10x_gpio.o
    0x08000d20   0x00000108   Code   RO          399    i.GUI_DrawFont16    gui_1.44.o
    0x08000e28   0x00000118   Code   RO          400    i.GUI_DrawFont24    gui_1.44.o
    0x08000f40   0x00000108   Code   RO          401    i.GUI_DrawFont32    gui_1.44.o
    0x08001048   0x00000174   Code   RO          540    i.LCD144Test_Thread  lcd_1.44.o
    0x080011bc   0x000001a2   Code   RO          541    i.LCD144_Init       lcd_1.44.o
    0x0800135e   0x00000002   PAD
    0x08001360   0x00000018   Code   RO          542    i.LCD_144_test      lcd_1.44.o
    0x08001378   0x00000048   Code   RO          543    i.LCD_Clear         lcd_1.44.o
    0x080013c0   0x0000001c   Code   RO          544    i.LCD_DrawPoint     lcd_1.44.o
    0x080013dc   0x00000024   Code   RO          546    i.LCD_RESET         lcd_1.44.o
    0x08001400   0x00000014   Code   RO          547    i.LCD_SetCursor     lcd_1.44.o
    0x08001414   0x0000002c   Code   RO          548    i.LCD_SetParam      lcd_1.44.o
    0x08001440   0x00000054   Code   RO          549    i.LCD_SetWindows    lcd_1.44.o
    0x08001494   0x00000128   Code   RO          409    i.LCD_ShowChar      gui_1.44.o
    0x080015bc   0x000000ec   Code   RO          411    i.LCD_ShowNum2412   gui_1.44.o
    0x080016a8   0x00000034   Code   RO          550    i.LCD_WR_DATA       lcd_1.44.o
    0x080016dc   0x0000003c   Code   RO          551    i.LCD_WR_DATA_16Bit  lcd_1.44.o
    0x08001718   0x00000034   Code   RO          552    i.LCD_WR_REG        lcd_1.44.o
    0x0800174c   0x00000010   Code   RO          553    i.LCD_WriteRAM_Prepare  lcd_1.44.o
    0x0800175c   0x00000014   Code   RO          554    i.LCD_WriteReg      lcd_1.44.o
    0x08001770   0x00000020   Code   RO         2104    i.RCC_APB1PeriphClockCmd  stm32f10x_rcc.o
    0x08001790   0x00000020   Code   RO         2106    i.RCC_APB2PeriphClockCmd  stm32f10x_rcc.o
    0x080017b0   0x000000d4   Code   RO         2114    i.RCC_GetClocksFreq  stm32f10x_rcc.o
    0x08001884   0x000000bc   Code   RO          555    i.SPI2_Init         lcd_1.44.o
    0x08001940   0x00000018   Code   RO         2319    i.SPI_Cmd           stm32f10x_spi.o
    0x08001958   0x0000003c   Code   RO         2332    i.SPI_Init          stm32f10x_spi.o
    0x08001994   0x00000022   Code   RO          557    i.SPI_WriteByte     lcd_1.44.o
    0x080019b6   0x00000008   Code   RO         3481    i.SetSysClock       system_stm32f10x.o
    0x080019be   0x00000002   PAD
    0x080019c0   0x000000e0   Code   RO         3482    i.SetSysClockTo72   system_stm32f10x.o
    0x08001aa0   0x00000110   Code   RO          413    i.Show_Str          gui_1.44.o
    0x08001bb0   0x00000060   Code   RO         3484    i.SystemInit        system_stm32f10x.o
    0x08001c10   0x00000018   Code   RO          969    i.USART1_Control    usart_stm32f10x.o
    0x08001c28   0x00000010   Code   RO          970    i.USART1_GetCapabilities  usart_stm32f10x.o
    0x08001c38   0x00000010   Code   RO          971    i.USART1_GetModemStatus  usart_stm32f10x.o
    0x08001c48   0x00000010   Code   RO          972    i.USART1_GetRxCount  usart_stm32f10x.o
    0x08001c58   0x00000010   Code   RO          973    i.USART1_GetStatus  usart_stm32f10x.o
    0x08001c68   0x00000010   Code   RO          974    i.USART1_GetTxCount  usart_stm32f10x.o
    0x08001c78   0x00000010   Code   RO          975    i.USART1_IRQHandler  usart_stm32f10x.o
    0x08001c88   0x00000014   Code   RO          976    i.USART1_Initialize  usart_stm32f10x.o
    0x08001c9c   0x00000014   Code   RO          977    i.USART1_PowerControl  usart_stm32f10x.o
    0x08001cb0   0x00000018   Code   RO          978    i.USART1_Receive    usart_stm32f10x.o
    0x08001cc8   0x00000018   Code   RO          979    i.USART1_Send       usart_stm32f10x.o
    0x08001ce0   0x00000014   Code   RO          980    i.USART1_SetModemControl  usart_stm32f10x.o
    0x08001cf4   0x0000001c   Code   RO          981    i.USART1_Transfer   usart_stm32f10x.o
    0x08001d10   0x00000010   Code   RO          982    i.USART1_Uninitialize  usart_stm32f10x.o
    0x08001d20   0x00000018   Code   RO          983    i.USART2_Control    usart_stm32f10x.o
    0x08001d38   0x00000010   Code   RO          984    i.USART2_GetCapabilities  usart_stm32f10x.o
    0x08001d48   0x00000010   Code   RO          985    i.USART2_GetModemStatus  usart_stm32f10x.o
    0x08001d58   0x00000010   Code   RO          986    i.USART2_GetRxCount  usart_stm32f10x.o
    0x08001d68   0x00000010   Code   RO          987    i.USART2_GetStatus  usart_stm32f10x.o
    0x08001d78   0x00000010   Code   RO          988    i.USART2_GetTxCount  usart_stm32f10x.o
    0x08001d88   0x00000010   Code   RO          989    i.USART2_IRQHandler  usart_stm32f10x.o
    0x08001d98   0x00000014   Code   RO          990    i.USART2_Initialize  usart_stm32f10x.o
    0x08001dac   0x00000014   Code   RO          991    i.USART2_PowerControl  usart_stm32f10x.o
    0x08001dc0   0x00000018   Code   RO          992    i.USART2_Receive    usart_stm32f10x.o
    0x08001dd8   0x00000018   Code   RO          993    i.USART2_Send       usart_stm32f10x.o
    0x08001df0   0x00000014   Code   RO          994    i.USART2_SetModemControl  usart_stm32f10x.o
    0x08001e04   0x0000001c   Code   RO          995    i.USART2_Transfer   usart_stm32f10x.o
    0x08001e20   0x00000010   Code   RO          996    i.USART2_Uninitialize  usart_stm32f10x.o
    0x08001e30   0x0000007c   Code   RO          344    i.USARTInit1        wirelesstrans_usart2.o
    0x08001eac   0x0000006c   Code   RO          345    i.USARTInit2        wirelesstrans_usart2.o
    0x08001f18   0x00000018   Code   RO          346    i.USARTTest         wirelesstrans_usart2.o
    0x08001f30   0x0000007c   Code   RO          347    i.USARTTest_Thread  wirelesstrans_usart2.o
    0x08001fac   0x00000018   Code   RO         3034    i.USART_Cmd         stm32f10x_usart.o
    0x08001fc4   0x00000820   Code   RO          997    i.USART_Control     usart_stm32f10x.o
    0x080027e4   0x00000006   Code   RO          998    i.USART_GetCapabilities  usart_stm32f10x.o
    0x080027ea   0x00000090   Code   RO          999    i.USART_GetModemStatus  usart_stm32f10x.o
    0x0800287a   0x00000008   Code   RO         1000    i.USART_GetRxCount  usart_stm32f10x.o
    0x08002882   0x000000d4   Code   RO         1001    i.USART_GetStatus   usart_stm32f10x.o
    0x08002956   0x00000008   Code   RO         1002    i.USART_GetTxCount  usart_stm32f10x.o
    0x0800295e   0x00000270   Code   RO         1003    i.USART_IRQHandler  usart_stm32f10x.o
    0x08002bce   0x00000002   PAD
    0x08002bd0   0x000000d8   Code   RO         3041    i.USART_Init        stm32f10x_usart.o
    0x08002ca8   0x000000a2   Code   RO         1004    i.USART_Initialize  usart_stm32f10x.o
    0x08002d4a   0x00000002   PAD
    0x08002d4c   0x000000d8   Code   RO         1005    i.USART_PeripheralReset  usart_stm32f10x.o
    0x08002e24   0x00000228   Code   RO         1006    i.USART_PowerControl  usart_stm32f10x.o
    0x0800304c   0x000000a2   Code   RO         1007    i.USART_Receive     usart_stm32f10x.o
    0x080030ee   0x00000088   Code   RO         1008    i.USART_Send        usart_stm32f10x.o
    0x08003176   0x0000009c   Code   RO         1009    i.USART_SetModemControl  usart_stm32f10x.o
    0x08003212   0x0000006a   Code   RO         1010    i.USART_Transfer    usart_stm32f10x.o
    0x0800327c   0x0000006c   Code   RO         1011    i.USART_Uninitialize  usart_stm32f10x.o
    0x080032e8   0x00000010   Code   RO         1012    i.USARTx_GetVersion  usart_stm32f10x.o
    0x080032f8   0x00000118   Code   RO          769    i.USB_HP_CAN1_TX_IRQHandler  can_stm32f10x.o
    0x08003410   0x000000ec   Code   RO          770    i.USB_LP_CAN1_RX0_IRQHandler  can_stm32f10x.o
    0x080034fc   0x00000046   Code   RO         4618    i._init_box         RTX_CM3.lib(rt_membox.o)
    0x08003542   0x00000002   PAD
    0x08003544   0x00000020   Code   RO          679    i._mutex_acquire    rtx_conf_cm.o
    0x08003564   0x0000001c   Code   RO          681    i._mutex_release    rtx_conf_cm.o
    0x08003580   0x00000030   Code   RO         4671    i.dbg_init          RTX_CM3.lib(hal_cm.o)
    0x080035b0   0x00000020   Code   RO         4672    i.dbg_task_notify   RTX_CM3.lib(hal_cm.o)
    0x080035d0   0x00000010   Code   RO         4673    i.dbg_task_switch   RTX_CM3.lib(hal_cm.o)
    0x080035e0   0x0000004c   Code   RO          229    i.delay_us          delay.o
    0x0800362c   0x00000204   Code   RO          258    i.getKey            key&tips.o
    0x08003830   0x0000002a   Code   RO         3527    i.isrMessageGet     RTX_CM3.lib(rt_cmsis.o)
    0x0800385a   0x0000002c   Code   RO         3528    i.isrMessagePut     RTX_CM3.lib(rt_cmsis.o)
    0x08003886   0x00000002   PAD
    0x08003888   0x00000056   Code   RO         4473    i.isr_mbx_receive   RTX_CM3.lib(rt_mailbox.o)
    0x080038de   0x0000000e   Code   RO         4474    i.isr_mbx_send      RTX_CM3.lib(rt_mailbox.o)
    0x080038ec   0x0000002c   Code   RO          259    i.keyInit           key&tips.o
    0x08003918   0x0000002c   Code   RO          260    i.keyScan           key&tips.o
    0x08003944   0x00000018   Code   RO          261    i.keyTest           key&tips.o
    0x0800395c   0x000004f0   Code   RO          262    i.keyTest_Thread    key&tips.o
    0x08003e4c   0x00000018   Code   RO            4    i.main              usrmain.o
    0x08003e64   0x00000002   Code   RO          348    i.myUSART_callback  wirelesstrans_usart2.o
    0x08003e66   0x00000002   PAD
    0x08003e68   0x00000018   Code   RO         3531    i.osDelay           RTX_CM3.lib(rt_cmsis.o)
    0x08003e80   0x00000024   Code   RO         3532    i.osKernelInitialize  RTX_CM3.lib(rt_cmsis.o)
    0x08003ea4   0x0000006c   Code   RO         3534    i.osKernelStart     RTX_CM3.lib(rt_cmsis.o)
    0x08003f10   0x00000018   Code   RO         3535    i.osKernelSysTick   RTX_CM3.lib(rt_cmsis.o)
    0x08003f28   0x00000018   Code   RO         3543    i.osMessageGet      RTX_CM3.lib(rt_cmsis.o)
    0x08003f40   0x0000002c   Code   RO         3545    i.osMutexCreate     RTX_CM3.lib(rt_cmsis.o)
    0x08003f6c   0x00000018   Code   RO         3547    i.osMutexRelease    RTX_CM3.lib(rt_cmsis.o)
    0x08003f84   0x0000002c   Code   RO         3560    i.osThreadCreate    RTX_CM3.lib(rt_cmsis.o)
    0x08003fb0   0x00000018   Code   RO         3561    i.osThreadExit      RTX_CM3.lib(rt_cmsis.o)
    0x08003fc8   0x0000000c   Code   RO         3567    i.osTimerCall       RTX_CM3.lib(rt_cmsis.o)
    0x08003fd4   0x0000002c   Code   RO         3572    i.osTimerThread     RTX_CM3.lib(rt_cmsis.o)
    0x08004000   0x00000022   Code   RO          682    i.os_error          rtx_conf_cm.o
    0x08004022   0x00000004   Code   RO          683    i.os_idle_demon     rtx_conf_cm.o
    0x08004026   0x00000002   PAD
    0x08004028   0x00000028   Code   RO         4265    i.os_tick_init      RTX_CM3.lib(rt_system.o)
    0x08004050   0x00000002   Code   RO         4266    i.os_tick_irqack    RTX_CM3.lib(rt_system.o)
    0x08004052   0x00000002   PAD
    0x08004054   0x00000010   Code   RO         4267    i.os_tick_ovf       RTX_CM3.lib(rt_system.o)
    0x08004064   0x00000014   Code   RO         4268    i.os_tick_val       RTX_CM3.lib(rt_system.o)
    0x08004078   0x0000001a   Code   RO         4619    i.rt_alloc_box      RTX_CM3.lib(rt_membox.o)
    0x08004092   0x0000003e   Code   RO         4647    i.rt_alloc_mem      RTX_CM3.lib(rt_memory.o)
    0x080040d0   0x00000038   Code   RO         4146    i.rt_block          RTX_CM3.lib(rt_task.o)
    0x08004108   0x00000048   Code   RO         4596    i.rt_chk_robin      RTX_CM3.lib(rt_robin.o)
    0x08004150   0x00000070   Code   RO         4397    i.rt_dec_dly        RTX_CM3.lib(rt_list.o)
    0x080041c0   0x00000044   Code   RO         4147    i.rt_dispatch       RTX_CM3.lib(rt_task.o)
    0x08004204   0x00000006   Code   RO         4563    i.rt_dly_wait       RTX_CM3.lib(rt_time.o)
    0x0800420a   0x00000002   PAD
    0x0800420c   0x00000050   Code   RO         4358    i.rt_evt_psh        RTX_CM3.lib(rt_event.o)
    0x0800425c   0x0000002c   Code   RO         4620    i.rt_free_box       RTX_CM3.lib(rt_membox.o)
    0x08004288   0x00000028   Code   RO         4648    i.rt_free_mem       RTX_CM3.lib(rt_memory.o)
    0x080042b0   0x00000028   Code   RO         4398    i.rt_get_first      RTX_CM3.lib(rt_list.o)
    0x080042d8   0x00000008   Code   RO         3577    i.rt_id2obj         RTX_CM3.lib(rt_cmsis.o)
    0x080042e0   0x00000048   Code   RO         4148    i.rt_init_context   RTX_CM3.lib(rt_task.o)
    0x08004328   0x0000001a   Code   RO         4649    i.rt_init_mem       RTX_CM3.lib(rt_memory.o)
    0x08004342   0x00000002   PAD
    0x08004344   0x00000018   Code   RO         4597    i.rt_init_robin     RTX_CM3.lib(rt_robin.o)
    0x0800435c   0x00000080   Code   RO         4674    i.rt_init_stack     RTX_CM3.lib(hal_cm.o)
    0x080043dc   0x00000008   Code   RO         4475    i.rt_mbx_check      RTX_CM3.lib(rt_mailbox.o)
    0x080043e4   0x0000001a   Code   RO         4476    i.rt_mbx_init       RTX_CM3.lib(rt_mailbox.o)
    0x080043fe   0x00000002   PAD
    0x08004400   0x000000f0   Code   RO         4477    i.rt_mbx_psh        RTX_CM3.lib(rt_mailbox.o)
    0x080044f0   0x000000b4   Code   RO         4479    i.rt_mbx_wait       RTX_CM3.lib(rt_mailbox.o)
    0x080045a4   0x00000044   Code   RO         3578    i.rt_ms2tick        RTX_CM3.lib(rt_cmsis.o)
    0x080045e8   0x00000010   Code   RO         4231    i.rt_mut_init       RTX_CM3.lib(rt_mutex.o)
    0x080045f8   0x000000d8   Code   RO         4232    i.rt_mut_release    RTX_CM3.lib(rt_mutex.o)
    0x080046d0   0x00000078   Code   RO         4233    i.rt_mut_wait       RTX_CM3.lib(rt_mutex.o)
    0x08004748   0x0000007c   Code   RO         4269    i.rt_pop_req        RTX_CM3.lib(rt_system.o)
    0x080047c4   0x00000020   Code   RO         4270    i.rt_psh_req        RTX_CM3.lib(rt_system.o)
    0x080047e4   0x0000005c   Code   RO         4400    i.rt_psq_enq        RTX_CM3.lib(rt_list.o)
    0x08004840   0x00000048   Code   RO         4401    i.rt_put_dly        RTX_CM3.lib(rt_list.o)
    0x08004888   0x00000036   Code   RO         4402    i.rt_put_prio       RTX_CM3.lib(rt_list.o)
    0x080048be   0x00000002   PAD
    0x080048c0   0x00000014   Code   RO         4403    i.rt_put_rdy_first  RTX_CM3.lib(rt_list.o)
    0x080048d4   0x00000034   Code   RO         4404    i.rt_resort_prio    RTX_CM3.lib(rt_list.o)
    0x08004908   0x00000006   Code   RO         4675    i.rt_ret_val        RTX_CM3.lib(hal_cm.o)
    0x0800490e   0x00000008   Code   RO         4676    i.rt_ret_val2       RTX_CM3.lib(hal_cm.o)
    0x08004916   0x00000028   Code   RO         4405    i.rt_rmv_dly        RTX_CM3.lib(rt_list.o)
    0x0800493e   0x00000002   PAD
    0x08004940   0x00000030   Code   RO         4406    i.rt_rmv_list       RTX_CM3.lib(rt_list.o)
    0x08004970   0x00000034   Code   RO         4524    i.rt_sem_psh        RTX_CM3.lib(rt_semaphore.o)
    0x080049a4   0x00000024   Code   RO         4272    i.rt_stk_check      RTX_CM3.lib(rt_system.o)
    0x080049c8   0x00000028   Code   RO         4149    i.rt_switch_req     RTX_CM3.lib(rt_task.o)
    0x080049f0   0x000000cc   Code   RO         4150    i.rt_sys_init       RTX_CM3.lib(rt_task.o)
    0x08004abc   0x00000078   Code   RO         4151    i.rt_sys_start      RTX_CM3.lib(rt_task.o)
    0x08004b34   0x00000040   Code   RO         4274    i.rt_systick        RTX_CM3.lib(rt_system.o)
    0x08004b74   0x00000012   Code   RO         3579    i.rt_tid2ptcb       RTX_CM3.lib(rt_cmsis.o)
    0x08004b86   0x00000002   PAD
    0x08004b88   0x00000034   Code   RO         3580    i.rt_timer_insert   RTX_CM3.lib(rt_cmsis.o)
    0x08004bbc   0x00000088   Code   RO         4152    i.rt_tsk_create     RTX_CM3.lib(rt_task.o)
    0x08004c44   0x0000017c   Code   RO         4153    i.rt_tsk_delete     RTX_CM3.lib(rt_task.o)
    0x08004dc0   0x0000007c   Code   RO         4155    i.rt_tsk_prio       RTX_CM3.lib(rt_task.o)
    0x08004e3c   0x00000010   Code   RO         4156    i.rt_tsk_self       RTX_CM3.lib(rt_task.o)
    0x08004e4c   0x00000012   Code   RO         3582    i.svcDelay          RTX_CM3.lib(rt_cmsis.o)
    0x08004e5e   0x00000002   PAD
    0x08004e60   0x00000070   Code   RO         3583    i.svcKernelInitialize  RTX_CM3.lib(rt_cmsis.o)
    0x08004ed0   0x00000048   Code   RO         3585    i.svcKernelStart    RTX_CM3.lib(rt_cmsis.o)
    0x08004f18   0x00000038   Code   RO         3586    i.svcKernelSysTick  RTX_CM3.lib(rt_cmsis.o)
    0x08004f50   0x00000024   Code   RO         3588    i.svcMessageCreate  RTX_CM3.lib(rt_cmsis.o)
    0x08004f74   0x0000003a   Code   RO         3589    i.svcMessageGet     RTX_CM3.lib(rt_cmsis.o)
    0x08004fae   0x0000001c   Code   RO         3591    i.svcMutexCreate    RTX_CM3.lib(rt_cmsis.o)
    0x08004fca   0x00000022   Code   RO         3593    i.svcMutexRelease   RTX_CM3.lib(rt_cmsis.o)
    0x08004fec   0x0000006c   Code   RO         3603    i.svcThreadCreate   RTX_CM3.lib(rt_cmsis.o)
    0x08005058   0x0000001c   Code   RO         3604    i.svcThreadGetId    RTX_CM3.lib(rt_cmsis.o)
    0x08005074   0x00000038   Code   RO         3607    i.svcThreadTerminate  RTX_CM3.lib(rt_cmsis.o)
    0x080050ac   0x00000018   Code   RO         3609    i.svcTimerCall      RTX_CM3.lib(rt_cmsis.o)
    0x080050c4   0x0000005c   Code   RO         3618    i.sysTimerTick      RTX_CM3.lib(rt_cmsis.o)
    0x08005120   0x00000034   Code   RO          180    i.testInit          test.o
    0x08005154   0x00000010   Data   RO          263    .constdata          key&tips.o
    0x08005164   0x00000032   Data   RO          350    .constdata          wirelesstrans_usart2.o
    0x08005196   0x000010fe   Data   RO          417    .constdata          gui_1.44.o
    0x08006294   0x00000010   Data   RO          560    .constdata          lcd_1.44.o
    0x080062a4   0x00000068   Data   RO          685    .constdata          rtx_conf_cm.o
    0x0800630c   0x00000104   Data   RO         1014    .constdata          usart_stm32f10x.o
    0x08006410   0x0000001b   Data   RO          351    .conststring        wirelesstrans_usart2.o
    0x0800642b   0x00000001   PAD
    0x0800642c   0x00000020   Data   RO         4914    Region$$Table       anon$$obj.o


    Execution Region RW_IRAM1 (Base: 0x20000000, Size: 0x00002510, Max: 0x0000c000, ABSOLUTE)

    Base Addr    Size         Type   Attr      Idx    E Section Name        Object

    0x20000000   0x00000001   Data   RW          230    .data               delay.o
    0x20000001   0x00000003   PAD
    0x20000004   0x00000019   Data   RW          264    .data               key&tips.o
    0x2000001d   0x00000003   PAD
    0x20000020   0x0000000c   Data   RW          352    .data               wirelesstrans_usart2.o
    0x2000002c   0x0000000a   Data   RW          561    .data               lcd_1.44.o
    0x20000036   0x00000002   PAD
    0x20000038   0x00000014   Data   RW          686    .data               rtx_conf_cm.o
    0x2000004c   0x00000010   Data   RW          775    .data               can_stm32f10x.o
    0x2000005c   0x00000014   Data   RW         2134    .data               stm32f10x_rcc.o
    0x20000070   0x00000008   Data   RW         3621    .data               RTX_CM3.lib(rt_cmsis.o)
    0x20000078   0x00000008   Data   RW         4158    .data               RTX_CM3.lib(rt_task.o)
    0x20000080   0x00000008   Data   RW         4277    .data               RTX_CM3.lib(rt_system.o)
    0x20000088   0x00000004   Data   RW         4567    .data               RTX_CM3.lib(rt_time.o)
    0x2000008c   0x00000008   Data   RW         4598    .data               RTX_CM3.lib(rt_robin.o)
    0x20000094   0x00000001   Data   RW         4677    .data               RTX_CM3.lib(hal_cm.o)
    0x20000095   0x00000003   PAD
    0x20000098   0x00000010   Zero   RW          349    .bss                wirelesstrans_usart2.o
    0x200000a8   0x0000000e   Zero   RW          559    .bss                lcd_1.44.o
    0x200000b6   0x00000002   PAD
    0x200000b8   0x00001d20   Zero   RW          684    .bss                rtx_conf_cm.o
    0x20001dd8   0x00000070   Zero   RW         1013    .bss                usart_stm32f10x.o
    0x20001e48   0x00000034   Zero   RW         4157    .bss                RTX_CM3.lib(rt_task.o)
    0x20001e7c   0x00000030   Zero   RW         4407    .bss                RTX_CM3.lib(rt_list.o)
    0x20001eac   0x00000060   Zero   RW         4735    .bss                c_w.l(libspace.o)
    0x20001f0c   0x00000004   PAD
    0x20001f10   0x00000200   Zero   RW         3472    HEAP                startup_stm32f10x_hd.o
    0x20002110   0x00000400   Zero   RW         3471    STACK               startup_stm32f10x_hd.o


==============================================================================

Image component sizes


      Code (inc. data)   RO Data    RW Data    ZI Data      Debug   Object Name

        96         12          0          0          0        984   beep.o
        52          0          0          0          0        834   bsp.o
       900         60          0         16          0      12531   can_stm32f10x.o
        76          6          0          1          0        771   delay.o
       368         50          0          0          0      12235   dma_stm32f10x.o
       744         76          0          0          0       3409   gpio_stm32f10x.o
      1612         68       4350          0          0       7675   gui_1.44.o
      1892        398         16         25          0       4432   key&tips.o
      1520        190         16         10         14      11603   lcd_1.44.o
       126         26        104         20       7456       9227   rtx_conf_cm.o
        64         26        304          0       1536        828   startup_stm32f10x_hd.o
       310          0          0          0          0       3983   stm32f10x_gpio.o
       276         32          0         20          0       4666   stm32f10x_rcc.o
        84          0          0          0          0       2317   stm32f10x_spi.o
       240          6          0          0          0       3037   stm32f10x_usart.o
       328         28          0          0          0       2025   system_stm32f10x.o
        52          4          0          0          0        471   test.o
      5240        252        260          0        112      63648   usart_stm32f10x.o
        24          0          0          0          0     249837   usrmain.o
       382         86         77         12         16       3893   wirelesstrans_usart2.o

    ----------------------------------------------------------------------
     14420       1320       5160        112       9136     398406   Object Totals
         0          0         32          0          0          0   (incl. Generated)
        34          0          1          8          2          0   (incl. Padding)

    ----------------------------------------------------------------------

      Code (inc. data)   RO Data    RW Data    ZI Data      Debug   Library Member Name

       238         24          0          1          0       3312   hal_cm.o
       304         36          0          0          0        768   hal_cm3.o
      1362        174          0          8          0      36494   rt_cmsis.o
        80          4          0          0          0        661   rt_event.o
       530         34          0          0         48       8253   rt_list.o
       554         10          0          0          0       3949   rt_mailbox.o
       140          0          0          0          0       1925   rt_membox.o
       128          0          0          0          0       2307   rt_memory.o
       352         14          0          0          0       2105   rt_mutex.o
        96         22          0          8          0       1158   rt_robin.o
        52          4          0          0          0        573   rt_semaphore.o
       334         64          0          8          0       7091   rt_system.o
      1216        174          0          8         52       9649   rt_task.o
         6          0          0          4          0        652   rt_time.o
         4          4          0          0          0        208   svc_table.o
         8          0          0          0          0         68   __main.o
         0          0          0          0          0          0   __rtentry.o
        20          0          0          0          0          0   __rtentry2.o
         6          0          0          0          0          0   __rtentry4.o
        52          8          0          0          0          0   __scatter.o
        26          0          0          0          0          0   __scatter_copy.o
        28          0          0          0          0          0   __scatter_zi.o
        18          0          0          0          0         80   exit.o
         6          0          0          0          0        152   heapauxi.o
         0          0          0          0          0          0   indicate_semi.o
         2          0          0          0          0          0   libinit.o
         2          0          0          0          0          0   libinit2.o
         2          0          0          0          0          0   libshutdown.o
         2          0          0          0          0          0   libshutdown2.o
         8          4          0          0         96         68   libspace.o
        78          0          0          0          0         80   rt_memclr_w.o
       100          0          0          0          0         80   rt_memcpy_w.o
         2          0          0          0          0          0   rtexit.o
        10          0          0          0          0          0   rtexit2.o
        24          0          0          0          0         68   strcat.o
       128          0          0          0          0         68   strcmpv7m.o
        62          0          0          0          0         76   strlen.o
        12          4          0          0          0         68   sys_exit.o
        74          0          0          0          0         80   sys_stackheap_outer.o
         2          0          0          0          0         68   use_no_semi.o

    ----------------------------------------------------------------------
      6096        580          0         40        200      80061   Library Totals
        28          0          0          3          4          0   (incl. Padding)

    ----------------------------------------------------------------------

      Code (inc. data)   RO Data    RW Data    ZI Data      Debug   Library Name

      5396        564          0         37        100      79105   RTX_CM3.lib
       672         16          0          0         96        956   c_w.l

    ----------------------------------------------------------------------
      6096        580          0         40        200      80061   Library Totals

    ----------------------------------------------------------------------

==============================================================================


      Code (inc. data)   RO Data    RW Data    ZI Data      Debug   

     20516       1900       5160        152       9336     467231   Grand Totals
     20516       1900       5160        152       9336     467231   ELF Image Totals
     20516       1900       5160        152          0          0   ROM Totals

==============================================================================

    Total RO  Size (Code + RO Data)                25676 (  25.07kB)
    Total RW  Size (RW Data + ZI Data)              9488 (   9.27kB)
    Total ROM Size (Code + RO Data + RW Data)      25828 (  25.22kB)

==============================================================================

