Component: ARM Compiler 5.06 update 1 (build 61) Tool: armlink [4d35a8]

==============================================================================

Section Cross References

    usrmain.o(i.main) refers to rt_cmsis.o(i.osKernelInitialize) for osKernelInitialize
    usrmain.o(i.main) refers to bsp.o(i.BSP_Init) for BSP_Init
    usrmain.o(i.main) refers to bsp.o(i.BSP_SetOFF) for BSP_SetOFF
    usrmain.o(i.main) refers to rt_cmsis.o(i.osKernelStart) for osKernelStart
    bsp.o(i.BSP_Init) refers to delay.o(i.bsp_delayinit) for bsp_delayinit
    bsp.o(i.BSP_Init) refers to test.o(i.testInit) for testInit
    bsp.o(i.BSP_Init) refers to wirelesstrans_usart.o(i.USART1Init1) for USART1Init1
    bsp.o(i.BSP_Init) refers to wirelesstrans_usart.o(i.USART1Init2) for USART1Init2
    bsp.o(i.BSP_Init) refers to wirelesstrans_usart.o(i.USART2Init1) for USART2Init1
    bsp.o(i.BSP_Init) refers to wirelesstrans_usart.o(i.USART2Init2) for USART2Init2
    bsp.o(i.BSP_Init) refers to key&tips.o(i.keyInit) for keyInit
    bsp.o(i.BSP_Init) refers to beep.o(i.BEEP_Init) for BEEP_Init
    bsp.o(i.BSP_Init) refers to lcd_1.44.o(i.LCD144_Init) for LCD144_Init
    bsp.o(i.BSP_Init) refers to syssupport.o(i.mutexUSART1_Active) for mutexUSART1_Active
    bsp.o(i.BSP_Init) refers to bsp.o(.data) for moudleInitForm
    bsp.o(i.BSP_SetOFF) refers to wirelesstrans_usart.o(i.USART1Debug) for USART1Debug
    bsp.o(i.BSP_SetOFF) refers to wirelesstrans_usart.o(i.USART2Trans) for USART2Trans
    bsp.o(i.BSP_SetOFF) refers to key&tips.o(i.keyTest) for keyTest
    bsp.o(i.BSP_SetOFF) refers to lcd_1.44.o(i.LCD_144_test) for LCD_144_test
    bsp.o(i.BSP_SetOFF) refers to bsp.o(.data) for moudleTestForm
    bsp.o(.data) refers to keyboard.o(i.KeyBoardMS) for KeyBoardMS
    bsp.o(.data) refers to rc522_function.o(i.RC522) for RC522
    bsp.o(.data) refers to ld3320.o(i.Phonetics) for Phonetics
    bsp.o(.data) refers to sensorsim.o(i.SensorSIMMS) for SensorSIMMS
    bsp.o(.data) refers to tsl2561.o(i.TSL2561MS) for TSL2561MS
    bsp.o(.data) refers to contentco2.o(i.contentCO2MS) for contentCO2MS
    bsp.o(.data) refers to sensor_rt.o(i.RTMS) for RTMS
    bsp.o(.data) refers to sensor_rain.o(i.RAINMS) for RAINMS
    bsp.o(.data) refers to sht11.o(i.SHT11MS) for SHT11MS
    bsp.o(.data) refers to bmp180.o(i.BMP180MS) for BMP180MS
    bsp.o(.data) refers to windspeed.o(i.windSpeedMS) for windSpeedMS
    bsp.o(.data) refers to led_array.o(i.LEDArrayCM) for LEDArrayCM
    bsp.o(.data) refers to soilhum.o(i.soilHumMS) for soilHumMS
    bsp.o(.data) refers to ledspray.o(i.LEDSpray) for LEDSpray
    bsp.o(.data) refers to exair.o(i.exAir) for exAir
    bsp.o(.data) refers to airwarming.o(i.airWarming) for airWarming
    bsp.o(.data) refers to ledgrow.o(i.LEDGrow) for LEDGrow
    bsp.o(.data) refers to sourcetog.o(i.SourceTogCM) for SourceTogCM
    bsp.o(.data) refers to keyboard.o(i.keyBoard_Init) for keyBoard_Init
    bsp.o(.data) refers to rc522_config.o(i.RC522_Init) for RC522_Init
    bsp.o(.data) refers to ld3320.o(i.Phonetics_Init) for Phonetics_Init
    bsp.o(.data) refers to sensorsim.o(i.SensorSIM_Init) for SensorSIM_Init
    bsp.o(.data) refers to tsl2561.o(i.TSL2561_Init) for TSL2561_Init
    bsp.o(.data) refers to contentco2.o(i.contentCO2_Init) for contentCO2_Init
    bsp.o(.data) refers to sensor_rt.o(i.RT_Init) for RT_Init
    bsp.o(.data) refers to sensor_rain.o(i.RAIN_Init) for RAIN_Init
    bsp.o(.data) refers to sht11.o(i.SHT11_Init) for SHT11_Init
    bsp.o(.data) refers to bmp180.o(i.BMP180_Init) for BMP180_Init
    bsp.o(.data) refers to windspeed.o(i.windSpeed_Init) for windSpeed_Init
    bsp.o(.data) refers to led_array.o(i.LEDArray_Init) for LEDArray_Init
    bsp.o(.data) refers to soilhum.o(i.soilHum_Init) for soilHum_Init
    bsp.o(.data) refers to ledspray.o(i.LEDSpray_Init) for LEDSpray_Init
    bsp.o(.data) refers to exair.o(i.exAir_Init) for exAir_Init
    bsp.o(.data) refers to airwarming.o(i.airWarming_Init) for airWarming_Init
    bsp.o(.data) refers to ledgrow.o(i.LEDGrow_Init) for LEDGrow_Init
    bsp.o(.data) refers to sourcetog.o(i.SourceTog_Init) for SourceTog_Init
    syssupport.o(i.mutexUSART1_Active) refers to rt_cmsis.o(i.osMutexCreate) for osMutexCreate
    syssupport.o(i.mutexUSART1_Active) refers to syssupport.o(.constdata) for os_mutex_def_uart1_mutex
    syssupport.o(i.mutexUSART1_Active) refers to syssupport.o(.data) for uart1_mutex_id
    syssupport.o(.constdata) refers to syssupport.o(.bss) for os_mutex_cb_uart1_mutex
    delay.o(i.delay_us) refers to system_stm32f10x.o(.data) for SystemCoreClock
    test.o(i.LEDTest) refers to test.o(i.testInit) for testInit
    test.o(i.LEDTest) refers to rt_cmsis.o(i.osThreadCreate) for osThreadCreate
    test.o(i.LEDTest) refers to test.o(.constdata) for os_thread_def_Task0
    test.o(i.LEDTest) refers to test.o(.data) for tid1
    test.o(i.TTask0) refers to stm32f10x_gpio.o(i.GPIO_WriteBit) for GPIO_WriteBit
[...]
    Region$$Table$$Limit                     0x08011858   Number         0  anon$$obj.o(Region$$Table)
    moudleTestForm                           0x20000000   Data          80  bsp.o(.data)
    moudleInitForm                           0x20000050   Data          80  bsp.o(.data)
    uart1_mutex_id                           0x200000a0   Data           4  syssupport.o(.data)
    tid_keyTest_Thread                       0x200000a4   Data           4  key&tips.o(.data)
    TX_RSQ                                   0x200000c0   Data           1  wirelesstrans_usart.o(.data)
    TestCMD                                  0x200000c4   Data           4  wirelesstrans_usart.o(.data)
    TestREP                                  0x200000c8   Data           4  wirelesstrans_usart.o(.data)
    tid_USART1Debug_Thread                   0x200000cc   Data           4  wirelesstrans_usart.o(.data)
    tid_USART2Trans_Thread                   0x200000d0   Data           4  wirelesstrans_usart.o(.data)
    tid_LCD144Test_Thread                    0x200000d4   Data           4  lcd_1.44.o(.data)
    POINT_COLOR                              0x200000d8   Data           2  lcd_1.44.o(.data)
    BACK_COLOR                               0x200000da   Data           2  lcd_1.44.o(.data)
    DeviceCode                               0x200000dc   Data           2  lcd_1.44.o(.data)
    DispLAattr                               0x200000e4   Data           1  led_array.o(.data)
    tid_LEDArrayCM_Thread                    0x200000e8   Data           4  led_array.o(.data)
    tick                                     0x200000f0   Data           1  sht11.o(.data)
    m_error                                  0x200000f1   Data           1  sht11.o(.data)
    m_temperature                            0x200000f2   Data           2  sht11.o(.data)
    m_humidity                               0x200000f4   Data           2  sht11.o(.data)
    m_checksum                               0x200000f6   Data           1  sht11.o(.data)
    p_value                                  0x200000f8   Data           4  sht11.o(.data)
    SHT11_hum                                0x200000fc   Data           4  sht11.o(.data)
    SHT11_temp                               0x20000100   Data           4  sht11.o(.data)
    tid_SHT11MS_Thread                       0x20000104   Data           4  sht11.o(.data)
    tid_TSL2561MS_Thread                     0x20000108   Data           4  tsl2561.o(.data)
    Data0_L                                  0x2000010c   Data           1  tsl2561.o(.data)
    Data0_H                                  0x2000010d   Data           1  tsl2561.o(.data)
    Data1_L                                  0x2000010e   Data           1  tsl2561.o(.data)
    Data1_H                                  0x2000010f   Data           1  tsl2561.o(.data)
    Channel0                                 0x20000110   Data           2  tsl2561.o(.data)
    Channel1                                 0x20000112   Data           2  tsl2561.o(.data)
    LUXValue                                 0x20000114   Data           4  tsl2561.o(.data)
    result_UT                                0x20000118   Data           4  bmp180.o(.data)
    result_UP                                0x2000011c   Data           4  bmp180.o(.data)
    result_UA                                0x20000120   Data           4  bmp180.o(.data)
    ac1                                      0x20000124   Data           2  bmp180.o(.data)
    ac2                                      0x20000126   Data           2  bmp180.o(.data)
    ac3                                      0x20000128   Data           2  bmp180.o(.data)
    ac4                                      0x2000012a   Data           2  bmp180.o(.data)
    ac5                                      0x2000012c   Data           2  bmp180.o(.data)
    ac6                                      0x2000012e   Data           2  bmp180.o(.data)
    b1                                       0x20000130   Data           2  bmp180.o(.data)
    b2                                       0x20000132   Data           2  bmp180.o(.data)
    mb                                       0x20000134   Data           2  bmp180.o(.data)
    mc                                       0x20000136   Data           2  bmp180.o(.data)
    md                                       0x20000138   Data           2  bmp180.o(.data)
    tid_BMP180MS_Thread                      0x2000013c   Data           4  bmp180.o(.data)
    valAnalog                                0x20000140   Data           1  sensorsim.o(.data)
    valDigital                               0x20000141   Data           1  sensorsim.o(.data)
    tid_SenSimMS_Thread                      0x20000144   Data           4  sensorsim.o(.data)
    valKeyBoard                              0x20000148   Data           1  keyboard.o(.data)
    valKeyBoard_scan                         0x20000149   Data           1  keyboard.o(.data)
    key                                      0x2000014a   Data           1  keyboard.o(.data)
    tid_KeyBoardMS_Thread                    0x2000014c   Data           4  keyboard.o(.data)
    isSomeone                                0x20000150   Data           1  sensor_rt.o(.data)
    tid_RTMS_Thread                          0x20000154   Data           4  sensor_rt.o(.data)
    isRain                                   0x20000158   Data           1  sensor_rain.o(.data)
    tid_RAINMS_Thread                        0x2000015c   Data           4  sensor_rain.o(.data)
    RC522IDBUF                               0x20000160   Data           4  rc522_function.o(.data)
    tid_RC522MS_Thread                       0x20000164   Data           4  rc522_function.o(.data)
    valwindSpeed                             0x20000168   Data           8  windspeed.o(.data)
    tid_windSpeedMS_Thread                   0x20000170   Data           4  windspeed.o(.data)
    valcontentCO2                            0x20000174   Data           4  contentco2.o(.data)
    tid_contentCO2MS_Thread                  0x20000178   Data           4  contentco2.o(.data)
    valsoilHum                               0x2000017c   Data           4  soilhum.o(.data)
    tid_soilHumMS_Thread                     0x20000180   Data           4  soilhum.o(.data)
    tid_PhoneticsMS_Thread                   0x20000184   Data           4  ld3320.o(.data)
    phoneticsNUM                             0x20000188   Data           1  ld3320.o(.data)
    nAsrStatus                               0x20000189   Data           1  ld3320.o(.data)
    nLD_Mode                                 0x2000018a   Data           1  ld3320chip.o(.data)
    ucRegVal                                 0x2000018b   Data           1  ld3320chip.o(.data)
    SW_SPY                                   0x2000018c   Data           1  ledspray.o(.data)
    SW_PST                                   0x2000018d   Data           1  ledspray.o(.data)
    USRKspyTX_FLG                            0x2000018e   Data           1  ledspray.o(.data)
    USRKspyRX_FLG                            0x2000018f   Data           1  ledspray.o(.data)
    SW_STATUS                                0x20000190   Data           2  ledspray.o(.data)
    tid_LEDSprayCM_Thread                    0x20000194   Data           4  ledspray.o(.data)
    tid_LEDSprayCM_DB_Thread                 0x20000198   Data           4  ledspray.o(.data)
    tid_flash_SPY_Thread                     0x2000019c   Data           4  ledspray.o(.data)
    tid_flash_PST_Thread                     0x200001a0   Data           4  ledspray.o(.data)
    PWM_ledGRW                               0x200001a8   Data           2  ledgrow.o(.data)
    USRKgrwTX_FLG                            0x200001aa   Data           1  ledgrow.o(.data)
    USRKgrwRX_FLG                            0x200001ab   Data           1  ledgrow.o(.data)
    tid_LEDGrowCM_Thread                     0x200001ac   Data           4  ledgrow.o(.data)
    tid_LEDGrowCM_DB_Thread                  0x200001b0   Data           4  ledgrow.o(.data)
    PWM_exAir                                0x200001b8   Data           2  exair.o(.data)
    USRKexaTX_FLG                            0x200001ba   Data           1  exair.o(.data)
    USRKexaRX_FLG                            0x200001bb   Data           1  exair.o(.data)
    tid_exAirCM_Thread                       0x200001bc   Data           4  exair.o(.data)
    tid_exAirCM_DB_Thread                    0x200001c0   Data           4  exair.o(.data)
    valDS18B20                               0x200001c8   Data           4  airwarming.o(.data)
    SW_airWarming                            0x200001cc   Data           1  airwarming.o(.data)
    AWM_STATUS                               0x200001cd   Data           1  airwarming.o(.data)
    USRKawmTX_FLG                            0x200001ce   Data           1  airwarming.o(.data)
    USRKawmRX_FLG                            0x200001cf   Data           1  airwarming.o(.data)
    tid_airWarmingCM_Thread                  0x200001d0   Data           4  airwarming.o(.data)
    valVoltage                               0x200001d8   Data           4  sourcetog.o(.data)
    SOURCE_TYPE                              0x200001dc   Data           1  sourcetog.o(.data)
    USRKpowTX_FLG                            0x200001dd   Data           1  sourcetog.o(.data)
    USRKpowexaRX_FLG                         0x200001de   Data           1  sourcetog.o(.data)
    tid_SouTogCM_Thread                      0x200001e0   Data           4  sourcetog.o(.data)
    tid_PowDetect_Thread                     0x200001e4   Data           4  sourcetog.o(.data)
    osThreadId_osTimerThread                 0x200001e8   Data           4  rtx_conf_cm.o(.data)
    osMessageQId_osTimerMessageQ             0x200001ec   Data           4  rtx_conf_cm.o(.data)
    os_tmr                                   0x200001f0   Data           4  rtx_conf_cm.o(.data)
    m_tmr                                    0x200001f4   Data           4  rtx_conf_cm.o(.data)
    SystemCoreClock                          0x20000220   Data           4  system_stm32f10x.o(.data)
    AHBPrescTable                            0x20000224   Data          16  system_stm32f10x.o(.data)
    os_initialized                           0x20000234   Data           1  rt_cmsis.o(.data)
    os_running                               0x20000235   Data           1  rt_cmsis.o(.data)
    os_timer_head                            0x20000238   Data           4  rt_cmsis.o(.data)
    os_tsk                                   0x2000023c   Data           8  rt_task.o(.data)
    os_tick_irqn                             0x20000248   Data           4  rt_system.o(.data)
    os_time                                  0x2000024c   Data           4  rt_time.o(.data)
    os_robin                                 0x20000250   Data           8  rt_robin.o(.data)
    dbg_msg                                  0x20000258   Data           1  hal_cm.o(.data)
    os_mutex_cb_uart1_mutex                  0x2000025c   Data          16  syssupport.o(.bss)
    FRAME_TX                                 0x2000026c   Data          24  wirelesstrans_usart.o(.bss)
    FRAME_RX                                 0x20000284   Data         100  wirelesstrans_usart.o(.bss)
    lcddev                                   0x200002e8   Data          14  lcd_1.44.o(.bss)
    DispLABuffer                             0x200002f8   Data         100  led_array.o(.bss)
    os_timer_cb_Tim_LAdisp                   0x2000035c   Data          24  led_array.o(.bss)
    DispBuffer                               0x20000374   Data         128  led_array.o(.bss)
    mp_tcb                                   0x200004c8   Data        1104  rtx_conf_cm.o(.bss)
    mp_stk                                   0x20000918   Data        4112  rtx_conf_cm.o(.bss)
    os_stack_mem                             0x20001928   Data       32384  rtx_conf_cm.o(.bss)
    os_fifo                                  0x200097a8   Data         196  rtx_conf_cm.o(.bss)
    os_active_TCB                            0x2000986c   Data          84  rtx_conf_cm.o(.bss)
    os_messageQ_q_osTimerMessageQ            0x200098c0   Data          32  rtx_conf_cm.o(.bss)
    os_idle_TCB                              0x2000a140   Data          52  rt_task.o(.bss)
    os_rdy                                   0x2000a174   Data          24  rt_list.o(.bss)
    os_dly                                   0x2000a18c   Data          24  rt_list.o(.bss)
    __libspace_start                         0x2000a1a4   Data          96  libspace.o(.bss)
    __temporary_stack_top$libspace           0x2000a204   Data           0  libspace.o(.bss)



==============================================================================

Memory Map of the image

  Image Entry point : 0x08000131

  Load Region LR_IROM1 (Base: 0x08000000, Size: 0x00011ad0, Max: 0x00040000, ABSOLUTE, COMPRESSED[0x00011940])

    Execution Region ER_IROM1 (Base: 0x08000000, Size: 0x00011874, Max: 0x00040000, ABSOLUTE)

    Base Addr    Size         Type   Attr      Idx    E Section Name        Object

    0x08000000   0x00000130   Data   RO         5574    RESET               startup_stm32f10x_hd.o
    0x08000130   0x00000008   Code   RO         6912  * !!!main             c_w.l(__main.o)
    0x08000138   0x00000034   Code   RO         7250    !!!scatter          c_w.l(__scatter.o)
    0x0800016c   0x0000005a   Code   RO         7248    !!dczerorl2         c_w.l(__dczerorl2.o)
    0x080001c6   0x00000002   PAD
    0x080001c8   0x0000001c   Code   RO         7252    !!handler_zi        c_w.l(__scatter_zi.o)
    0x080001e4   0x00000000   Code   RO         6891    .ARM.Collect$$_printf_percent$$00000000  c_w.l(_printf_percent.o)
    0x080001e4   0x00000006   Code   RO         6890    .ARM.Collect$$_printf_percent$$00000003  c_w.l(_printf_f.o)
    0x080001ea   0x00000006   Code   RO         6889    .ARM.Collect$$_printf_percent$$00000009  c_w.l(_printf_d.o)
    0x080001f0   0x00000006   Code   RO         6888    .ARM.Collect$$_printf_percent$$0000000C  c_w.l(_printf_x.o)
    0x080001f6   0x00000004   Code   RO         6993    .ARM.Collect$$_printf_percent$$00000017  c_w.l(_printf_percent_end.o)
    0x080001fa   0x00000002   Code   RO         7130    .ARM.Collect$$libinit$$00000000  c_w.l(libinit.o)
    0x080001fc   0x00000000   Code   RO         7132    .ARM.Collect$$libinit$$00000002  c_w.l(libinit2.o)
    0x080001fc   0x00000000   Code   RO         7134    .ARM.Collect$$libinit$$00000004  c_w.l(libinit2.o)
    0x080001fc   0x00000000   Code   RO         7137    .ARM.Collect$$libinit$$0000000A  c_w.l(libinit2.o)
    0x080001fc   0x00000000   Code   RO         7139    .ARM.Collect$$libinit$$0000000C  c_w.l(libinit2.o)
    0x080001fc   0x00000000   Code   RO         7141    .ARM.Collect$$libinit$$0000000E  c_w.l(libinit2.o)
    0x080001fc   0x00000006   Code   RO         7142    .ARM.Collect$$libinit$$0000000F  c_w.l(libinit2.o)
    0x08000202   0x00000000   Code   RO         7144    .ARM.Collect$$libinit$$00000011  c_w.l(libinit2.o)
    0x08000202   0x00000000   Code   RO         7146    .ARM.Collect$$libinit$$00000013  c_w.l(libinit2.o)
    0x08000202   0x00000000   Code   RO         7148    .ARM.Collect$$libinit$$00000015  c_w.l(libinit2.o)
    0x08000202   0x0000000a   Code   RO         7149    .ARM.Collect$$libinit$$00000016  c_w.l(libinit2.o)
    0x0800020c   0x00000000   Code   RO         7150    .ARM.Collect$$libinit$$00000017  c_w.l(libinit2.o)
    0x0800020c   0x00000000   Code   RO         7152    .ARM.Collect$$libinit$$00000019  c_w.l(libinit2.o)
    0x0800020c   0x00000000   Code   RO         7154    .ARM.Collect$$libinit$$0000001B  c_w.l(libinit2.o)
    0x0800020c   0x00000000   Code   RO         7156    .ARM.Collect$$libinit$$0000001D  c_w.l(libinit2.o)
    0x0800020c   0x00000000   Code   RO         7158    .ARM.Collect$$libinit$$0000001F  c_w.l(libinit2.o)
    0x0800020c   0x00000000   Code   RO         7160    .ARM.Collect$$libinit$$00000021  c_w.l(libinit2.o)
    0x0800020c   0x00000000   Code   RO         7162    .ARM.Collect$$libinit$$00000023  c_w.l(libinit2.o)
    0x0800020c   0x00000000   Code   RO         7164    .ARM.Collect$$libinit$$00000025  c_w.l(libinit2.o)
    0x0800020c   0x00000000   Code   RO         7168    .ARM.Collect$$libinit$$0000002C  c_w.l(libinit2.o)
    0x0800020c   0x00000000   Code   RO         7170    .ARM.Collect$$libinit$$0000002E  c_w.l(libinit2.o)
    0x0800020c   0x00000000   Code   RO         7172    .ARM.Collect$$libinit$$00000030  c_w.l(libinit2.o)
    0x0800020c   0x00000000   Code   RO         7174    .ARM.Collect$$libinit$$00000032  c_w.l(libinit2.o)
    0x0800020c   0x00000002   Code   RO         7175    .ARM.Collect$$libinit$$00000033  c_w.l(libinit2.o)
    0x0800020e   0x00000002   Code   RO         7176    .ARM.Collect$$libshutdown$$00000000  c_w.l(libshutdown.o)
    0x08000210   0x00000000   Code   RO         7191    .ARM.Collect$$libshutdown$$00000002  c_w.l(libshutdown2.o)
    0x08000210   0x00000000   Code   RO         7193    .ARM.Collect$$libshutdown$$00000004  c_w.l(libshutdown2.o)
    0x08000210   0x00000000   Code   RO         7196    .ARM.Collect$$libshutdown$$00000007  c_w.l(libshutdown2.o)
    0x08000210   0x00000000   Code   RO         7199    .ARM.Collect$$libshutdown$$0000000A  c_w.l(libshutdown2.o)
    0x08000210   0x00000000   Code   RO         7201    .ARM.Collect$$libshutdown$$0000000C  c_w.l(libshutdown2.o)
    0x08000210   0x00000000   Code   RO         7204    .ARM.Collect$$libshutdown$$0000000F  c_w.l(libshutdown2.o)
    0x08000210   0x00000002   Code   RO         7205    .ARM.Collect$$libshutdown$$00000010  c_w.l(libshutdown2.o)
    0x08000212   0x00000000   Code   RO         6976    .ARM.Collect$$rtentry$$00000000  c_w.l(__rtentry.o)
    0x08000212   0x00000000   Code   RO         7037    .ARM.Collect$$rtentry$$00000002  c_w.l(__rtentry2.o)
    0x08000212   0x00000006   Code   RO         7049    .ARM.Collect$$rtentry$$00000004  c_w.l(__rtentry4.o)
    0x08000218   0x00000000   Code   RO         7039    .ARM.Collect$$rtentry$$00000009  c_w.l(__rtentry2.o)
    0x08000218   0x00000004   Code   RO         7040    .ARM.Collect$$rtentry$$0000000A  c_w.l(__rtentry2.o)
    0x0800021c   0x00000008   Code   RO         7041    .ARM.Collect$$rtentry$$0000000B  c_w.l(__rtentry2.o)
    0x08000224   0x00000008   Code   RO         7043    .ARM.Collect$$rtentry$$0000000D  c_w.l(__rtentry2.o)
    0x0800022c   0x00000002   Code   RO         6977    .ARM.Collect$$rtexit$$00000000  c_w.l(rtexit.o)
    0x0800022e   0x00000000   Code   RO         7052    .ARM.Collect$$rtexit$$00000002  c_w.l(rtexit2.o)
    0x0800022e   0x00000004   Code   RO         7053    .ARM.Collect$$rtexit$$00000003  c_w.l(rtexit2.o)
    0x08000232   0x00000006   Code   RO         7054    .ARM.Collect$$rtexit$$00000004  c_w.l(rtexit2.o)
    0x08000238   0x0000001c   Code   RO         2979    .emb_text           rtx_conf_cm.o
    0x08000254   0x00000130   Code   RO         6820    .emb_text           RTX_CM3.lib(hal_cm3.o)
    0x08000384   0x00000040   Code   RO         5575    .text               startup_stm32f10x_hd.o
    0x080003c4   0x00000008   Code   RO         6832    .text               c_w.l(libspace.o)
    0x080003cc   0x000000ee   Code   RO         6835    .text               c_w.l(lludivv7m.o)
    0x080004ba   0x00000002   PAD
    0x080004bc   0x00000028   Code   RO         6839    .text               c_w.l(noretval__2sprintf.o)
    0x080004e4   0x0000004e   Code   RO         6843    .text               c_w.l(_printf_pad.o)
    0x08000532   0x00000002   PAD
    0x08000534   0x00000078   Code   RO         6845    .text               c_w.l(_printf_dec.o)
    0x080005ac   0x00000058   Code   RO         6850    .text               c_w.l(_printf_hex_int.o)
    0x08000604   0x00000138   Code   RO         6880    .text               c_w.l(__printf_flags_wp.o)
    0x0800073c   0x00000012   Code   RO         6892    .text               c_w.l(exit.o)
    0x0800074e   0x00000048   Code   RO         6894    .text               c_w.l(strcpy.o)
    0x08000796   0x0000003e   Code   RO         6896    .text               c_w.l(strlen.o)
    0x080007d4   0x00000018   Code   RO         6898    .text               c_w.l(strcat.o)
    0x080007ec   0x0000008a   Code   RO         6900    .text               c_w.l(rt_memcpy_v6.o)
    0x08000876   0x00000064   Code   RO         6902    .text               c_w.l(rt_memcpy_w.o)
    0x080008da   0x00000044   Code   RO         6904    .text               c_w.l(rt_memclr.o)
    0x0800091e   0x0000004e   Code   RO         6906    .text               c_w.l(rt_memclr_w.o)
    0x0800096c   0x00000080   Code   RO         6908    .text               c_w.l(strcmpv7m.o)
    0x080009ec   0x00000006   Code   RO         6910    .text               c_w.l(heapauxi.o)
    0x080009f2   0x00000016   Code   RO         6983    .text               c_w.l(_rserrno.o)
    0x08000a08   0x000000b2   Code   RO         6985    .text               c_w.l(_printf_intcommon.o)
    0x08000aba   0x0000041a   Code   RO         6987    .text               c_w.l(_printf_fp_dec.o)
    0x08000ed4   0x00000030   Code   RO         6989    .text               c_w.l(_printf_char_common.o)
    0x08000f04   0x0000000a   Code   RO         6991    .text               c_w.l(_sputc.o)
    0x08000f0e   0x0000000a   Code   RO         7065    .text               c_w.l(rt_locale_twolibspace.o)
    0x08000f18   0x00000004   Code   RO         7072    .text               c_w.l(rt_errno_addr_twolibspace.o)
    0x08000f1c   0x0000008a   Code   RO         7074    .text               c_w.l(lludiv10.o)
    0x08000fa6   0x00000002   PAD
    0x08000fa8   0x00000080   Code   RO         7076    .text               c_w.l(_printf_fp_infnan.o)
    0x08001028   0x000000dc   Code   RO         7080    .text               c_w.l(bigflt0.o)
    0x08001104   0x0000000c   Code   RO         7116    .text               c_w.l(sys_exit.o)
    0x08001110   0x0000004a   Code   RO         7118    .text               c_w.l(sys_stackheap_outer.o)
    0x0800115a   0x00000002   Code   RO         7179    .text               c_w.l(use_no_semi.o)
    0x0800115c   0x00000000   Code   RO         7181    .text               c_w.l(indicate_semi.o)
    0x0800115c   0x0000003e   Code   RO         7083    CL$$btod_d2e        c_w.l(btod.o)
    0x0800119a   0x00000046   Code   RO         7085    CL$$btod_d2e_denorm_low  c_w.l(btod.o)
    0x080011e0   0x00000060   Code   RO         7084    CL$$btod_d2e_norm_op1  c_w.l(btod.o)
    0x08001240   0x00000338   Code   RO         7093    CL$$btod_div_common  c_w.l(btod.o)
    0x08001578   0x000000c6   Code   RO         7090    CL$$btod_e2e        c_w.l(btod.o)
    0x0800163e   0x00000028   Code   RO         7087    CL$$btod_ediv       c_w.l(btod.o)
    0x08001666   0x00000028   Code   RO         7086    CL$$btod_emul       c_w.l(btod.o)
    0x0800168e   0x00000244   Code   RO         7092    CL$$btod_mult_common  c_w.l(btod.o)
    0x080018d2   0x00000002   PAD
    0x080018d4   0x00000004   Code   RO          458    SVC_TABLE           svc_table.o
    0x080018d8   0x00000016   Code   RO         3313    i.ADC_Cmd           stm32f10x_adc.o
    0x080018ee   0x00000002   PAD
    0x080018f0   0x0000005c   Code   RO         3315    i.ADC_DeInit        stm32f10x_adc.o
    0x0800194c   0x00000014   Code   RO         3321    i.ADC_GetCalibrationStatus  stm32f10x_adc.o
    0x08001960   0x00000008   Code   RO         3322    i.ADC_GetConversionValue  stm32f10x_adc.o
    0x08001968   0x00000012   Code   RO         3324    i.ADC_GetFlagStatus  stm32f10x_adc.o
    0x0800197a   0x00000014   Code   RO         3327    i.ADC_GetResetCalibrationStatus  stm32f10x_adc.o
    0x0800198e   0x00000002   PAD
    0x08001990   0x00000050   Code   RO         3331    i.ADC_Init          stm32f10x_adc.o
    0x080019e0   0x000000b8   Code   RO         3335    i.ADC_RegularChannelConfig  stm32f10x_adc.o
    0x08001a98   0x0000000a   Code   RO         3336    i.ADC_ResetCalibration  stm32f10x_adc.o
    0x08001aa2   0x00000016   Code   RO         3338    i.ADC_SoftwareStartConvCmd  stm32f10x_adc.o
    0x08001ab8   0x0000000a   Code   RO         3340    i.ADC_StartCalibration  stm32f10x_adc.o
    0x08001ac2   0x00000002   PAD
    0x08001ac4   0x0000008c   Code   RO         1511    i.Adc_Init          sensorsim.o
    0x08001b50   0x00000034   Code   RO          516    i.BEEP_Init         beep.o
    0x08001b84   0x0000006c   Code   RO         1313    i.BMP085_Get_Altitude  bmp180.o
    0x08001bf0   0x00000018   Code   RO         1314    i.BMP180MS          bmp180.o
    0x08001c08   0x000000a4   Code   RO         1315    i.BMP180MS_Thread   bmp180.o
    0x08001cac   0x000000b4   Code   RO         1316    i.BMP180_Init       bmp180.o
    0x08001d60   0x00000038   Code   RO          297    i.BSP_Init          bsp.o
    0x08001d98   0x00000020   Code   RO          298    i.BSP_SetOFF        bsp.o
    0x08001db8   0x0000002c   Code   RO          517    i.Beep_time         beep.o
    0x08001de4   0x00000004   Code   RO          240    i.BusFault_Handler  stm32f10x_it.o
    0x08001de8   0x000000ec   Code   RO         3049    i.CAN1_RX1_IRQHandler  can_stm32f10x.o
    0x08001ed4   0x00000094   Code   RO         3050    i.CAN1_SCE_IRQHandler  can_stm32f10x.o
    0x08001f68   0x0000001a   Code   RO         1724    i.ClearBitMask      rc522_function.o
    0x08001f82   0x00000002   PAD
    0x08001f84   0x0000014c   Code   RO          942    i.DISPLAY_ASC       led_array.o
    0x080020d0   0x000000e8   Code   RO          943    i.DISPLAY_G         led_array.o
    0x080021b8   0x000000e8   Code   RO          944    i.DISPLAY_R         led_array.o
    0x080022a0   0x00000178   Code   RO          945    i.DISPLAY_RG        led_array.o
    0x08002418   0x000002f0   Code   RO          946    i.DISP_HANZI        led_array.o
    0x08002708   0x0000002c   Code   RO         1512    i.DI_Init           sensorsim.o
    0x08002734   0x00000002   Code   RO         5320    i.DMA1_Channel1_Event  dma_stm32f10x.o
    0x08002736   0x00000002   PAD
    0x08002738   0x0000001c   Code   RO         5321    i.DMA1_Channel1_IRQHandler  dma_stm32f10x.o
    0x08002754   0x00000002   Code   RO         5322    i.DMA1_Channel2_Event  dma_stm32f10x.o
    0x08002756   0x00000002   PAD
    0x08002758   0x0000001c   Code   RO         5323    i.DMA1_Channel2_IRQHandler  dma_stm32f10x.o
    0x08002774   0x00000002   Code   RO         5324    i.DMA1_Channel3_Event  dma_stm32f10x.o
    0x08002776   0x00000002   PAD
    0x08002778   0x0000001c   Code   RO         5325    i.DMA1_Channel3_IRQHandler  dma_stm32f10x.o
    0x08002794   0x00000002   Code   RO         5326    i.DMA1_Channel4_Event  dma_stm32f10x.o
    0x08002796   0x00000002   PAD
    0x08002798   0x0000001c   Code   RO         5327    i.DMA1_Channel4_IRQHandler  dma_stm32f10x.o
    0x080027b4   0x00000002   Code   RO         5328    i.DMA1_Channel5_Event  dma_stm32f10x.o
    0x080027b6   0x00000002   PAD
    0x080027b8   0x0000001c   Code   RO         5329    i.DMA1_Channel5_IRQHandler  dma_stm32f10x.o
    0x080027d4   0x00000002   Code   RO         5330    i.DMA1_Channel6_Event  dma_stm32f10x.o
    0x080027d6   0x00000002   PAD
    0x080027d8   0x0000001c   Code   RO         5331    i.DMA1_Channel6_IRQHandler  dma_stm32f10x.o
    0x080027f4   0x00000002   Code   RO         5332    i.DMA1_Channel7_Event  dma_stm32f10x.o
    0x080027f6   0x00000002   PAD
    0x080027f8   0x0000001c   Code   RO         5333    i.DMA1_Channel7_IRQHandler  dma_stm32f10x.o
    0x08002814   0x00000002   Code   RO         5334    i.DMA2_Channel1_Event  dma_stm32f10x.o
    0x08002816   0x00000002   PAD
    0x08002818   0x0000001c   Code   RO         5335    i.DMA2_Channel1_IRQHandler  dma_stm32f10x.o
    0x08002834   0x00000002   Code   RO         5336    i.DMA2_Channel2_Event  dma_stm32f10x.o
    0x08002836   0x00000002   PAD
    0x08002838   0x00000020   Code   RO         5337    i.DMA2_Channel2_IRQHandler  dma_stm32f10x.o
    0x08002858   0x00000002   Code   RO         5338    i.DMA2_Channel3_Event  dma_stm32f10x.o
    0x0800285a   0x00000002   PAD
    0x0800285c   0x00000020   Code   RO         5339    i.DMA2_Channel3_IRQHandler  dma_stm32f10x.o
    0x0800287c   0x00000038   Code   RO         5340    i.DMA2_Channel4_5_IRQHandler  dma_stm32f10x.o
    0x080028b4   0x00000002   Code   RO         5341    i.DMA2_Channel4_Event  dma_stm32f10x.o
    0x080028b6   0x00000002   Code   RO         5343    i.DMA2_Channel5_Event  dma_stm32f10x.o
    0x080028b8   0x0000004c   Code   RO         2540    i.DS18B20_Check     airwarming.o
    0x08002904   0x000000a4   Code   RO         2541    i.DS18B20_Get_Temp  airwarming.o
    0x080029a8   0x00000040   Code   RO         2542    i.DS18B20_Init      airwarming.o
    0x080029e8   0x0000003c   Code   RO         2543    i.DS18B20_Read_Bit  airwarming.o
    0x08002a24   0x00000022   Code   RO         2544    i.DS18B20_Read_Byte  airwarming.o
    0x08002a46   0x00000002   PAD
    0x08002a48   0x00000028   Code   RO         2545    i.DS18B20_Rst       airwarming.o
    0x08002a70   0x00000018   Code   RO         2546    i.DS18B20_Start     airwarming.o
    0x08002a88   0x00000058   Code   RO         2547    i.DS18B20_Write_Byte  airwarming.o
    0x08002ae0   0x00000002   Code   RO          241    i.DebugMon_Handler  stm32f10x_it.o
    0x08002ae2   0x0000000c   Code   RO         2084    i.Delay_            ld3320.o
    0x08002aee   0x00000002   PAD
    0x08002af0   0x00000134   Code   RO          948    i.DiSP_ASC          led_array.o
    0x08002c24   0x00000022   Code   RO         2085    i.EXTI15_10_IRQHandler  ld3320.o
    0x08002c46   0x00000002   PAD
    0x08002c48   0x0000000c   Code   RO         3792    i.EXTI_ClearFlag    stm32f10x_exti.o
    0x08002c54   0x0000000c   Code   RO         3793    i.EXTI_ClearITPendingBit  stm32f10x_exti.o
    0x08002c60   0x00000010   Code   RO         3795    i.EXTI_GenerateSWInterrupt  stm32f10x_exti.o
    0x08002c70   0x00000028   Code   RO         3797    i.EXTI_GetITStatus  stm32f10x_exti.o
    0x08002c98   0x00000094   Code   RO         3798    i.EXTI_Init         stm32f10x_exti.o
    0x08002d2c   0x00000054   Code   RO          546    i.FRAME_TX_DATSLOAD  wirelesstrans_usart.o
    0x08002d80   0x0000009c   Code   RO         5533    i.GPIO_AFConfigure  gpio_stm32f10x.o
    0x08002e1c   0x00000040   Code   RO         3861    i.GPIO_EXTILineConfig  stm32f10x_gpio.o
    0x08002e5c   0x00000098   Code   RO         5534    i.GPIO_GetPortClockState  gpio_stm32f10x.o
    0x08002ef4   0x00000116   Code   RO         3864    i.GPIO_Init         stm32f10x_gpio.o
    0x0800300a   0x00000078   Code   RO         5535    i.GPIO_PinConfigure  gpio_stm32f10x.o
    0x08003082   0x00000002   PAD
    0x08003084   0x00000090   Code   RO         3866    i.GPIO_PinRemapConfig  stm32f10x_gpio.o
    0x08003114   0x0000013c   Code   RO         5536    i.GPIO_PortClock    gpio_stm32f10x.o
    0x08003250   0x00000012   Code   RO         3868    i.GPIO_ReadInputDataBit  stm32f10x_gpio.o
    0x08003262   0x00000004   Code   RO         3871    i.GPIO_ResetBits    stm32f10x_gpio.o
    0x08003266   0x00000004   Code   RO         3872    i.GPIO_SetBits      stm32f10x_gpio.o
    0x0800326a   0x0000000a   Code   RO         3875    i.GPIO_WriteBit     stm32f10x_gpio.o
    0x08003274   0x00000108   Code   RO          637    i.GUI_DrawFont16    gui_1.44.o
    0x0800337c   0x00000118   Code   RO          638    i.GUI_DrawFont24    gui_1.44.o
    0x08003494   0x00000108   Code   RO          639    i.GUI_DrawFont32    gui_1.44.o
    0x0800359c   0x00000034   Code   RO         1513    i.Get_Adc           sensorsim.o
    0x080035d0   0x0000002e   Code   RO         1514    i.Get_Adc_Average   sensorsim.o
    0x080035fe   0x00000004   Code   RO          242    i.HardFault_Handler  stm32f10x_it.o
    0x08003602   0x00000002   PAD
    0x08003604   0x00000054   Code   RO         1388    i.IIC_Ack           bmp180_iic.o
    0x08003658   0x0000005c   Code   RO         1389    i.IIC_Init          bmp180_iic.o
    0x080036b4   0x00000054   Code   RO         1390    i.IIC_NAck          bmp180_iic.o
    0x08003708   0x00000070   Code   RO         1391    i.IIC_Read_Byte     bmp180_iic.o
    0x08003778   0x00000068   Code   RO         1392    i.IIC_Send_Byte     bmp180_iic.o
    0x080037e0   0x0000004c   Code   RO         1393    i.IIC_Start         bmp180_iic.o
    0x0800382c   0x0000004c   Code   RO         1394    i.IIC_Stop          bmp180_iic.o
    0x08003878   0x00000064   Code   RO         1395    i.IIC_Wait_Ack      bmp180_iic.o
    0x080038dc   0x00000034   Code   RO         1209    i.IO_Init           tsl2561.o
    0x08003910   0x00000088   Code   RO         1576    i.KEY_CInit         keyboard.o
    0x08003998   0x00000048   Code   RO         2469    i.KEY_Init_exAir    exair.o
    0x080039e0   0x00000044   Code   RO         2398    i.KEY_Init_ledGRW   ledgrow.o
    0x08003a24   0x00000028   Code   RO         2303    i.KEY_Init_ledSPY   ledspray.o
    0x08003a4c   0x00000088   Code   RO         1577    i.KEY_RInit         keyboard.o
    0x08003ad4   0x00000054   Code   RO         2548    i.KEY_Scan1_AWM     airwarming.o
    0x08003b28   0x000000a8   Code   RO         2470    i.KEY_Scan1_exAir   exair.o
    0x08003bd0   0x000000ac   Code   RO         2399    i.KEY_Scan1_ledGRW  ledgrow.o
    0x08003c7c   0x0000007c   Code   RO         2304    i.KEY_Scan1_ledSPY  ledspray.o
    0x08003cf8   0x00000018   Code   RO         1578    i.KeyBoardMS        keyboard.o
    0x08003d10   0x0000007c   Code   RO         1579    i.KeyBoardMS_Thread  keyboard.o
    0x08003d8c   0x00000174   Code   RO          786    i.LCD144Test_Thread  lcd_1.44.o
    0x08003f00   0x000001a2   Code   RO          787    i.LCD144_Init       lcd_1.44.o
    0x080040a2   0x00000002   PAD
    0x080040a4   0x00000220   Code   RO          788    i.LCD144_Thread     lcd_1.44.o
    0x080042c4   0x00000018   Code   RO          789    i.LCD_144_test      lcd_1.44.o
    0x080042dc   0x00000048   Code   RO          790    i.LCD_Clear         lcd_1.44.o
    0x08004324   0x00000048   Code   RO          791    i.LCD_ClearS        lcd_1.44.o
    0x0800436c   0x0000001c   Code   RO          792    i.LCD_DrawPoint     lcd_1.44.o
    0x08004388   0x00000024   Code   RO          794    i.LCD_RESET         lcd_1.44.o
    0x080043ac   0x00000014   Code   RO          795    i.LCD_SetCursor     lcd_1.44.o
    0x080043c0   0x0000002c   Code   RO          796    i.LCD_SetParam      lcd_1.44.o
    0x080043ec   0x00000054   Code   RO          797    i.LCD_SetWindows    lcd_1.44.o
    0x08004440   0x00000128   Code   RO          647    i.LCD_ShowChar      gui_1.44.o
    0x08004568   0x000000f4   Code   RO          649    i.LCD_ShowNum2412   gui_1.44.o
    0x0800465c   0x00000034   Code   RO          798    i.LCD_WR_DATA       lcd_1.44.o
    0x08004690   0x0000003c   Code   RO          799    i.LCD_WR_DATA_16Bit  lcd_1.44.o
    0x080046cc   0x00000034   Code   RO          800    i.LCD_WR_REG        lcd_1.44.o
    0x08004700   0x00000010   Code   RO          801    i.LCD_WriteRAM_Prepare  lcd_1.44.o
    0x08004710   0x00000014   Code   RO          802    i.LCD_WriteReg      lcd_1.44.o
    0x08004724   0x00000090   Code   RO         2086    i.LD3320_EXTI_Cfg   ld3320.o
    0x080047b4   0x00000074   Code   RO         2087    i.LD3320_GPIO_Cfg   ld3320.o
    0x08004828   0x00000014   Code   RO         2088    i.LD3320_Init       ld3320.o
    0x0800483c   0x000000b8   Code   RO         2089    i.LD3320_Spi_cfg    ld3320.o
    0x080048f4   0x00000024   Code   RO         2090    i.LD3320_delay      ld3320.o
    0x08004918   0x000001f8   Code   RO         2091    i.LD3320_main       ld3320.o
    0x08004b10   0x000000b8   Code   RO         2188    i.LD_AsrAddFixed    ld3320chip.o
    0x08004bc8   0x0000007a   Code   RO         2189    i.LD_AsrRun         ld3320chip.o
    0x08004c42   0x00000008   Code   RO         2190    i.LD_AsrStart       ld3320chip.o
    0x08004c4a   0x0000002a   Code   RO         2191    i.LD_Check_ASRBusyFlag_b2  ld3320chip.o
    0x08004c74   0x0000000a   Code   RO         2192    i.LD_GetResult      ld3320chip.o
    0x08004c7e   0x00000002   PAD
    0x08004c80   0x00000070   Code   RO         2193    i.LD_Init_ASR       ld3320chip.o
    0x08004cf0   0x000000cc   Code   RO         2194    i.LD_Init_Common    ld3320chip.o
    0x08004dbc   0x0000003c   Code   RO         2268    i.LD_ReadReg        ld3320reg_rw.o
    0x08004df8   0x0000003c   Code   RO         2269    i.LD_WriteReg       ld3320reg_rw.o
    0x08004e34   0x00000058   Code   RO         2195    i.LD_reset          ld3320chip.o
    0x08004e8c   0x00000038   Code   RO          949    i.LEDArrayCM        led_array.o
    0x08004ec4   0x00000008   Code   RO          950    i.LEDArrayCM_Thread  led_array.o
    0x08004ecc   0x0000004c   Code   RO          951    i.LEDArray_Init     led_array.o
    0x08004f18   0x0000009c   Code   RO          952    i.LEDArryDisp       led_array.o
    0x08004fb4   0x0000002c   Code   RO         2400    i.LEDGrow           ledgrow.o
    0x08004fe0   0x00000068   Code   RO         2401    i.LEDGrowCM_DB_Thread  ledgrow.o
    0x08005048   0x00000006   Code   RO         2402    i.LEDGrowCM_Thread  ledgrow.o
    0x0800504e   0x0000000c   Code   RO         2403    i.LEDGrow_Init      ledgrow.o
    0x0800505a   0x00000002   PAD
    0x0800505c   0x0000002c   Code   RO         2305    i.LEDSpray          ledspray.o
    0x08005088   0x0000005c   Code   RO         2306    i.LEDSprayCM_DB_Thread  ledspray.o
    0x080050e4   0x00000006   Code   RO         2307    i.LEDSprayCM_Thread  ledspray.o
    0x080050ea   0x00000016   Code   RO         2308    i.LEDSpray_Init     ledspray.o
    0x08005100   0x000001ac   Code   RO         2309    i.LED_Spray         ledspray.o
    0x080052ac   0x00000054   Code   RO         1726    i.M500PcdConfigISOType  rc522_function.o
    0x08005300   0x00000004   Code   RO          243    i.MemManage_Handler  stm32f10x_it.o
    0x08005304   0x00000062   Code   RO         1317    i.Multiple_read     bmp180.o
    0x08005366   0x00000002   PAD
    0x08005368   0x00000084   Code   RO         2310    i.NC595_Init        ledspray.o
    0x080053ec   0x00000002   Code   RO          244    i.NMI_Handler       stm32f10x_it.o
    0x080053ee   0x00000002   PAD
    0x080053f0   0x00000070   Code   RO         3259    i.NVIC_Init         misc.o
    0x08005460   0x0000002c   Code   RO          954    i.OUT_595           led_array.o
    0x0800548c   0x0000002c   Code   RO          955    i.OUT_595G          led_array.o
    0x080054b8   0x0000002c   Code   RO          956    i.OUT_595R          led_array.o
    0x080054e4   0x0000004c   Code   RO         2647    i.PWSwitch_Init     sourcetog.o
    0x08005530   0x0000001a   Code   RO         1728    i.PcdAntennaOn      rc522_function.o
    0x0800554a   0x00000072   Code   RO         1729    i.PcdAnticoll       rc522_function.o
    0x080055bc   0x00000132   Code   RO         1731    i.PcdComMF522       rc522_function.o
    0x080056ee   0x00000056   Code   RO         1734    i.PcdRequest        rc522_function.o
    0x08005744   0x00000088   Code   RO         1735    i.PcdReset          rc522_function.o
    0x080057cc   0x00000018   Code   RO         2093    i.Phonetics         ld3320.o
    0x080057e4   0x00000004   Code   RO         2094    i.PhoneticsMS_Thread  ld3320.o
    0x080057e8   0x00000008   Code   RO         2095    i.Phonetics_Init    ld3320.o
    0x080057f0   0x0000007c   Code   RO         2648    i.PowDetect_Thread  sourcetog.o
    0x0800586c   0x000000b4   Code   RO         2196    i.ProcessInt0       ld3320chip.o
    0x08005920   0x00000018   Code   RO         1682    i.RAINMS            sensor_rain.o
    0x08005938   0x00000064   Code   RO         1683    i.RAINMS_Thread     sensor_rain.o
    0x0800599c   0x0000002c   Code   RO         1684    i.RAIN_Init         sensor_rain.o
    0x080059c8   0x00000018   Code   RO         1738    i.RC522             rc522_function.o
    0x080059e0   0x000000b0   Code   RO         1739    i.RC522MS_Thread    rc522_function.o
    0x08005a90   0x00000024   Code   RO         1878    i.RC522_Init        rc522_config.o
    0x08005ab4   0x000000b4   Code   RO         1879    i.RC522_SPI_Config  rc522_config.o
    0x08005b68   0x00000018   Code   RO         4200    i.RCC_ADCCLKConfig  stm32f10x_rcc.o
    0x08005b80   0x00000020   Code   RO         4202    i.RCC_APB1PeriphClockCmd  stm32f10x_rcc.o
    0x08005ba0   0x00000020   Code   RO         4203    i.RCC_APB1PeriphResetCmd  stm32f10x_rcc.o
    0x08005bc0   0x00000020   Code   RO         4204    i.RCC_APB2PeriphClockCmd  stm32f10x_rcc.o
    0x08005be0   0x00000020   Code   RO         4205    i.RCC_APB2PeriphResetCmd  stm32f10x_rcc.o
    0x08005c00   0x000000d4   Code   RO         4212    i.RCC_GetClocksFreq  stm32f10x_rcc.o
    0x08005cd4   0x0000000c   Code   RO         4222    i.RCC_MCOConfig     stm32f10x_rcc.o
    0x08005ce0   0x00000010   Code   RO          958    i.ROW_OFF           led_array.o
    0x08005cf0   0x00000066   Code   RO          959    i.ROW_SEL           led_array.o
    0x08005d56   0x00000002   PAD
    0x08005d58   0x00000018   Code   RO         1641    i.RTMS              sensor_rt.o
    0x08005d70   0x00000064   Code   RO         1642    i.RTMS_Thread       sensor_rt.o
    0x08005dd4   0x0000002c   Code   RO         1643    i.RT_Init           sensor_rt.o
    0x08005e00   0x00000034   Code   RO         1740    i.ReadRawRC         rc522_function.o
    0x08005e34   0x0000007c   Code   RO         1210    i.Read_Light        tsl2561.o
    0x08005eb0   0x00000050   Code   RO         2096    i.RunASR            ld3320.o
    0x08005f00   0x00000048   Code   RO          960    i.SH16_595          led_array.o
    0x08005f48   0x00000018   Code   RO         1120    i.SHT11MS           sht11.o
    0x08005f60   0x000000b4   Code   RO         1121    i.SHT11MS_Thread    sht11.o
    0x08006014   0x00000002   Code   RO         1122    i.SHT11_Init        sht11.o
    0x08006016   0x00000002   PAD
    0x08006018   0x0000004c   Code   RO         1123    i.SHT_RInit         sht11.o
    0x08006064   0x00000048   Code   RO         1124    i.SHT_WInit         sht11.o
    0x080060ac   0x00000048   Code   RO          961    i.SH_595            led_array.o
    0x080060f4   0x00000048   Code   RO          962    i.SH_595G           led_array.o
    0x0800613c   0x00000048   Code   RO          963    i.SH_595R           led_array.o
    0x08006184   0x000000bc   Code   RO          803    i.SPI2_Init         lcd_1.44.o
    0x08006240   0x00000018   Code   RO         4417    i.SPI_Cmd           stm32f10x_spi.o
    0x08006258   0x00000012   Code   RO         4425    i.SPI_I2S_GetFlagStatus  stm32f10x_spi.o
    0x0800626a   0x00000006   Code   RO         4428    i.SPI_I2S_ReceiveData  stm32f10x_spi.o
    0x08006270   0x00000004   Code   RO         4429    i.SPI_I2S_SendData  stm32f10x_spi.o
    0x08006274   0x0000003c   Code   RO         4430    i.SPI_Init          stm32f10x_spi.o
    0x080062b0   0x0000004c   Code   RO         1741    i.SPI_RC522_ReadByte  rc522_function.o
    0x080062fc   0x00000054   Code   RO         1742    i.SPI_RC522_SendByte  rc522_function.o
    0x08006350   0x00000022   Code   RO          805    i.SPI_WriteByte     lcd_1.44.o
    0x08006372   0x00000002   PAD
    0x08006374   0x00000084   Code   RO         1515    i.SenSimMS_Thread   sensorsim.o
    0x080063f8   0x00000018   Code   RO         1516    i.SensorSIMMS       sensorsim.o
    0x08006410   0x0000000c   Code   RO         1517    i.SensorSIM_Init    sensorsim.o
    0x0800641c   0x0000001a   Code   RO         1743    i.SetBitMask        rc522_function.o
    0x08006436   0x00000008   Code   RO         5582    i.SetSysClock       system_stm32f10x.o
    0x0800643e   0x00000002   PAD
    0x08006440   0x000000e0   Code   RO         5583    i.SetSysClockTo72   system_stm32f10x.o
    0x08006520   0x00000024   Code   RO          964    i.Shift_Data        led_array.o
    0x08006544   0x00000110   Code   RO          651    i.Show_Str          gui_1.44.o
    0x08006654   0x000000cc   Code   RO         2649    i.SouTogCM_Thread   sourcetog.o
    0x08006720   0x0000002c   Code   RO         2650    i.SourceTogCM       sourcetog.o
    0x0800674c   0x0000008c   Code   RO         2651    i.SourceTog_Adc_Init  sourcetog.o
    0x080067d8   0x00000034   Code   RO         2652    i.SourceTog_Get_Adc  sourcetog.o
    0x0800680c   0x0000002e   Code   RO         2653    i.SourceTog_Get_Adc_Average  sourcetog.o
    0x0800683a   0x0000000c   Code   RO         2654    i.SourceTog_Init    sourcetog.o
    0x08006846   0x00000002   PAD
    0x08006848   0x00000060   Code   RO         5585    i.SystemInit        system_stm32f10x.o
    0x080068a8   0x0000008c   Code   RO         2471    i.TIM4_PWM_Init_exAir  exair.o
    0x08006934   0x0000008c   Code   RO         2404    i.TIM4_PWM_Init_ledGRW  ledgrow.o
    0x080069c0   0x00000018   Code   RO         4584    i.TIM_Cmd           stm32f10x_tim.o
    0x080069d8   0x000000a0   Code   RO         4623    i.TIM_OC3Init       stm32f10x_tim.o
    0x08006a78   0x00000012   Code   RO         4626    i.TIM_OC3PreloadConfig  stm32f10x_tim.o
    0x08006a8a   0x00000002   PAD
    0x08006a8c   0x0000007c   Code   RO         4628    i.TIM_OC4Init       stm32f10x_tim.o
    0x08006b08   0x0000001a   Code   RO         4630    i.TIM_OC4PreloadConfig  stm32f10x_tim.o
    0x08006b22   0x00000004   Code   RO         4647    i.TIM_SetCompare3   stm32f10x_tim.o
    0x08006b26   0x00000006   Code   RO         4648    i.TIM_SetCompare4   stm32f10x_tim.o
    0x08006b2c   0x000000a4   Code   RO         4655    i.TIM_TimeBaseInit  stm32f10x_tim.o
    0x08006bd0   0x00000018   Code   RO         1211    i.TSL2561MS         tsl2561.o
    0x08006be8   0x00000054   Code   RO         1212    i.TSL2561MS_Thread  tsl2561.o
    0x08006c3c   0x0000004c   Code   RO         1213    i.TSL2561_Init      tsl2561.o
    0x08006c88   0x00000038   Code   RO         1214    i.TSL2561_Read      tsl2561.o
    0x08006cc0   0x0000002e   Code   RO         1215    i.TSL2561_Write     tsl2561.o
    0x08006cee   0x00000002   PAD
    0x08006cf0   0x0000006c   Code   RO          965    i.TaskLAdisp        led_array.o
    0x08006d5c   0x00000018   Code   RO          547    i.USART1Debug       wirelesstrans_usart.o
    0x08006d74   0x0000007c   Code   RO          548    i.USART1Debug_Thread  wirelesstrans_usart.o
    0x08006df0   0x0000007c   Code   RO          549    i.USART1Init1       wirelesstrans_usart.o
    0x08006e6c   0x00000090   Code   RO          550    i.USART1Init2       wirelesstrans_usart.o
    0x08006efc   0x00000018   Code   RO         2718    i.USART1_Control    usart_stm32f10x.o
    0x08006f14   0x00000010   Code   RO         2719    i.USART1_GetCapabilities  usart_stm32f10x.o
    0x08006f24   0x00000010   Code   RO         2720    i.USART1_GetModemStatus  usart_stm32f10x.o
    0x08006f34   0x00000010   Code   RO         2721    i.USART1_GetRxCount  usart_stm32f10x.o
    0x08006f44   0x00000010   Code   RO         2722    i.USART1_GetStatus  usart_stm32f10x.o
    0x08006f54   0x00000010   Code   RO         2723    i.USART1_GetTxCount  usart_stm32f10x.o
    0x08006f64   0x00000010   Code   RO         2724    i.USART1_IRQHandler  usart_stm32f10x.o
    0x08006f74   0x00000014   Code   RO         2725    i.USART1_Initialize  usart_stm32f10x.o
    0x08006f88   0x00000014   Code   RO         2726    i.USART1_PowerControl  usart_stm32f10x.o
    0x08006f9c   0x00000018   Code   RO         2727    i.USART1_Receive    usart_stm32f10x.o
    0x08006fb4   0x00000018   Code   RO         2728    i.USART1_Send       usart_stm32f10x.o
    0x08006fcc   0x00000014   Code   RO         2729    i.USART1_SetModemControl  usart_stm32f10x.o
    0x08006fe0   0x0000001c   Code   RO         2730    i.USART1_Transfer   usart_stm32f10x.o
    0x08006ffc   0x00000010   Code   RO         2731    i.USART1_Uninitialize  usart_stm32f10x.o
    0x0800700c   0x000000a8   Code   RO          551    i.USART2Init1       wirelesstrans_usart.o
    0x080070b4   0x00000078   Code   RO          552    i.USART2Init2       wirelesstrans_usart.o
    0x0800712c   0x00000018   Code   RO          553    i.USART2Trans       wirelesstrans_usart.o
    0x08007144   0x00000070   Code   RO          554    i.USART2Trans_Thread  wirelesstrans_usart.o
    0x080071b4   0x00000018   Code   RO         2732    i.USART2_Control    usart_stm32f10x.o
    0x080071cc   0x00000010   Code   RO         2733    i.USART2_GetCapabilities  usart_stm32f10x.o
    0x080071dc   0x00000010   Code   RO         2734    i.USART2_GetModemStatus  usart_stm32f10x.o
    0x080071ec   0x00000010   Code   RO         2735    i.USART2_GetRxCount  usart_stm32f10x.o
    0x080071fc   0x00000010   Code   RO         2736    i.USART2_GetStatus  usart_stm32f10x.o
    0x0800720c   0x00000010   Code   RO         2737    i.USART2_GetTxCount  usart_stm32f10x.o
    0x0800721c   0x00000010   Code   RO         2738    i.USART2_IRQHandler  usart_stm32f10x.o
    0x0800722c   0x00000014   Code   RO         2739    i.USART2_Initialize  usart_stm32f10x.o
    0x08007240   0x00000014   Code   RO         2740    i.USART2_PowerControl  usart_stm32f10x.o
    0x08007254   0x00000018   Code   RO         2741    i.USART2_Receive    usart_stm32f10x.o
    0x0800726c   0x00000018   Code   RO         2742    i.USART2_Send       usart_stm32f10x.o
    0x08007284   0x00000014   Code   RO         2743    i.USART2_SetModemControl  usart_stm32f10x.o
    0x08007298   0x0000001c   Code   RO         2744    i.USART2_Transfer   usart_stm32f10x.o
    0x080072b4   0x00000010   Code   RO         2745    i.USART2_Uninitialize  usart_stm32f10x.o
    0x080072c4   0x00000018   Code   RO         5132    i.USART_Cmd         stm32f10x_usart.o
    0x080072dc   0x00000820   Code   RO         2746    i.USART_Control     usart_stm32f10x.o
    0x08007afc   0x0000009c   Code   RO         5134    i.USART_DeInit      stm32f10x_usart.o
    0x08007b98   0x00000006   Code   RO         2747    i.USART_GetCapabilities  usart_stm32f10x.o
    0x08007b9e   0x00000090   Code   RO         2748    i.USART_GetModemStatus  usart_stm32f10x.o
    0x08007c2e   0x00000008   Code   RO         2749    i.USART_GetRxCount  usart_stm32f10x.o
    0x08007c36   0x000000d4   Code   RO         2750    i.USART_GetStatus   usart_stm32f10x.o
    0x08007d0a   0x00000008   Code   RO         2751    i.USART_GetTxCount  usart_stm32f10x.o
    0x08007d12   0x00000276   Code   RO         2752    i.USART_IRQHandler  usart_stm32f10x.o
    0x08007f88   0x0000004a   Code   RO         5138    i.USART_ITConfig    stm32f10x_usart.o
    0x08007fd2   0x00000002   PAD
    0x08007fd4   0x000000d8   Code   RO         5139    i.USART_Init        stm32f10x_usart.o
    0x080080ac   0x000000a2   Code   RO         2753    i.USART_Initialize  usart_stm32f10x.o
    0x0800814e   0x00000002   PAD
    0x08008150   0x000000d8   Code   RO         2754    i.USART_PeripheralReset  usart_stm32f10x.o
    0x08008228   0x00000228   Code   RO         2755    i.USART_PowerControl  usart_stm32f10x.o
    0x08008450   0x000000a2   Code   RO         2756    i.USART_Receive     usart_stm32f10x.o
    0x080084f2   0x00000088   Code   RO         2757    i.USART_Send        usart_stm32f10x.o
    0x0800857a   0x0000009c   Code   RO         2758    i.USART_SetModemControl  usart_stm32f10x.o
    0x08008616   0x0000006a   Code   RO         2759    i.USART_Transfer    usart_stm32f10x.o
    0x08008680   0x0000006c   Code   RO         2760    i.USART_Uninitialize  usart_stm32f10x.o
    0x080086ec   0x00000010   Code   RO         2761    i.USARTx_GetVersion  usart_stm32f10x.o
    0x080086fc   0x00000118   Code   RO         3071    i.USB_HP_CAN1_TX_IRQHandler  can_stm32f10x.o
    0x08008814   0x000000ec   Code   RO         3072    i.USB_LP_CAN1_RX0_IRQHandler  can_stm32f10x.o
    0x08008900   0x00000004   Code   RO          245    i.UsageFault_Handler  stm32f10x_it.o
    0x08008904   0x00000038   Code   RO         2549    i.Warming_Init      airwarming.o
    0x0800893c   0x00000030   Code   RO         1744    i.WriteRawRC        rc522_function.o
    0x0800896c   0x00000028   Code   RO         7023    i.__ARM_fpclassify  m_ws.l(fpclassify.o)
    0x08008994   0x000000aa   Code   RO         7025    i.__kernel_poly     m_ws.l(poly.o)
    0x08008a3e   0x00000002   PAD
    0x08008a40   0x00000010   Code   RO         7009    i.__mathlib_dbl_divzero  m_ws.l(dunder.o)
    0x08008a50   0x00000004   Code   RO         7011    i.__mathlib_dbl_infnan2  m_ws.l(dunder.o)
    0x08008a54   0x0000000c   Code   RO         7012    i.__mathlib_dbl_invalid  m_ws.l(dunder.o)
    0x08008a60   0x0000000e   Code   RO         7013    i.__mathlib_dbl_overflow  m_ws.l(dunder.o)
    0x08008a6e   0x00000002   PAD
    0x08008a70   0x00000010   Code   RO         7015    i.__mathlib_dbl_underflow  m_ws.l(dunder.o)
    0x08008a80   0x0000002c   Code   RO         2980    i.__user_perthread_libspace  rtx_conf_cm.o
    0x08008aac   0x00000046   Code   RO         6719    i._init_box         RTX_CM3.lib(rt_membox.o)
    0x08008af2   0x0000000e   Code   RO         6878    i._is_digit         c_w.l(__printf_wp.o)
    0x08008b00   0x00000020   Code   RO         2981    i._mutex_acquire    rtx_conf_cm.o
    0x08008b20   0x0000001c   Code   RO         2983    i._mutex_release    rtx_conf_cm.o
    0x08008b3c   0x00000018   Code   RO         2550    i.airWarming        airwarming.o
    0x08008b54   0x000000e4   Code   RO         2551    i.airWarmingCM_Thread  airwarming.o
    0x08008c38   0x00000010   Code   RO         2552    i.airWarming_Init   airwarming.o
    0x08008c48   0x0000002c   Code   RO         2553    i.airWarming_Key_Init  airwarming.o
    0x08008c74   0x00000128   Code   RO         1318    i.bmp180Convert     bmp180.o
    0x08008d9c   0x00000048   Code   RO         1319    i.bmp180ReadPressure  bmp180.o
    0x08008de4   0x00000048   Code   RO         1320    i.bmp180ReadTemp    bmp180.o
    0x08008e2c   0x00000028   Code   RO          375    i.bsp_delayinit     delay.o
    0x08008e54   0x000000bc   Code   RO         1216    i.calculateLux      tsl2561.o
    0x08008f10   0x00000018   Code   RO         1966    i.contentCO2MS      contentco2.o
    0x08008f28   0x00000094   Code   RO         1967    i.contentCO2MS_Thread  contentco2.o
    0x08008fbc   0x0000008c   Code   RO         1968    i.contentCO2_Adc_Init  contentco2.o
    0x08009048   0x00000034   Code   RO         1969    i.contentCO2_Get_Adc  contentco2.o
    0x0800907c   0x0000002e   Code   RO         1970    i.contentCO2_Get_Adc_Average  contentco2.o
    0x080090aa   0x00000008   Code   RO         1971    i.contentCO2_Init   contentco2.o
    0x080090b2   0x00000002   PAD
    0x080090b4   0x00000108   Code   RO         1125    i.convert_shtxx     sht11.o
    0x080091bc   0x00000044   Code   RO         2311    i.dats595_clr       ledspray.o
    0x08009200   0x00000050   Code   RO         2312    i.datsin595         ledspray.o
    0x08009250   0x00000030   Code   RO         6772    i.dbg_init          RTX_CM3.lib(hal_cm.o)
    0x08009280   0x00000020   Code   RO         6773    i.dbg_task_notify   RTX_CM3.lib(hal_cm.o)
    0x080092a0   0x00000010   Code   RO         6774    i.dbg_task_switch   RTX_CM3.lib(hal_cm.o)
    0x080092b0   0x00000030   Code   RO          376    i.delay_us          delay.o
    0x080092e0   0x0000002c   Code   RO         2472    i.exAir             exair.o
    0x0800930c   0x00000070   Code   RO         2473    i.exAirCM_DB_Thread  exair.o
    0x0800937c   0x00000006   Code   RO         2474    i.exAirCM_Thread    exair.o
    0x08009382   0x00000002   PAD
    0x08009384   0x00000018   Code   RO         2475    i.exAir_Init        exair.o
    0x0800939c   0x00000108   Code   RO         2476    i.ex_Air            exair.o
    0x080094a4   0x000000e4   Code   RO         2313    i.flash_PST_Thread  ledspray.o
    0x08009588   0x000000e4   Code   RO         2314    i.flash_SPY_Thread  ledspray.o
    0x0800966c   0x00000204   Code   RO          464    i.getKey            key&tips.o
    0x08009870   0x0000002a   Code   RO         5628    i.isrMessageGet     RTX_CM3.lib(rt_cmsis.o)
    0x0800989a   0x0000002c   Code   RO         5629    i.isrMessagePut     RTX_CM3.lib(rt_cmsis.o)
    0x080098c6   0x00000002   PAD
    0x080098c8   0x00000056   Code   RO         6574    i.isr_mbx_receive   RTX_CM3.lib(rt_mailbox.o)
    0x0800991e   0x0000000e   Code   RO         6575    i.isr_mbx_send      RTX_CM3.lib(rt_mailbox.o)
    0x0800992c   0x00000002   Code   RO         1580    i.keyBoard_Init     keyboard.o
    0x0800992e   0x00000002   PAD
    0x08009930   0x0000002c   Code   RO          465    i.keyInit           key&tips.o
    0x0800995c   0x0000002c   Code   RO          466    i.keyScan           key&tips.o
    0x08009988   0x00000018   Code   RO          467    i.keyTest           key&tips.o
    0x080099a0   0x000004f0   Code   RO          468    i.keyTest_Thread    key&tips.o
    0x08009e90   0x000000ac   Code   RO         1581    i.keydown           keyboard.o
    0x08009f3c   0x00000188   Code   RO         1582    i.keyscan           keyboard.o
    0x0800a0c4   0x00000108   Code   RO         2405    i.led_Grow          ledgrow.o
    0x0800a1cc   0x00000018   Code   RO            4    i.main              usrmain.o
    0x0800a1e4   0x00000018   Code   RO          333    i.mutexUSART1_Active  syssupport.o
    0x0800a1fc   0x00000002   Code   RO          555    i.myUSART1_callback  wirelesstrans_usart.o
    0x0800a1fe   0x00000002   Code   RO          556    i.myUSART2_callback  wirelesstrans_usart.o
    0x0800a200   0x00000018   Code   RO         5632    i.osDelay           RTX_CM3.lib(rt_cmsis.o)
    0x0800a218   0x00000024   Code   RO         5633    i.osKernelInitialize  RTX_CM3.lib(rt_cmsis.o)
    0x0800a23c   0x0000006c   Code   RO         5635    i.osKernelStart     RTX_CM3.lib(rt_cmsis.o)
    0x0800a2a8   0x00000018   Code   RO         5636    i.osKernelSysTick   RTX_CM3.lib(rt_cmsis.o)
    0x0800a2c0   0x00000018   Code   RO         5644    i.osMessageGet      RTX_CM3.lib(rt_cmsis.o)
    0x0800a2d8   0x0000002c   Code   RO         5646    i.osMutexCreate     RTX_CM3.lib(rt_cmsis.o)
    0x0800a304   0x00000018   Code   RO         5648    i.osMutexRelease    RTX_CM3.lib(rt_cmsis.o)
    0x0800a31c   0x00000018   Code   RO         5649    i.osMutexWait       RTX_CM3.lib(rt_cmsis.o)
    0x0800a334   0x0000002c   Code   RO         5661    i.osThreadCreate    RTX_CM3.lib(rt_cmsis.o)
    0x0800a360   0x00000018   Code   RO         5662    i.osThreadExit      RTX_CM3.lib(rt_cmsis.o)
    0x0800a378   0x00000018   Code   RO         5666    i.osThreadTerminate  RTX_CM3.lib(rt_cmsis.o)
    0x0800a390   0x0000000c   Code   RO         5668    i.osTimerCall       RTX_CM3.lib(rt_cmsis.o)
    0x0800a39c   0x0000002c   Code   RO         5669    i.osTimerCreate     RTX_CM3.lib(rt_cmsis.o)
    0x0800a3c8   0x00000018   Code   RO         5671    i.osTimerStart      RTX_CM3.lib(rt_cmsis.o)
    0x0800a3e0   0x0000002c   Code   RO         5673    i.osTimerThread     RTX_CM3.lib(rt_cmsis.o)
    0x0800a40c   0x00000022   Code   RO         2984    i.os_error          rtx_conf_cm.o
    0x0800a42e   0x00000004   Code   RO         2985    i.os_idle_demon     rtx_conf_cm.o
    0x0800a432   0x00000002   PAD
    0x0800a434   0x00000028   Code   RO         6366    i.os_tick_init      RTX_CM3.lib(rt_system.o)
    0x0800a45c   0x00000002   Code   RO         6367    i.os_tick_irqack    RTX_CM3.lib(rt_system.o)
    0x0800a45e   0x00000002   PAD
    0x0800a460   0x00000010   Code   RO         6368    i.os_tick_ovf       RTX_CM3.lib(rt_system.o)
    0x0800a470   0x00000014   Code   RO         6369    i.os_tick_val       RTX_CM3.lib(rt_system.o)
    0x0800a484   0x000009d8   Code   RO         6967    i.pow               m_ws.l(pow.o)
    0x0800ae5c   0x000000b4   Code   RO         1126    i.readTH            sht11.o
    0x0800af10   0x00000080   Code   RO         1217    i.read_byte         tsl2561.o
    0x0800af90   0x00000090   Code   RO         1127    i.recvByte          sht11.o
    0x0800b020   0x00000050   Code   RO         1128    i.reset             sht11.o
    0x0800b070   0x00000050   Code   RO         1218    i.respons           tsl2561.o
    0x0800b0c0   0x0000001a   Code   RO         6720    i.rt_alloc_box      RTX_CM3.lib(rt_membox.o)
    0x0800b0da   0x0000003e   Code   RO         6748    i.rt_alloc_mem      RTX_CM3.lib(rt_memory.o)
    0x0800b118   0x00000038   Code   RO         6247    i.rt_block          RTX_CM3.lib(rt_task.o)
    0x0800b150   0x00000048   Code   RO         6697    i.rt_chk_robin      RTX_CM3.lib(rt_robin.o)
    0x0800b198   0x00000070   Code   RO         6498    i.rt_dec_dly        RTX_CM3.lib(rt_list.o)
    0x0800b208   0x00000044   Code   RO         6248    i.rt_dispatch       RTX_CM3.lib(rt_task.o)
    0x0800b24c   0x00000006   Code   RO         6664    i.rt_dly_wait       RTX_CM3.lib(rt_time.o)
    0x0800b252   0x00000002   PAD
    0x0800b254   0x00000050   Code   RO         6459    i.rt_evt_psh        RTX_CM3.lib(rt_event.o)
    0x0800b2a4   0x0000002c   Code   RO         6721    i.rt_free_box       RTX_CM3.lib(rt_membox.o)
    0x0800b2d0   0x00000028   Code   RO         6749    i.rt_free_mem       RTX_CM3.lib(rt_memory.o)
    0x0800b2f8   0x00000028   Code   RO         6499    i.rt_get_first      RTX_CM3.lib(rt_list.o)
    0x0800b320   0x00000008   Code   RO         5678    i.rt_id2obj         RTX_CM3.lib(rt_cmsis.o)
    0x0800b328   0x00000048   Code   RO         6249    i.rt_init_context   RTX_CM3.lib(rt_task.o)
    0x0800b370   0x0000001a   Code   RO         6750    i.rt_init_mem       RTX_CM3.lib(rt_memory.o)
    0x0800b38a   0x00000002   PAD
    0x0800b38c   0x00000018   Code   RO         6698    i.rt_init_robin     RTX_CM3.lib(rt_robin.o)
    0x0800b3a4   0x00000080   Code   RO         6775    i.rt_init_stack     RTX_CM3.lib(hal_cm.o)
    0x0800b424   0x00000008   Code   RO         6576    i.rt_mbx_check      RTX_CM3.lib(rt_mailbox.o)
    0x0800b42c   0x0000001a   Code   RO         6577    i.rt_mbx_init       RTX_CM3.lib(rt_mailbox.o)
    0x0800b446   0x00000002   PAD
    0x0800b448   0x000000f0   Code   RO         6578    i.rt_mbx_psh        RTX_CM3.lib(rt_mailbox.o)
    0x0800b538   0x000000b4   Code   RO         6580    i.rt_mbx_wait       RTX_CM3.lib(rt_mailbox.o)
    0x0800b5ec   0x00000044   Code   RO         5679    i.rt_ms2tick        RTX_CM3.lib(rt_cmsis.o)
    0x0800b630   0x00000010   Code   RO         6332    i.rt_mut_init       RTX_CM3.lib(rt_mutex.o)
    0x0800b640   0x000000d8   Code   RO         6333    i.rt_mut_release    RTX_CM3.lib(rt_mutex.o)
    0x0800b718   0x00000078   Code   RO         6334    i.rt_mut_wait       RTX_CM3.lib(rt_mutex.o)
    0x0800b790   0x0000007c   Code   RO         6370    i.rt_pop_req        RTX_CM3.lib(rt_system.o)
    0x0800b80c   0x00000020   Code   RO         6371    i.rt_psh_req        RTX_CM3.lib(rt_system.o)
    0x0800b82c   0x0000005c   Code   RO         6501    i.rt_psq_enq        RTX_CM3.lib(rt_list.o)
    0x0800b888   0x00000048   Code   RO         6502    i.rt_put_dly        RTX_CM3.lib(rt_list.o)
    0x0800b8d0   0x00000036   Code   RO         6503    i.rt_put_prio       RTX_CM3.lib(rt_list.o)
    0x0800b906   0x00000002   PAD
    0x0800b908   0x00000014   Code   RO         6504    i.rt_put_rdy_first  RTX_CM3.lib(rt_list.o)
    0x0800b91c   0x00000034   Code   RO         6505    i.rt_resort_prio    RTX_CM3.lib(rt_list.o)
    0x0800b950   0x00000006   Code   RO         6776    i.rt_ret_val        RTX_CM3.lib(hal_cm.o)
    0x0800b956   0x00000008   Code   RO         6777    i.rt_ret_val2       RTX_CM3.lib(hal_cm.o)
    0x0800b95e   0x00000028   Code   RO         6506    i.rt_rmv_dly        RTX_CM3.lib(rt_list.o)
    0x0800b986   0x00000002   PAD
    0x0800b988   0x00000030   Code   RO         6507    i.rt_rmv_list       RTX_CM3.lib(rt_list.o)
    0x0800b9b8   0x00000034   Code   RO         6625    i.rt_sem_psh        RTX_CM3.lib(rt_semaphore.o)
    0x0800b9ec   0x00000024   Code   RO         6373    i.rt_stk_check      RTX_CM3.lib(rt_system.o)
    0x0800ba10   0x00000028   Code   RO         6250    i.rt_switch_req     RTX_CM3.lib(rt_task.o)
    0x0800ba38   0x000000cc   Code   RO         6251    i.rt_sys_init       RTX_CM3.lib(rt_task.o)
    0x0800bb04   0x00000078   Code   RO         6252    i.rt_sys_start      RTX_CM3.lib(rt_task.o)
    0x0800bb7c   0x00000040   Code   RO         6375    i.rt_systick        RTX_CM3.lib(rt_system.o)
    0x0800bbbc   0x00000012   Code   RO         5680    i.rt_tid2ptcb       RTX_CM3.lib(rt_cmsis.o)
    0x0800bbce   0x00000002   PAD
    0x0800bbd0   0x00000034   Code   RO         5681    i.rt_timer_insert   RTX_CM3.lib(rt_cmsis.o)
    0x0800bc04   0x0000003c   Code   RO         5682    i.rt_timer_remove   RTX_CM3.lib(rt_cmsis.o)
    0x0800bc40   0x00000088   Code   RO         6253    i.rt_tsk_create     RTX_CM3.lib(rt_task.o)
    0x0800bcc8   0x0000017c   Code   RO         6254    i.rt_tsk_delete     RTX_CM3.lib(rt_task.o)
    0x0800be44   0x0000007c   Code   RO         6256    i.rt_tsk_prio       RTX_CM3.lib(rt_task.o)
    0x0800bec0   0x00000010   Code   RO         6257    i.rt_tsk_self       RTX_CM3.lib(rt_task.o)
    0x0800bed0   0x00000084   Code   RO         1129    i.sendByte          sht11.o
    0x0800bf54   0x00000070   Code   RO         1130    i.sht11_start       sht11.o
    0x0800bfc4   0x00000018   Code   RO         2025    i.soilHumMS         soilhum.o
    0x0800bfdc   0x00000080   Code   RO         2026    i.soilHumMS_Thread  soilhum.o
    0x0800c05c   0x0000008c   Code   RO         2027    i.soilHum_Adc_Init  soilhum.o
    0x0800c0e8   0x00000034   Code   RO         2028    i.soilHum_Get_Adc   soilhum.o
    0x0800c11c   0x0000002e   Code   RO         2029    i.soilHum_Get_Adc_Average  soilhum.o
    0x0800c14a   0x00000008   Code   RO         2030    i.soilHum_Init      soilhum.o
    0x0800c152   0x00000002   PAD
    0x0800c154   0x00000038   Code   RO         2270    i.spi_send_byte     ld3320reg_rw.o
    0x0800c18c   0x0000004c   Code   RO         7029    i.sqrt              m_ws.l(sqrt.o)
    0x0800c1d8   0x0000004c   Code   RO         1219    i.stop              tsl2561.o
    0x0800c224   0x00000012   Code   RO         5683    i.svcDelay          RTX_CM3.lib(rt_cmsis.o)
    0x0800c236   0x00000002   PAD
    0x0800c238   0x00000070   Code   RO         5684    i.svcKernelInitialize  RTX_CM3.lib(rt_cmsis.o)
    0x0800c2a8   0x00000048   Code   RO         5686    i.svcKernelStart    RTX_CM3.lib(rt_cmsis.o)
    0x0800c2f0   0x00000038   Code   RO         5687    i.svcKernelSysTick  RTX_CM3.lib(rt_cmsis.o)
    0x0800c328   0x00000024   Code   RO         5689    i.svcMessageCreate  RTX_CM3.lib(rt_cmsis.o)
    0x0800c34c   0x0000003a   Code   RO         5690    i.svcMessageGet     RTX_CM3.lib(rt_cmsis.o)
    0x0800c386   0x0000001c   Code   RO         5692    i.svcMutexCreate    RTX_CM3.lib(rt_cmsis.o)
    0x0800c3a2   0x00000022   Code   RO         5694    i.svcMutexRelease   RTX_CM3.lib(rt_cmsis.o)
    0x0800c3c4   0x0000003a   Code   RO         5695    i.svcMutexWait      RTX_CM3.lib(rt_cmsis.o)
    0x0800c3fe   0x00000002   PAD
    0x0800c400   0x0000006c   Code   RO         5704    i.svcThreadCreate   RTX_CM3.lib(rt_cmsis.o)
    0x0800c46c   0x0000001c   Code   RO         5705    i.svcThreadGetId    RTX_CM3.lib(rt_cmsis.o)
    0x0800c488   0x00000038   Code   RO         5708    i.svcThreadTerminate  RTX_CM3.lib(rt_cmsis.o)
    0x0800c4c0   0x00000018   Code   RO         5710    i.svcTimerCall      RTX_CM3.lib(rt_cmsis.o)
    0x0800c4d8   0x00000038   Code   RO         5711    i.svcTimerCreate    RTX_CM3.lib(rt_cmsis.o)
    0x0800c510   0x00000064   Code   RO         5713    i.svcTimerStart     RTX_CM3.lib(rt_cmsis.o)
    0x0800c574   0x0000005c   Code   RO         5719    i.sysTimerTick      RTX_CM3.lib(rt_cmsis.o)
    0x0800c5d0   0x00000034   Code   RO          412    i.testInit          test.o
    0x0800c604   0x0000004c   Code   RO         1220    i.tsl2561_start     tsl2561.o
    0x0800c650   0x00000018   Code   RO         1907    i.windSpeedMS       windspeed.o
    0x0800c668   0x0000008c   Code   RO         1908    i.windSpeedMS_Thread  windspeed.o
    0x0800c6f4   0x0000008c   Code   RO         1909    i.windSpeed_Adc_Init  windspeed.o
    0x0800c780   0x00000034   Code   RO         1910    i.windSpeed_Get_Adc  windspeed.o
    0x0800c7b4   0x0000002e   Code   RO         1911    i.windSpeed_Get_Adc_Average  windspeed.o
    0x0800c7e2   0x00000008   Code   RO         1912    i.windSpeed_Init    windspeed.o
    0x0800c7ea   0x00000002   PAD
    0x0800c7ec   0x00000074   Code   RO         1221    i.write_byte        tsl2561.o
    0x0800c860   0x0000002c   Code   RO         7106    locale$$code        c_w.l(lc_numeric_c.o)
    0x0800c88c   0x00000062   Code   RO         6914    x$fpl$d2f           fz_ws.l(d2f.o)
    0x0800c8ee   0x00000002   PAD
    0x0800c8f0   0x00000150   Code   RO         6916    x$fpl$dadd          fz_ws.l(daddsub_clz.o)
    0x0800ca40   0x00000010   Code   RO         7108    x$fpl$dcheck1       fz_ws.l(dcheck1.o)
    0x0800ca50   0x00000018   Code   RO         6994    x$fpl$dcmpinf       fz_ws.l(dcmpi.o)
    0x0800ca68   0x000002b0   Code   RO         6923    x$fpl$ddiv          fz_ws.l(ddiv.o)
    0x0800cd18   0x0000005e   Code   RO         6926    x$fpl$dfix          fz_ws.l(dfix.o)
    0x0800cd76   0x0000002e   Code   RO         6931    x$fpl$dflt          fz_ws.l(dflt_clz.o)
    0x0800cda4   0x00000026   Code   RO         6930    x$fpl$dfltu         fz_ws.l(dflt_clz.o)
    0x0800cdca   0x00000002   PAD
    0x0800cdcc   0x00000078   Code   RO         6936    x$fpl$dleqf         fz_ws.l(dleqf.o)
    0x0800ce44   0x00000154   Code   RO         6938    x$fpl$dmul          fz_ws.l(dmul.o)
    0x0800cf98   0x0000009c   Code   RO         6996    x$fpl$dnaninf       fz_ws.l(dnaninf.o)
    0x0800d034   0x0000000c   Code   RO         6998    x$fpl$dretinf       fz_ws.l(dretinf.o)
    0x0800d040   0x0000006c   Code   RO         6940    x$fpl$drleqf        fz_ws.l(drleqf.o)
    0x0800d0ac   0x00000016   Code   RO         6917    x$fpl$drsb          fz_ws.l(daddsub_clz.o)
    0x0800d0c2   0x00000002   PAD
    0x0800d0c4   0x000001cc   Code   RO         7110    x$fpl$dsqrt         fz_ws.l(dsqrt_noumaal.o)
    0x0800d290   0x000001d4   Code   RO         6918    x$fpl$dsub          fz_ws.l(daddsub_clz.o)
    0x0800d464   0x00000056   Code   RO         6942    x$fpl$f2d           fz_ws.l(f2d.o)
    0x0800d4ba   0x00000002   PAD
    0x0800d4bc   0x000000c4   Code   RO         6944    x$fpl$fadd          fz_ws.l(faddsub_clz.o)
    0x0800d580   0x00000018   Code   RO         7112    x$fpl$fcmpinf       fz_ws.l(fcmpi.o)
    0x0800d598   0x00000184   Code   RO         6951    x$fpl$fdiv          fz_ws.l(fdiv.o)
    0x0800d71c   0x00000030   Code   RO         6955    x$fpl$fflt          fz_ws.l(fflt_clz.o)
    0x0800d74c   0x00000026   Code   RO         6954    x$fpl$ffltu         fz_ws.l(fflt_clz.o)
    0x0800d772   0x00000002   PAD
    0x0800d774   0x00000068   Code   RO         7000    x$fpl$fleqf         fz_ws.l(fleqf.o)
    0x0800d7dc   0x00000102   Code   RO         6960    x$fpl$fmul          fz_ws.l(fmul.o)
    0x0800d8de   0x0000008c   Code   RO         7002    x$fpl$fnaninf       fz_ws.l(fnaninf.o)
    0x0800d96a   0x0000000a   Code   RO         7004    x$fpl$fretinf       fz_ws.l(fretinf.o)
    0x0800d974   0x00000062   Code   RO         6962    x$fpl$frleqf        fz_ws.l(frleqf.o)
    0x0800d9d6   0x00000002   PAD
    0x0800d9d8   0x000000ea   Code   RO         6946    x$fpl$fsub          fz_ws.l(faddsub_clz.o)
    0x0800dac2   0x00000004   Code   RO         6964    x$fpl$printf1       fz_ws.l(printf1.o)
    0x0800dac6   0x00000064   Code   RO         7177    x$fpl$retnan        fz_ws.l(retnan.o)
    0x0800db2a   0x0000005c   Code   RO         7006    x$fpl$scalbn        fz_ws.l(scalbn.o)
    0x0800db86   0x00000030   Code   RO         7208    x$fpl$trapveneer    fz_ws.l(trapv.o)
    0x0800dbb6   0x00000000   Code   RO         7008    x$fpl$usenofp       fz_ws.l(usenofp.o)
    0x0800dbb6   0x00000002   PAD
    0x0800dbb8   0x00000004   Data   RO          335    .constdata          syssupport.o
    0x0800dbbc   0x00000010   Data   RO          469    .constdata          key&tips.o
    0x0800dbcc   0x0000005a   Data   RO          558    .constdata          wirelesstrans_usart.o
    0x0800dc26   0x00002892   Data   RO          655    .constdata          gui_1.44.o
    0x080104b8   0x00000044   Data   RO          808    .constdata          lcd_1.44.o
    0x080104fc   0x00000db8   Data   RO          967    .constdata          led_array.o
    0x080112b4   0x00000010   Data   RO         1131    .constdata          sht11.o
    0x080112c4   0x00000010   Data   RO         1222    .constdata          tsl2561.o
    0x080112d4   0x00000010   Data   RO         1321    .constdata          bmp180.o
    0x080112e4   0x00000010   Data   RO         1518    .constdata          sensorsim.o
    0x080112f4   0x00000010   Data   RO         1583    .constdata          keyboard.o
    0x08011304   0x00000010   Data   RO         1644    .constdata          sensor_rt.o
    0x08011314   0x00000010   Data   RO         1685    .constdata          sensor_rain.o
    0x08011324   0x00000010   Data   RO         1745    .constdata          rc522_function.o
    0x08011334   0x00000010   Data   RO         1913    .constdata          windspeed.o
    0x08011344   0x00000010   Data   RO         1972    .constdata          contentco2.o
    0x08011354   0x00000010   Data   RO         2031    .constdata          soilhum.o
    0x08011364   0x00000010   Data   RO         2097    .constdata          ld3320.o
    0x08011374   0x0000008c   Data   RO         2197    .constdata          ld3320chip.o
    0x08011400   0x00000040   Data   RO         2315    .constdata          ledspray.o
    0x08011440   0x00000024   Data   RO         2406    .constdata          ledgrow.o
    0x08011464   0x00000024   Data   RO         2477    .constdata          exair.o
    0x08011488   0x00000010   Data   RO         2554    .constdata          airwarming.o
    0x08011498   0x00000020   Data   RO         2655    .constdata          sourcetog.o
    0x080114b8   0x00000104   Data   RO         2763    .constdata          usart_stm32f10x.o
    0x080115bc   0x00000068   Data   RO         2987    .constdata          rtx_conf_cm.o
    0x08011624   0x00000028   Data   RO         6851    .constdata          c_w.l(_printf_hex_int.o)
    0x0801164c   0x00000011   Data   RO         6881    .constdata          c_w.l(__printf_flags_wp.o)
    0x0801165d   0x00000003   PAD
    0x08011660   0x00000088   Data   RO         6968    .constdata          m_ws.l(pow.o)
    0x080116e8   0x00000008   Data   RO         7027    .constdata          m_ws.l(qnan.o)
    0x080116f0   0x00000094   Data   RO         7081    .constdata          c_w.l(bigflt0.o)
    0x08011784   0x0000001b   Data   RO          559    .conststring        wirelesstrans_usart.o
    0x0801179f   0x00000001   PAD
    0x080117a0   0x00000051   Data   RO          809    .conststring        lcd_1.44.o
    0x080117f1   0x00000003   PAD
    0x080117f4   0x00000041   Data   RO         1322    .conststring        bmp180.o
    0x08011835   0x00000003   PAD
    0x08011838   0x00000020   Data   RO         7246    Region$$Table       anon$$obj.o
    0x08011858   0x0000001c   Data   RO         7105    locale$$data        c_w.l(lc_numeric_c.o)


    Execution Region RW_IRAM1 (Base: 0x20000000, Size: 0x0000a808, Max: 0x0000c000, ABSOLUTE, COMPRESSED[0x000000cc])

    Base Addr    Size         Type   Attr      Idx    E Section Name        Object

    0x20000000   0x000000a0   Data   RW          299    .data               bsp.o
    0x200000a0   0x00000004   Data   RW          336    .data               syssupport.o
    0x200000a4   0x00000019   Data   RW          470    .data               key&tips.o
    0x200000bd   0x00000003   PAD
    0x200000c0   0x00000014   Data   RW          560    .data               wirelesstrans_usart.o
    0x200000d4   0x00000010   Data   RW          810    .data               lcd_1.44.o
    0x200000e4   0x00000009   Data   RW          968    .data               led_array.o
    0x200000ed   0x00000003   PAD
    0x200000f0   0x00000018   Data   RW         1132    .data               sht11.o
    0x20000108   0x00000010   Data   RW         1223    .data               tsl2561.o
    0x20000118   0x00000028   Data   RW         1323    .data               bmp180.o
    0x20000140   0x00000008   Data   RW         1519    .data               sensorsim.o
    0x20000148   0x00000008   Data   RW         1584    .data               keyboard.o
    0x20000150   0x00000008   Data   RW         1645    .data               sensor_rt.o
    0x20000158   0x00000008   Data   RW         1686    .data               sensor_rain.o
    0x20000160   0x00000008   Data   RW         1746    .data               rc522_function.o
    0x20000168   0x0000000c   Data   RW         1914    .data               windspeed.o
    0x20000174   0x00000008   Data   RW         1973    .data               contentco2.o
    0x2000017c   0x00000008   Data   RW         2032    .data               soilhum.o
    0x20000184   0x00000006   Data   RW         2098    .data               ld3320.o
    0x2000018a   0x00000002   Data   RW         2198    .data               ld3320chip.o
    0x2000018c   0x0000001b   Data   RW         2316    .data               ledspray.o
    0x200001a7   0x00000001   PAD
    0x200001a8   0x0000000d   Data   RW         2407    .data               ledgrow.o
    0x200001b5   0x00000003   PAD
    0x200001b8   0x0000000d   Data   RW         2478    .data               exair.o
    0x200001c5   0x00000003   PAD
    0x200001c8   0x0000000d   Data   RW         2555    .data               airwarming.o
    0x200001d5   0x00000003   PAD
    0x200001d8   0x00000010   Data   RW         2656    .data               sourcetog.o
    0x200001e8   0x00000014   Data   RW         2988    .data               rtx_conf_cm.o
    0x200001fc   0x00000010   Data   RW         3077    .data               can_stm32f10x.o
    0x2000020c   0x00000014   Data   RW         4232    .data               stm32f10x_rcc.o
    0x20000220   0x00000014   Data   RW         5586    .data               system_stm32f10x.o
    0x20000234   0x00000008   Data   RW         5722    .data               RTX_CM3.lib(rt_cmsis.o)
    0x2000023c   0x00000008   Data   RW         6259    .data               RTX_CM3.lib(rt_task.o)
    0x20000244   0x00000008   Data   RW         6378    .data               RTX_CM3.lib(rt_system.o)
    0x2000024c   0x00000004   Data   RW         6668    .data               RTX_CM3.lib(rt_time.o)
    0x20000250   0x00000008   Data   RW         6699    .data               RTX_CM3.lib(rt_robin.o)
    0x20000258   0x00000001   Data   RW         6778    .data               RTX_CM3.lib(hal_cm.o)
    0x20000259   0x00000003   PAD
    0x2000025c   0x00000010   Zero   RW          334    .bss                syssupport.o
    0x2000026c   0x0000007c   Zero   RW          557    .bss                wirelesstrans_usart.o
    0x200002e8   0x0000000e   Zero   RW          807    .bss                lcd_1.44.o
    0x200002f6   0x00000002   PAD
    0x200002f8   0x00000160   Zero   RW          966    .bss                led_array.o
    0x20000458   0x00000070   Zero   RW         2762    .bss                usart_stm32f10x.o
    0x200004c8   0x00009c78   Zero   RW         2986    .bss                rtx_conf_cm.o
    0x2000a140   0x00000034   Zero   RW         6258    .bss                RTX_CM3.lib(rt_task.o)
    0x2000a174   0x00000030   Zero   RW         6508    .bss                RTX_CM3.lib(rt_list.o)
    0x2000a1a4   0x00000060   Zero   RW         6833    .bss                c_w.l(libspace.o)
    0x2000a204   0x00000004   PAD
    0x2000a208   0x00000200   Zero   RW         5573    HEAP                startup_stm32f10x_hd.o
    0x2000a408   0x00000400   Zero   RW         5572    STACK               startup_stm32f10x_hd.o


==============================================================================

Image component sizes


      Code (inc. data)   RO Data    RW Data    ZI Data      Debug   Object Name

      1002        142         16         13          0       8962   airwarming.o
        96         12          0          0          0        984   beep.o
      1014        162         81         40          0       5968   bmp180.o
       728        128          0          0          0      16410   bmp180_iic.o
        88         12          0        160          0       1428   bsp.o
       900         60          0         16          0       9619   can_stm32f10x.o
       418         74         16          8          0       4365   contentco2.o
        88         22          0          0          0        947   delay.o
       368         50          0          0          0      12235   dma_stm32f10x.o
       830        114         36         13          0       5585   exair.o
       744         76          0          0          0       3409   gpio_stm32f10x.o
      1620         68      10386          0          0       7687   gui_1.44.o
      1892        398         16         25          0       4432   key&tips.o
       986        138         16          8          0       4678   keyboard.o
      2136        264        149         16         14      13652   lcd_1.44.o
      1166        256         16          6          0       7777   ld3320.o
       950         38        140          2          0       5412   ld3320chip.o
       176         24          0          0          0       1731   ld3320reg_rw.o
      3210        184       3512          9        352      14914   led_array.o
       810        102         36         13          0       5684   ledgrow.o
      1492        162         64         27          0       8308   ledspray.o
       112         12          0          0          0       1164   misc.o
       216         20          0          0          0       1029   rc522_config.o
      1264         78         16          8          0       9799   rc522_function.o
       170         38        104         20      40056       9883   rtx_conf_cm.o
       168         58         16          8          0       2300   sensor_rain.o
       168         52         16          8          0       2249   sensor_rt.o
       450         80         16          8          0       4655   sensorsim.o
      1266        222         16         24          0       7176   sht11.o
       398         64         16          8          0       4214   soilhum.o
       698        132         32         16          0       5631   sourcetog.o
        64         26        304          0       1536        828   startup_stm32f10x_hd.o
       486         24          0          0          0       9198   stm32f10x_adc.o
       228         28          0          0          0       3468   stm32f10x_exti.o
       522         10          0          0          0       6112   stm32f10x_gpio.o
        20          0          0          0          0       2525   stm32f10x_it.o
       376         56          0         20          0       7035   stm32f10x_rcc.o
       112          0          0          0          0       4162   stm32f10x_spi.o
       526         62          0          0          0       5855   stm32f10x_tim.o
       470         28          0          0          0       4577   stm32f10x_usart.o
         4          4          0          0          0        204   svc_table.o
        24         10          4          4         16       1091   syssupport.o
       328         28          0         20          0       2329   system_stm32f10x.o
        52          4          0          0          0        471   test.o
      1126        156         16         16          0      10034   tsl2561.o
      5246        252        260          0        112      62184   usart_stm32f10x.o
        24          0          0          0          0     287857   usrmain.o
       410         68         16         12          0       4348   windspeed.o
       928        206        117         20        124       7814   wirelesstrans_usart.o

    ----------------------------------------------------------------------
     36648       4204      15472        564      42212     612379   Object Totals
         0          0         32          0          0          0   (incl. Generated)
        78          0          7         16          2          0   (incl. Padding)

    ----------------------------------------------------------------------

      Code (inc. data)   RO Data    RW Data    ZI Data      Debug   Library Member Name

       238         24          0          1          0       3312   hal_cm.o
       304         36          0          0          0        768   hal_cm3.o
      1752        212          0          8          0      42027   rt_cmsis.o
        80          4          0          0          0        661   rt_event.o
       530         34          0          0         48       8253   rt_list.o
       554         10          0          0          0       3949   rt_mailbox.o
       140          0          0          0          0       1925   rt_membox.o
       128          0          0          0          0       2307   rt_memory.o
       352         14          0          0          0       2105   rt_mutex.o
        96         22          0          8          0       1158   rt_robin.o
        52          4          0          0          0        573   rt_semaphore.o
       334         64          0          8          0       7091   rt_system.o
      1216        174          0          8         52       9649   rt_task.o
         6          0          0          4          0        652   rt_time.o
        90          0          0          0          0          0   __dczerorl2.o
         8          0          0          0          0         68   __main.o
       312          4         17          0          0         92   __printf_flags_wp.o
        14          0          0          0          0         68   __printf_wp.o
         0          0          0          0          0          0   __rtentry.o
        20          0          0          0          0          0   __rtentry2.o
         6          0          0          0          0          0   __rtentry4.o
        52          8          0          0          0          0   __scatter.o
        28          0          0          0          0          0   __scatter_zi.o
        48          6          0          0          0         96   _printf_char_common.o
         6          0          0          0          0          0   _printf_d.o
       120         16          0          0          0         92   _printf_dec.o
         6          0          0          0          0          0   _printf_f.o
      1050          0          0          0          0        216   _printf_fp_dec.o
       128         16          0          0          0         84   _printf_fp_infnan.o
        88          4         40          0          0         88   _printf_hex_int.o
       178          0          0          0          0         88   _printf_intcommon.o
        78          0          0          0          0        108   _printf_pad.o
         0          0          0          0          0          0   _printf_percent.o
         4          0          0          0          0          0   _printf_percent_end.o
         6          0          0          0          0          0   _printf_x.o
        22          0          0          0          0        100   _rserrno.o
        10          0          0          0          0         68   _sputc.o
       220          4        148          0          0         96   bigflt0.o
      1910        128          0          0          0        672   btod.o
        18          0          0          0          0         80   exit.o
         6          0          0          0          0        152   heapauxi.o
         0          0          0          0          0          0   indicate_semi.o
        44         10         28          0          0         76   lc_numeric_c.o
         2          0          0          0          0          0   libinit.o
        18          0          0          0          0          0   libinit2.o
         2          0          0          0          0          0   libshutdown.o
         2          0          0          0          0          0   libshutdown2.o
         8          4          0          0         96         68   libspace.o
       138          0          0          0          0         80   lludiv10.o
       238          0          0          0          0        100   lludivv7m.o
        40          6          0          0          0         84   noretval__2sprintf.o
         4          0          0          0          0         68   rt_errno_addr_twolibspace.o
        10          0          0          0          0         76   rt_locale_twolibspace.o
        68          0          0          0          0         68   rt_memclr.o
        78          0          0          0          0         80   rt_memclr_w.o
       138          0          0          0          0         68   rt_memcpy_v6.o
       100          0          0          0          0         80   rt_memcpy_w.o
         2          0          0          0          0          0   rtexit.o
        10          0          0          0          0          0   rtexit2.o
        24          0          0          0          0         68   strcat.o
       128          0          0          0          0         68   strcmpv7m.o
        72          0          0          0          0         80   strcpy.o
        62          0          0          0          0         76   strlen.o
        12          4          0          0          0         68   sys_exit.o
        74          0          0          0          0         80   sys_stackheap_outer.o
         2          0          0          0          0         68   use_no_semi.o
        98          4          0          0          0         92   d2f.o
       826         16          0          0          0        348   daddsub_clz.o
        16          4          0          0          0         68   dcheck1.o
        24          0          0          0          0         68   dcmpi.o
       688        140          0          0          0        208   ddiv.o
        94          4          0          0          0         92   dfix.o
        84          0          0          0          0        136   dflt_clz.o
       120          4          0          0          0         92   dleqf.o
       340         12          0          0          0        104   dmul.o
       156          4          0          0          0         92   dnaninf.o
        12          0          0          0          0         68   dretinf.o
       108          0          0          0          0         80   drleqf.o
       460         56          0          0          0        120   dsqrt_noumaal.o
        86          4          0          0          0         84   f2d.o
       430          8          0          0          0        168   faddsub_clz.o
        24          0          0          0          0         68   fcmpi.o
       388         76          0          0          0         96   fdiv.o
        86          0          0          0          0        136   fflt_clz.o
       104          4          0          0          0         84   fleqf.o
       258          4          0          0          0         84   fmul.o
       140          4          0          0          0         84   fnaninf.o
        10          0          0          0          0         68   fretinf.o
        98          0          0          0          0         68   frleqf.o
         4          0          0          0          0         68   printf1.o
       100          0          0          0          0         68   retnan.o
        92          0          0          0          0         68   scalbn.o
        48          0          0          0          0         68   trapv.o
         0          0          0          0          0          0   usenofp.o
        62         10          0          0          0        340   dunder.o
        40          0          0          0          0         68   fpclassify.o
       170          0          0          0          0         96   poly.o
      2520        190        136          0          0        324   pow.o
         0          0          8          0          0          0   qnan.o
        76          0          0          0          0         84   sqrt.o

    ----------------------------------------------------------------------
     19296       1352        380         40        200      91646   Library Totals
        48          0          3          3          4          0   (incl. Padding)

    ----------------------------------------------------------------------

      Code (inc. data)   RO Data    RW Data    ZI Data      Debug   Library Name

      5782        598          0         37        100      84430   RTX_CM3.lib
      5704        210        233          0         96       3524   c_w.l
      4894        344          0          0          0       2780   fz_ws.l
      2868        200        144          0          0        912   m_ws.l

    ----------------------------------------------------------------------
     19296       1352        380         40        200      91646   Library Totals

    ----------------------------------------------------------------------

==============================================================================


      Code (inc. data)   RO Data    RW Data    ZI Data      Debug   

     55944       5556      15852        604      42412     676045   Grand Totals
     55944       5556      15852        204      42412     676045   ELF Image Totals (compressed)
     55944       5556      15852        204          0          0   ROM Totals

==============================================================================

    Total RO  Size (Code + RO Data)                71796 (  70.11kB)
    Total RW  Size (RW Data + ZI Data)             43016 (  42.01kB)
    Total ROM Size (Code + RO Data + RW Data)      72000 (  70.31kB)

==============================================================================

